
test_registers_only (__main__.T.test_registers_only) ... ERROR

======================================================================
ERROR: test_registers_only (__main__.T.test_registers_only)
----------------------------------------------------------------------
Traceback (most recent call last):
  File "C:\APR2\llm_repair\updated_tests\issue_671_test.py", line 7, in test_registers_only
    ns = runpy.run_path(os.environ["MUT"])
         ^^^^^^^^^^^^^^^^^^^^^^^^^^^^^^^^^
  File "<frozen runpy>", line 291, in run_path
  File "<frozen runpy>", line 98, in _run_module_code
  File "<frozen runpy>", line 88, in _run_code
  File "C:\APR2\APR_code_gen\Part2_Create_test\reconstructed_cases\issue_671\buggy.py", line 11, in <module>
    c = QuantumCircuit(a, v, b)
        ^^^^^^^^^^^^^^^^^^^^^^^
  File "C:\qiskit_envs\q120\Lib\site-packages\qiskit\circuit\quantumcircuit.py", line 1129, in __init__
    self.add_register(*regs)
  File "C:\qiskit_envs\q120\Lib\site-packages\qiskit\circuit\quantumcircuit.py", line 3040, in add_register
    self.add_bits(register)
  File "C:\qiskit_envs\q120\Lib\site-packages\qiskit\circuit\quantumcircuit.py", line 3062, in add_bits
    raise CircuitError(
qiskit.circuit.exceptions.CircuitError: "Expected an instance of Qubit, Clbit, or AncillaQubit, but was passed QuantumRegister(2, 'v0')"

----------------------------------------------------------------------
Ran 1 test in 2.066s

FAILED (errors=1)
