
test_reconstructed_hamiltonian_and_exact_evolution (__main__.Regression) ... ERROR

======================================================================
ERROR: test_reconstructed_hamiltonian_and_exact_evolution (__main__.Regression)
----------------------------------------------------------------------
Traceback (most recent call last):
  File "C:\APR2\APR_code_gen\Part2_Create_test\reconstructed_cases\issue_889\test.py", line 23, in test_reconstructed_hamiltonian_and_exact_evolution
    m = target()
  File "C:\APR2\APR_code_gen\Part2_Create_test\reconstructed_cases\issue_889\test.py", line 15, in target
    namespace = runpy.run_path(os.environ.get("MUT", str(Path(__file__).with_name("fixed.py"))))
  File "C:\Users\User\AppData\Local\Programs\Python\Python39\lib\runpy.py", line 288, in run_path
    return _run_module_code(code, init_globals, run_name,
  File "C:\Users\User\AppData\Local\Programs\Python\Python39\lib\runpy.py", line 97, in _run_module_code
    _run_code(code, mod_globals, init_globals,
  File "C:\Users\User\AppData\Local\Programs\Python\Python39\lib\runpy.py", line 87, in _run_code
    exec(code, run_globals)
  File "C:\APR2\llm_repair\llm_fixes\issue_889\llm_luna6_fix.py", line 5, in <module>
    from qiskit.circuit.library import PauliEvolutionGate
ImportError: cannot import name 'PauliEvolutionGate' from 'qiskit.circuit.library' (C:\qiskit_envs\q0252\lib\site-packages\qiskit\circuit\library\__init__.py)

----------------------------------------------------------------------
Ran 1 test in 1.985s

FAILED (errors=1)
