
test_batch_order_and_two_qubit_outcomes (__main__.Regression) ... C:\qiskit_envs\q0252\lib\site-packages\qiskit\providers\aer\backends\qasm_simulator.py:329: PendingDeprecationWarning: The `QasmSimulator` backend will be deprecated in the future. It has been superseded by the `AerSimulator` backend.
  warn('The `QasmSimulator` backend will be deprecated in the'
C:\qiskit_envs\q0252\lib\site-packages\mpmath\ctx_mp.py:35: DeprecationWarning: mpnumeric is deprecated
  warnings.warn(f"{name} is deprecated", DeprecationWarning)
C:\qiskit_envs\q0252\lib\site-packages\mpmath\rational.py:4: DeprecationWarning: the rational private module is deprecated
  warnings.warn("the rational private module is deprecated",
ERROR
test_multiple_circuits_return_separate_histograms (__main__.Regression) ... C:\qiskit_envs\q0252\lib\site-packages\qiskit\providers\aer\backends\qasm_simulator.py:329: PendingDeprecationWarning: The `QasmSimulator` backend will be deprecated in the future. It has been superseded by the `AerSimulator` backend.
  warn('The `QasmSimulator` backend will be deprecated in the'
ERROR

======================================================================
ERROR: test_batch_order_and_two_qubit_outcomes (__main__.Regression)
----------------------------------------------------------------------
Traceback (most recent call last):
  File "C:\APR2\APR_code_gen\Part2_Create_test\reconstructed_cases\issue_803\test.py", line 33, in test_batch_order_and_two_qubit_outcomes
    m = target()
  File "C:\APR2\APR_code_gen\Part2_Create_test\reconstructed_cases\issue_803\test.py", line 15, in target
    namespace = runpy.run_path(os.environ.get("MUT", str(Path(__file__).with_name("fixed.py"))))
  File "C:\Users\User\AppData\Local\Programs\Python\Python39\lib\runpy.py", line 288, in run_path
    return _run_module_code(code, init_globals, run_name,
  File "C:\Users\User\AppData\Local\Programs\Python\Python39\lib\runpy.py", line 97, in _run_module_code
    _run_code(code, mod_globals, init_globals,
  File "C:\Users\User\AppData\Local\Programs\Python\Python39\lib\runpy.py", line 87, in _run_code
    exec(code, run_globals)
  File "C:\APR2\APR_code_gen\Part2_Create_test\reconstructed_cases\issue_803\buggy.py", line 29, in <module>
    print(qc.run(thetas))
  File "C:\APR2\APR_code_gen\Part2_Create_test\reconstructed_cases\issue_803\buggy.py", line 21, in run
    counts = np.array(list(result.values()))
AttributeError: 'list' object has no attribute 'values'

======================================================================
ERROR: test_multiple_circuits_return_separate_histograms (__main__.Regression)
----------------------------------------------------------------------
Traceback (most recent call last):
  File "C:\APR2\APR_code_gen\Part2_Create_test\reconstructed_cases\issue_803\test.py", line 21, in test_multiple_circuits_return_separate_histograms
    m = target()
  File "C:\APR2\APR_code_gen\Part2_Create_test\reconstructed_cases\issue_803\test.py", line 15, in target
    namespace = runpy.run_path(os.environ.get("MUT", str(Path(__file__).with_name("fixed.py"))))
  File "C:\Users\User\AppData\Local\Programs\Python\Python39\lib\runpy.py", line 288, in run_path
    return _run_module_code(code, init_globals, run_name,
  File "C:\Users\User\AppData\Local\Programs\Python\Python39\lib\runpy.py", line 97, in _run_module_code
    _run_code(code, mod_globals, init_globals,
  File "C:\Users\User\AppData\Local\Programs\Python\Python39\lib\runpy.py", line 87, in _run_code
    exec(code, run_globals)
  File "C:\APR2\APR_code_gen\Part2_Create_test\reconstructed_cases\issue_803\buggy.py", line 29, in <module>
    print(qc.run(thetas))
  File "C:\APR2\APR_code_gen\Part2_Create_test\reconstructed_cases\issue_803\buggy.py", line 21, in run
    counts = np.array(list(result.values()))
AttributeError: 'list' object has no attribute 'values'

----------------------------------------------------------------------
Ran 2 tests in 3.344s

FAILED (errors=2)
