
test_full_sweep_and_modulated_waveforms (__main__.TestPulseFrequencyWorkaround) ... C:\qiskit_envs\q0252\lib\site-packages\mpmath\ctx_mp.py:35: DeprecationWarning: mpnumeric is deprecated
  warnings.warn(f"{name} is deprecated", DeprecationWarning)
C:\qiskit_envs\q0252\lib\site-packages\mpmath\rational.py:4: DeprecationWarning: the rational private module is deprecated
  warnings.warn("the rational private module is deprecated",
C:\qiskit_envs\q0252\lib\site-packages\qiskit\providers\aer\pulse\system_models\string_model_parser\string_model_parser.py:280: DeprecationWarning: Using the `__mul__` operator `A * B` as shorthand for `A.dot(B)` is deprecated as of version 0.17.0 and will be  removed no earlier than 3 months after the release date. As an alternative, use the compose operator `B & A` in place of `A * B` as a replacement.
  stack.append(op1 * op2)
C:\qiskit_envs\q0252\lib\site-packages\qiskit\utils\deprecation.py:56: PendingDeprecationWarning: Using a qobj for run() is deprecated and will be removed in a future release.
  return func(*args, **kwargs)
ERROR

======================================================================
ERROR: test_full_sweep_and_modulated_waveforms (__main__.TestPulseFrequencyWorkaround)
----------------------------------------------------------------------
Traceback (most recent call last):
  File "C:\APR2\APR_code_gen\Part2_Create_test\reconstructed_cases\issue_436\test.py", line 15, in test_full_sweep_and_modulated_waveforms
    m = load_target()
  File "C:\APR2\APR_code_gen\Part2_Create_test\reconstructed_cases\issue_436\test.py", line 9, in load_target
    return runpy.run_path(os.environ.get("MUT", str(Path(__file__).with_name("fixed.py"))), run_name="__main__")
  File "C:\Users\User\AppData\Local\Programs\Python\Python39\lib\runpy.py", line 288, in run_path
    return _run_module_code(code, init_globals, run_name,
  File "C:\Users\User\AppData\Local\Programs\Python\Python39\lib\runpy.py", line 97, in _run_module_code
    _run_code(code, mod_globals, init_globals,
  File "C:\Users\User\AppData\Local\Programs\Python\Python39\lib\runpy.py", line 87, in _run_code
    exec(code, run_globals)
  File "C:\APR2\APR_code_gen\Part2_Create_test\reconstructed_cases\issue_436\buggy.py", line 64, in <module>
    print(spec01_job.result())
  File "C:\qiskit_envs\q0252\lib\site-packages\qiskit\providers\aer\aerjob.py", line 43, in _wrapper
    return func(self, *args, **kwargs)
  File "C:\qiskit_envs\q0252\lib\site-packages\qiskit\providers\aer\aerjob.py", line 102, in result
    return self._future.result(timeout=timeout)
  File "C:\Users\User\AppData\Local\Programs\Python\Python39\lib\concurrent\futures\_base.py", line 439, in result
    return self.__get_result()
  File "C:\Users\User\AppData\Local\Programs\Python\Python39\lib\concurrent\futures\_base.py", line 391, in __get_result
    raise self._exception
  File "C:\Users\User\AppData\Local\Programs\Python\Python39\lib\concurrent\futures\thread.py", line 58, in run
    result = self.fn(*self.args, **self.kwargs)
  File "C:\qiskit_envs\q0252\lib\site-packages\qiskit\providers\aer\backends\aerbackend.py", line 265, in _run
    output = self._execute(qobj)
  File "C:\qiskit_envs\q0252\lib\site-packages\qiskit\providers\aer\backends\pulse_simulator.py", line 276, in _execute
    return pulse_controller(qobj)
  File "C:\qiskit_envs\q0252\lib\site-packages\qiskit\providers\aer\pulse\controllers\pulse_controller.py", line 110, in pulse_controller
    digested_qobj = digest_pulse_qobj(qobj,
  File "C:\qiskit_envs\q0252\lib\site-packages\qiskit\providers\aer\pulse\controllers\digest_pulse_qobj.py", line 120, in digest_pulse_qobj
    exp_struct = experiment_to_structs(exp,
  File "C:\qiskit_envs\q0252\lib\site-packages\qiskit\providers\aer\pulse\controllers\digest_pulse_qobj.py", line 358, in experiment_to_structs
    pulse_int = pulse_to_int[inst['name']]
KeyError: 'setf'

----------------------------------------------------------------------
Ran 1 test in 2.178s

FAILED (errors=1)
