
test_actual_sampled_probability (__main__.TestIntent.test_actual_sampled_probability) ... C:\qiskit_envs\q0462\Lib\site-packages\qiskit\utils\algorithm_globals.py:20: DeprecationWarning: Accessing 'parallel' from 'qiskit.tools' is deprecated since Qiskit 0.46.0 and will be removed in Qiskit 1.0.0. Import from 'qiskit.utils.parallel' instead 
  from qiskit.tools import parallel
C:\qiskit_envs\q0462\Lib\site-packages\qiskit\utils\parallel.py:58: DeprecationWarning: qiskit.tools.events is deprecated and will be removed in Qiskit 1.0.0
  from qiskit.tools.events.pubsub import Publisher
C:\qiskit_envs\q0462\Lib\site-packages\qiskit\utils\algorithm_globals.py:20: DeprecationWarning: 'qiskit.tools.parallel' is deprecated and is now located at 'qiskit.utils.parallel'. This path will no longer work in Qiskit 1.0.0
  from qiskit.tools import parallel
C:\qiskit_envs\q0462\Lib\site-packages\qiskit\utils\algorithm_globals.py:178: DeprecationWarning: The class ``qiskit.utils.algorithm_globals.QiskitAlgorithmGlobals`` is deprecated as of qiskit 0.45.0. It will be removed in the Qiskit 1.0 release. This algorithm utility has been migrated to an independent package: https://github.com/qiskit-community/qiskit-algorithms. You can run ``pip install qiskit_algorithms`` and import ``from qiskit_algorithms.utils`` instead. 
  algorithm_globals = QiskitAlgorithmGlobals()
C:\qiskit_envs\q0462\Lib\site-packages\qiskit\utils\algorithm_globals.py:50: DeprecationWarning: The property ``qiskit.utils.algorithm_globals.QiskitAlgorithmGlobals.num_processes`` is deprecated as of qiskit 0.45.0. It will be removed in the Qiskit 1.0 release. This algorithm utility belongs to a legacy workflow and has no replacement.
  self.num_processes = settings.get("num_processes", QiskitAlgorithmGlobals.CPU_COUNT)
C:\qiskit_envs\q0462\Lib\site-packages\qiskit\utils\algorithm_globals.py:125: DeprecationWarning: The property ``qiskit.utils.algorithm_globals.QiskitAlgorithmGlobals.num_processes`` is deprecated as of qiskit 0.45.0. It will be removed in the Qiskit 1.0 release. This algorithm utility belongs to a legacy workflow and has no replacement.
  parallel.CPU_COUNT = self.num_processes
C:\qiskit_envs\q0462\Lib\site-packages\qiskit\converters\ast_to_dag.py:23: DeprecationWarning: The `qiskit.qasm` has been deprecated and superseded by the `qiskit.qasm2` module. `qiskit.qasm` will be removed in the Qiskit 1.0.0 release.
  from qiskit.qasm.node.real import Real
C:\APR2\llm_repair\llm_fixes\issue_600\llm_fix.py:66: DeprecationWarning: The 'qiskit.Aer' entry point is deprecated and will be removed in Qiskit 1.0. You should use 'qiskit_aer.Aer' directly instead.
  backend = Aer.get_backend('qasm_simulator')
C:\qiskit_envs\q0462\Lib\site-packages\qiskit_aer\backends\qasm_simulator.py:435: PendingDeprecationWarning: The `QasmSimulator` backend will be deprecated in the future. It has been superseded by the `AerSimulator` backend.
  warn(
C:\qiskit_envs\q0462\Lib\site-packages\qiskit\opflow\state_fns\circuit_state_fn.py:20: DeprecationWarning: BasicAer is deprecated since Qiskit 0.46 and will be removed in Qiskit 1.0. The BasicAer (qiskit.providers.basicaer) module has been superseded by  qiskit.providers.basic_provider, and all its classes have been renamed to follow a new naming convention. More information and migration guidelines can be found in the 0.46 API docs for BasicAer.
  from qiskit import (  # pylint: disable=no-name-in-module
C:\qiskit_envs\q0462\Lib\site-packages\qiskit\providers\basicaer\__init__.py:164: DeprecationWarning: The class ``qiskit.providers.basicaer.basicaerprovider.BasicAerProvider`` is deprecated as of qiskit 0.46.0. It will be removed in Qiskit 1.0.0. The qiskit.providers.basicaer module has been superseded by qiskit.providers.basic_provider, and all its classes have been renamed to follow a new naming convention. Use the new qiskit.providers.basic_provider.BasicProvider class instead.
  BasicAer = BasicAerProvider()
C:\qiskit_envs\q0462\Lib\site-packages\qiskit\providers\basicaer\basicaerprovider.py:129: DeprecationWarning: The class ``qiskit.providers.basicaer.qasm_simulator.QasmSimulatorPy`` is deprecated as of qiskit 0.46.0. It will be removed in Qiskit 1.0.0. The qiskit.providers.basicaer module has been superseded by qiskit.providers.basic_provider. Use the new qiskit.providers.basic_provider.BasicSimulator class instead.
  backend_instance = backend_cls(provider=self)
C:\qiskit_envs\q0462\Lib\site-packages\qiskit\providers\basicaer\basicaerprovider.py:129: DeprecationWarning: The class ``qiskit.providers.basicaer.statevector_simulator.StatevectorSimulatorPy`` is deprecated as of qiskit 0.46.0. It will be removed in Qiskit 1.0.0. The qiskit.providers.basicaer module has been superseded by qiskit.providers.basic_provider. The new module has no replacement for this class. Use the qiskit.quantum_info.Statevector class instead.
  backend_instance = backend_cls(provider=self)
C:\qiskit_envs\q0462\Lib\site-packages\qiskit\providers\basicaer\statevector_simulator.py:97: DeprecationWarning: The class ``qiskit.providers.basicaer.qasm_simulator.QasmSimulatorPy`` is deprecated as of qiskit 0.46.0. It will be removed in Qiskit 1.0.0. The qiskit.providers.basicaer module has been superseded by qiskit.providers.basic_provider. Use the new qiskit.providers.basic_provider.BasicSimulator class instead.
  super().__init__(
C:\qiskit_envs\q0462\Lib\site-packages\qiskit\providers\basicaer\basicaerprovider.py:129: DeprecationWarning: The class ``qiskit.providers.basicaer.unitary_simulator.UnitarySimulatorPy`` is deprecated as of qiskit 0.46.0. It will be removed in Qiskit 1.0.0. The qiskit.providers.basicaer module has been superseded by qiskit.providers.basic_provider. The new module has no replacement for this class. Use the qiskit.quantum_info.Operator class instead.
  backend_instance = backend_cls(provider=self)
C:\qiskit_envs\q0462\Lib\site-packages\qiskit\circuit\library\pauli_evolution.py:157: DeprecationWarning: The ``qiskit.opflow`` module is deprecated as of qiskit-terra 0.24.0. It will be removed in Qiskit 1.0. For code migration guidelines, visit https://qisk.it/opflow_migration.
  from qiskit.opflow import PauliSumOp, PauliOp
C:\APR2\llm_repair\llm_fixes\issue_600\llm_fix.py:56: DeprecationWarning: The function ``qiskit.execute_function.execute()`` is deprecated as of qiskit 0.46.0. It will be removed in the Qiskit 1.0 release. This function combines ``transpile`` and ``backend.run``, which is covered by ``Sampler`` :mod:`~qiskit.primitives`. Alternatively, you can also run :func:`.transpile` followed by ``backend.run()``.
  job = execute(qc, self.backend, shots=self.shots)
ok
test_parameterized_pauli_powers_up_to_global_phase (__main__.TestIntent.test_parameterized_pauli_powers_up_to_global_phase) ... ok

----------------------------------------------------------------------
Ran 2 tests in 3.174s

OK
