
test_registered_qubits_and_real_sampling (__main__.TestIntent.test_registered_qubits_and_real_sampling) ... C:\qiskit_envs\q0461\Lib\site-packages\qiskit\utils\algorithm_globals.py:20: DeprecationWarning: Accessing 'parallel' from 'qiskit.tools' is deprecated since Qiskit 0.46.0 and will be removed in Qiskit 1.0.0. Import from 'qiskit.utils.parallel' instead 
  from qiskit.tools import parallel
C:\qiskit_envs\q0461\Lib\site-packages\qiskit\utils\parallel.py:56: DeprecationWarning: qiskit.tools.events is deprecated and will be removed in Qiskit 1.0.0
  from qiskit.tools.events.pubsub import Publisher
C:\qiskit_envs\q0461\Lib\site-packages\qiskit\utils\algorithm_globals.py:20: DeprecationWarning: 'qiskit.tools.parallel' is deprecated and is now located at 'qiskit.utils.parallel'. This path will no longer work in Qiskit 1.0.0
  from qiskit.tools import parallel
C:\qiskit_envs\q0461\Lib\site-packages\qiskit\utils\algorithm_globals.py:178: DeprecationWarning: The class ``qiskit.utils.algorithm_globals.QiskitAlgorithmGlobals`` is deprecated as of qiskit 0.45.0. It will be removed in the Qiskit 1.0 release. This algorithm utility has been migrated to an independent package: https://github.com/qiskit-community/qiskit-algorithms. You can run ``pip install qiskit_algorithms`` and import ``from qiskit_algorithms.utils`` instead. 
  algorithm_globals = QiskitAlgorithmGlobals()
C:\qiskit_envs\q0461\Lib\site-packages\qiskit\utils\algorithm_globals.py:50: DeprecationWarning: The property ``qiskit.utils.algorithm_globals.QiskitAlgorithmGlobals.num_processes`` is deprecated as of qiskit 0.45.0. It will be removed in the Qiskit 1.0 release. This algorithm utility belongs to a legacy workflow and has no replacement.
  self.num_processes = settings.get("num_processes", QiskitAlgorithmGlobals.CPU_COUNT)
C:\qiskit_envs\q0461\Lib\site-packages\qiskit\utils\algorithm_globals.py:125: DeprecationWarning: The property ``qiskit.utils.algorithm_globals.QiskitAlgorithmGlobals.num_processes`` is deprecated as of qiskit 0.45.0. It will be removed in the Qiskit 1.0 release. This algorithm utility belongs to a legacy workflow and has no replacement.
  parallel.CPU_COUNT = self.num_processes
C:\qiskit_envs\q0461\Lib\site-packages\qiskit\converters\ast_to_dag.py:23: DeprecationWarning: The `qiskit.qasm` has been deprecated and superseded by the `qiskit.qasm2` module. `qiskit.qasm` will be removed in the Qiskit 1.0.0 release.
  from qiskit.qasm.node.real import Real
ERROR

======================================================================
ERROR: test_registered_qubits_and_real_sampling (__main__.TestIntent.test_registered_qubits_and_real_sampling)
----------------------------------------------------------------------
Traceback (most recent call last):
  File "C:\APR2\APR_code_gen\Part2_Create_test\reconstructed_cases\issue_504\test.py", line 41, in test_registered_qubits_and_real_sampling
    ns, submissions = observed_target()
                      ^^^^^^^^^^^^^^^^^
  File "C:\APR2\APR_code_gen\Part2_Create_test\reconstructed_cases\issue_504\test.py", line 36, in observed_target
    ns = runpy.run_path(MUT)
         ^^^^^^^^^^^^^^^^^^^
  File "<frozen runpy>", line 291, in run_path
  File "<frozen runpy>", line 98, in _run_module_code
  File "<frozen runpy>", line 88, in _run_code
  File "C:\APR2\APR_code_gen\Part2_Create_test\reconstructed_cases\issue_504\buggy.py", line 60, in <module>
    result = grover(marked_state)
             ^^^^^^^^^^^^^^^^^^^^
  File "C:\APR2\APR_code_gen\Part2_Create_test\reconstructed_cases\issue_504\buggy.py", line 34, in grover
    circuit.h(QuantumRegister(n))
  File "C:\qiskit_envs\q0461\Lib\site-packages\qiskit\circuit\quantumcircuit.py", line 2915, in h
    return self.append(HGate(), [qubit], [])
           ^^^^^^^^^^^^^^^^^^^^^^^^^^^^^^^^^
  File "C:\qiskit_envs\q0461\Lib\site-packages\qiskit\circuit\quantumcircuit.py", line 1279, in append
    expanded_qargs = [self.qbit_argument_conversion(qarg) for qarg in qargs or []]
                     ^^^^^^^^^^^^^^^^^^^^^^^^^^^^^^^^^^^^^^^^^^^^^^^^^^^^^^^^^^^^^
  File "C:\qiskit_envs\q0461\Lib\site-packages\qiskit\circuit\quantumcircuit.py", line 1279, in <listcomp>
    expanded_qargs = [self.qbit_argument_conversion(qarg) for qarg in qargs or []]
                      ^^^^^^^^^^^^^^^^^^^^^^^^^^^^^^^^^^^
  File "C:\qiskit_envs\q0461\Lib\site-packages\qiskit\circuit\quantumcircuit.py", line 1150, in qbit_argument_conversion
    return _bit_argument_conversion(
           ^^^^^^^^^^^^^^^^^^^^^^^^^
  File "C:\qiskit_envs\q0461\Lib\site-packages\qiskit\circuit\quantumcircuit.py", line 5633, in _bit_argument_conversion
    return [
           ^
  File "C:\qiskit_envs\q0461\Lib\site-packages\qiskit\circuit\quantumcircuit.py", line 5634, in <listcomp>
    _bit_argument_conversion_scalar(index, bit_sequence, bit_set, type_)
  File "C:\qiskit_envs\q0461\Lib\site-packages\qiskit\circuit\quantumcircuit.py", line 5650, in _bit_argument_conversion_scalar
    raise CircuitError(f"Bit '{specifier}' is not in the circuit.")
qiskit.circuit.exceptions.CircuitError: "Bit 'Qubit(QuantumRegister(3, 'q3'), 0)' is not in the circuit."

----------------------------------------------------------------------
Ran 1 test in 6.999s

FAILED (errors=1)
