
test_fidelity_matches_independent_uniform_state (__main__.Regression.test_fidelity_matches_independent_uniform_state) ... C:\qiskit_envs\q121\Lib\site-packages\qiskit\providers\fake_provider\fake_backend.py:22: DeprecationWarning: qiskit.providers.models is deprecated since Qiskit 1.2 and will be removed in Qiskit 2.0. With the removal of Qobj, there is no need for these schema-conformant objects. If you still need to use them, it could be because you are using a BackendV1, which is also deprecated in favor of BackendV2.
  from qiskit.providers.models import BackendProperties
C:\qiskit_envs\q121\Lib\site-packages\qiskit\qobj\pulse_qobj.py:576: DeprecationWarning: The class ``qiskit.qobj.pulse_qobj.PulseLibraryItem`` is deprecated as of qiskit 1.2. It will be removed in the 2.0 release. The `Qobj` class and related functionality are part of the deprecated `BackendV1` workflow,  and no longer necessary for `BackendV2`. If a user workflow requires `Qobj` it likely relies on deprecated functionality and should be updated to use `BackendV2`.
  return cls(**data)
C:\qiskit_envs\q121\Lib\site-packages\qiskit\qobj\pulse_qobj.py:273: DeprecationWarning: The class ``qiskit.qobj.pulse_qobj.PulseQobjInstruction`` is deprecated as of qiskit 1.2. It will be removed in the 2.0 release. The `Qobj` class and related functionality are part of the deprecated `BackendV1` workflow,  and no longer necessary for `BackendV2`. If a user workflow requires `Qobj` it likely relies on deprecated functionality and should be updated to use `BackendV2`.
  return cls(data["name"], data["t0"], **in_data)
Simulation failed and returned the following error message:
ERROR:  [Experiment 0] Insufficient memory to run circuit QFT using the density_matrix simulator. Required memory: 18446744073709551615M, max memory: 16024M
ERROR
test_real_noisy_density_matrix_is_physical (__main__.Regression.test_real_noisy_density_matrix_is_physical) ... C:\qiskit_envs\q121\Lib\site-packages\qiskit\qobj\pulse_qobj.py:576: DeprecationWarning: The class ``qiskit.qobj.pulse_qobj.PulseLibraryItem`` is deprecated as of qiskit 1.2. It will be removed in the 2.0 release. The `Qobj` class and related functionality are part of the deprecated `BackendV1` workflow,  and no longer necessary for `BackendV2`. If a user workflow requires `Qobj` it likely relies on deprecated functionality and should be updated to use `BackendV2`.
  return cls(**data)
C:\qiskit_envs\q121\Lib\site-packages\qiskit\qobj\pulse_qobj.py:273: DeprecationWarning: The class ``qiskit.qobj.pulse_qobj.PulseQobjInstruction`` is deprecated as of qiskit 1.2. It will be removed in the 2.0 release. The `Qobj` class and related functionality are part of the deprecated `BackendV1` workflow,  and no longer necessary for `BackendV2`. If a user workflow requires `Qobj` it likely relies on deprecated functionality and should be updated to use `BackendV2`.
  return cls(data["name"], data["t0"], **in_data)
Simulation failed and returned the following error message:
ERROR:  [Experiment 0] Insufficient memory to run circuit QFT using the density_matrix simulator. Required memory: 18446744073709551615M, max memory: 16024M
ERROR

======================================================================
ERROR: test_fidelity_matches_independent_uniform_state (__main__.Regression.test_fidelity_matches_independent_uniform_state)
----------------------------------------------------------------------
Traceback (most recent call last):
  File "C:\qiskit_envs\q121\Lib\site-packages\qiskit\result\result.py", line 108, in __getattr__
    return self._metadata[name]
           ~~~~~~~~~~~~~~^^^^^^
KeyError: 'get_density_matrix'

The above exception was the direct cause of the following exception:

Traceback (most recent call last):
  File "C:\APR2\APR_code_gen\Part2_Create_test\reconstructed_cases\issue_876\test.py", line 31, in test_fidelity_matches_independent_uniform_state
    m = target()
        ^^^^^^^^
  File "C:\APR2\APR_code_gen\Part2_Create_test\reconstructed_cases\issue_876\test.py", line 15, in target
    namespace = runpy.run_path(os.environ.get("MUT", str(Path(__file__).with_name("fixed.py"))))
                ^^^^^^^^^^^^^^^^^^^^^^^^^^^^^^^^^^^^^^^^^^^^^^^^^^^^^^^^^^^^^^^^^^^^^^^^^^^^^^^^
  File "<frozen runpy>", line 291, in run_path
  File "<frozen runpy>", line 98, in _run_module_code
  File "<frozen runpy>", line 88, in _run_code
  File "C:\APR2\llm_repair\llm_fixes\issue_876\llm_luna6_fix.py", line 24, in <module>
    statevector_real = job_real.result().get_density_matrix()
                       ^^^^^^^^^^^^^^^^^^^^^^^^^^^^^^^^^^^^
  File "C:\qiskit_envs\q121\Lib\site-packages\qiskit\result\result.py", line 110, in __getattr__
    raise AttributeError(f"Attribute {name} is not defined") from ex
AttributeError: Attribute get_density_matrix is not defined

======================================================================
ERROR: test_real_noisy_density_matrix_is_physical (__main__.Regression.test_real_noisy_density_matrix_is_physical)
----------------------------------------------------------------------
Traceback (most recent call last):
  File "C:\qiskit_envs\q121\Lib\site-packages\qiskit\result\result.py", line 108, in __getattr__
    return self._metadata[name]
           ~~~~~~~~~~~~~~^^^^^^
KeyError: 'get_density_matrix'

The above exception was the direct cause of the following exception:

Traceback (most recent call last):
  File "C:\APR2\APR_code_gen\Part2_Create_test\reconstructed_cases\issue_876\test.py", line 21, in test_real_noisy_density_matrix_is_physical
    m = target()
        ^^^^^^^^
  File "C:\APR2\APR_code_gen\Part2_Create_test\reconstructed_cases\issue_876\test.py", line 15, in target
    namespace = runpy.run_path(os.environ.get("MUT", str(Path(__file__).with_name("fixed.py"))))
                ^^^^^^^^^^^^^^^^^^^^^^^^^^^^^^^^^^^^^^^^^^^^^^^^^^^^^^^^^^^^^^^^^^^^^^^^^^^^^^^^
  File "<frozen runpy>", line 291, in run_path
  File "<frozen runpy>", line 98, in _run_module_code
  File "<frozen runpy>", line 88, in _run_code
  File "C:\APR2\llm_repair\llm_fixes\issue_876\llm_luna6_fix.py", line 24, in <module>
    statevector_real = job_real.result().get_density_matrix()
                       ^^^^^^^^^^^^^^^^^^^^^^^^^^^^^^^^^^^^
  File "C:\qiskit_envs\q121\Lib\site-packages\qiskit\result\result.py", line 110, in __getattr__
    raise AttributeError(f"Attribute {name} is not defined") from ex
AttributeError: Attribute get_density_matrix is not defined

----------------------------------------------------------------------
Ran 2 tests in 23.573s

FAILED (errors=2)
