TOUR_COLUMN_NORMS [(273, 22.627416997969522), (161, 22.627416997969522), (266, 22.627416997969522), (98, 22.627416997969522), (140, 22.627416997969522), (84, 22.627416997969522)]

test_constructed_qaoa_circuits (__main__.TestIntent) ... C:\qiskit_envs\q0250\lib\site-packages\mpmath\ctx_mp.py:35: DeprecationWarning: mpnumeric is deprecated
  warnings.warn(f"{name} is deprecated", DeprecationWarning)
C:\qiskit_envs\q0250\lib\site-packages\mpmath\rational.py:4: DeprecationWarning: the rational private module is deprecated
  warnings.warn("the rational private module is deprecated",
C:\qiskit_envs\q0250\lib\site-packages\docplex\mp\utils.py:48: DeprecationWarning: `np.bool` is a deprecated alias for the builtin `bool`. To silence this warning, use `bool` by itself. Doing this will not modify any behavior and is safe. If you specifically wanted the numpy scalar type, use `np.bool_` here.
Deprecated in NumPy 1.20; for more details and guidance: https://numpy.org/devdocs/release/1.20.0-notes.html#deprecations
  __int_types.add(numpy.bool)
C:\qiskit_envs\q0250\lib\site-packages\qiskit\optimization\__init__.py:92: DeprecationWarning: The package qiskit.optimization is deprecated. It was moved/refactored to qiskit_optimization (pip install qiskit-optimization). For more information see <https://github.com/Qiskit/qiskit-aqua/blob/master/README.md#migration-guide>
  warn_package('optimization', 'qiskit_optimization', 'qiskit-optimization')
C:\qiskit_envs\q0250\lib\site-packages\qiskit\optimization\applications\ising\tsp.py:67: DeprecationWarning: The variable qiskit.aqua.aqua_globals is deprecated. It was moved/refactored to qiskit.utils.aqua_globals (pip install qiskit-terra). For more information see <https://github.com/Qiskit/qiskit-aqua/blob/master/README.md#migration-guide>
  aqua_globals.random_seed = seed
C:\qiskit_envs\q0250\lib\site-packages\qiskit\optimization\applications\ising\tsp.py:207: DeprecationWarning: The package qiskit.aqua.operators is deprecated. It was moved/refactored to qiskit.opflow (pip install qiskit-terra). For more information see <https://github.com/Qiskit/qiskit-aqua/blob/master/README.md#migration-guide>
  return WeightedPauliOperator(paulis=pauli_list), shift
C:\qiskit_envs\q0250\lib\site-packages\qiskit\providers\aer\backends\qasm_simulator.py:329: PendingDeprecationWarning: The `QasmSimulator` backend will be deprecated in the future. It has been superseded by the `AerSimulator` backend.
  warn('The `QasmSimulator` backend will be deprecated in the'
C:\qiskit_envs\q0250\lib\site-packages\qiskit\aqua\quantum_instance.py:135: DeprecationWarning: The class qiskit.aqua.QuantumInstance is deprecated. It was moved/refactored to qiskit.utils.QuantumInstance (pip install qiskit-terra). For more information see <https://github.com/Qiskit/qiskit-aqua/blob/master/README.md#migration-guide>
  warn_class('aqua.QuantumInstance',
C:\qiskit_envs\q0250\lib\site-packages\qiskit\providers\ibmq\api\clients\websocket.py:27: DeprecationWarning: websockets.client.WebSocketClientProtocol is deprecated
  from websockets.client import WebSocketClientProtocol
C:\qiskit_envs\q0250\lib\site-packages\websockets\legacy\__init__.py:6: DeprecationWarning: websockets.legacy is deprecated; see https://websockets.readthedocs.io/en/stable/howto/upgrade.html for upgrade instructions
  warnings.warn(  # deprecated in 14.0 - 2024-11-09
C:\qiskit_envs\q0250\lib\site-packages\qiskit\quantum_info\operators\symplectic\pauli.py:185: DeprecationWarning: Initializing Pauli from `Pauli(z=z, x=x)` kwargs is deprecated as of version 0.17.0 and will be removed no earlier than 3 months after the release date. Use tuple initialization `Pauli((z, x))` instead.
  base_z, base_x, base_phase = self._from_array_deprecated(z, x)
C:\qiskit_envs\q0250\lib\site-packages\qiskit\aqua\components\optimizers\optimizer.py:49: DeprecationWarning: The package qiskit.aqua.components.optimizers is deprecated. It was moved/refactored to qiskit.algorithms.optimizers (pip install qiskit-terra). For more information see <https://github.com/Qiskit/qiskit-aqua/blob/master/README.md#migration-guide>
  warn_package('aqua.components.optimizers',
C:\qiskit_envs\q0250\lib\site-packages\qiskit\aqua\algorithms\vq_algorithm.py:70: DeprecationWarning: The class qiskit.aqua.algorithms.VQAlgorithm is deprecated. It was moved/refactored to qiskit.algorithms.VariationalAlgorithm (pip install qiskit-terra). For more information see <https://github.com/Qiskit/qiskit-aqua/blob/master/README.md#migration-guide>
  warn_class('aqua.algorithms.VQAlgorithm',
C:\qiskit_envs\q0250\lib\site-packages\qiskit\aqua\components\variational_forms\variational_form.py:48: DeprecationWarning: The package qiskit.aqua.components.variational_forms is deprecated. For more information see <https://github.com/Qiskit/qiskit-aqua/blob/master/README.md#migration-guide>
  warn_package('aqua.components.variational_forms')
ok
test_mixer_hermitian_and_tour_preserving (__main__.TestIntent) ... ok

----------------------------------------------------------------------
Ran 2 tests in 38.800s

OK
