
test_complete_mapping_and_controlled_permutation (__main__.TestControlledSubcircuit) ... ERROR

======================================================================
ERROR: test_complete_mapping_and_controlled_permutation (__main__.TestControlledSubcircuit)
----------------------------------------------------------------------
Traceback (most recent call last):
  File "C:\APR2\APR_code_gen\Part2_Create_test\reconstructed_cases\issue_369\test.py", line 14, in test_complete_mapping_and_controlled_permutation
    m = load_target()
  File "C:\APR2\APR_code_gen\Part2_Create_test\reconstructed_cases\issue_369\test.py", line 9, in load_target
    return runpy.run_path(os.environ.get("MUT", str(Path(__file__).with_name("fixed.py"))), run_name="__main__")
  File "C:\Users\User\AppData\Local\Programs\Python\Python39\lib\runpy.py", line 288, in run_path
    return _run_module_code(code, init_globals, run_name,
  File "C:\Users\User\AppData\Local\Programs\Python\Python39\lib\runpy.py", line 97, in _run_module_code
    _run_code(code, mod_globals, init_globals,
  File "C:\Users\User\AppData\Local\Programs\Python\Python39\lib\runpy.py", line 87, in _run_code
    exec(code, run_globals)
  File "C:\APR2\APR_code_gen\Part2_Create_test\reconstructed_cases\issue_369\buggy.py", line 21, in <module>
    circ.compose(csub, [i], inplace=True)
  File "C:\qiskit_envs\q0251\lib\site-packages\qiskit\circuit\quantumcircuit.py", line 718, in compose
    raise CircuitError("Number of items in qubits parameter does not"
qiskit.circuit.exceptions.CircuitError: 'Number of items in qubits parameter does not match number of qubits in the circuit.'

----------------------------------------------------------------------
Ran 1 test in 1.649s

FAILED (errors=1)
