
test_all_four_boolean_oracles (__main__.TestIntent.test_all_four_boolean_oracles) ... ERROR

======================================================================
ERROR: test_all_four_boolean_oracles (__main__.TestIntent.test_all_four_boolean_oracles)
----------------------------------------------------------------------
Traceback (most recent call last):
  File "C:\APR2\APR_code_gen\Part2_Create_test\reconstructed_cases\issue_295\test.py", line 23, in test_all_four_boolean_oracles
    ns = load_target()
         ^^^^^^^^^^^^^
  File "C:\APR2\APR_code_gen\Part2_Create_test\reconstructed_cases\issue_295\test.py", line 14, in load_target
    return runpy.run_path(MUT)
           ^^^^^^^^^^^^^^^^^^^
  File "<frozen runpy>", line 291, in run_path
  File "<frozen runpy>", line 98, in _run_module_code
  File "<frozen runpy>", line 88, in _run_code
  File "C:\APR2\APR_code_gen\Part2_Create_test\reconstructed_cases\issue_295\buggy.py", line 37, in <module>
    circuit = deutsch_circuit(constant_oracle())
              ^^^^^^^^^^^^^^^^^^^^^^^^^^^^^^^^^^
  File "C:\APR2\APR_code_gen\Part2_Create_test\reconstructed_cases\issue_295\buggy.py", line 13, in deutsch_circuit
    circuit += oracle
TypeError: unsupported operand type(s) for +=: 'QuantumCircuit' and 'QuantumCircuit'

----------------------------------------------------------------------
Ran 1 test in 0.008s

FAILED (errors=1)
