
test_allocate_reuse_and_all_basis_inputs (__main__.TestAutomaticAncillas.test_allocate_reuse_and_all_basis_inputs) ... ERROR
test_entry_point_and_clean_ancillas (__main__.TestAutomaticAncillas.test_entry_point_and_clean_ancillas) ... ERROR

======================================================================
ERROR: test_allocate_reuse_and_all_basis_inputs (__main__.TestAutomaticAncillas.test_allocate_reuse_and_all_basis_inputs)
----------------------------------------------------------------------
Traceback (most recent call last):
  File "C:\APR2\APR_code_gen\Part2_Create_test\reconstructed_cases\issue_453\test.py", line 23, in test_allocate_reuse_and_all_basis_inputs
    m=load_target()
      ^^^^^^^^^^^^^
  File "C:\APR2\APR_code_gen\Part2_Create_test\reconstructed_cases\issue_453\test.py", line 9, in load_target
    return runpy.run_path(os.environ.get("MUT", str(Path(__file__).with_name("fixed.py"))), run_name="__main__")
           ^^^^^^^^^^^^^^^^^^^^^^^^^^^^^^^^^^^^^^^^^^^^^^^^^^^^^^^^^^^^^^^^^^^^^^^^^^^^^^^^^^^^^^^^^^^^^^^^^^^^^
  File "<frozen runpy>", line 291, in run_path
  File "<frozen runpy>", line 98, in _run_module_code
  File "<frozen runpy>", line 88, in _run_code
  File "C:\APR2\APR_code_gen\Part2_Create_test\reconstructed_cases\issue_453\buggy.py", line 20, in <module>
    circ.compose(qc1, [0, 1, 2, 3], inplace=True)
  File "C:\qiskit_envs\q120\Lib\site-packages\qiskit\circuit\quantumcircuit.py", line 1938, in compose
    raise CircuitError(
qiskit.circuit.exceptions.CircuitError: "Trying to compose with another QuantumCircuit which has more 'in' edges."

======================================================================
ERROR: test_entry_point_and_clean_ancillas (__main__.TestAutomaticAncillas.test_entry_point_and_clean_ancillas)
----------------------------------------------------------------------
Traceback (most recent call last):
  File "C:\APR2\APR_code_gen\Part2_Create_test\reconstructed_cases\issue_453\test.py", line 14, in test_entry_point_and_clean_ancillas
    m=load_target()
      ^^^^^^^^^^^^^
  File "C:\APR2\APR_code_gen\Part2_Create_test\reconstructed_cases\issue_453\test.py", line 9, in load_target
    return runpy.run_path(os.environ.get("MUT", str(Path(__file__).with_name("fixed.py"))), run_name="__main__")
           ^^^^^^^^^^^^^^^^^^^^^^^^^^^^^^^^^^^^^^^^^^^^^^^^^^^^^^^^^^^^^^^^^^^^^^^^^^^^^^^^^^^^^^^^^^^^^^^^^^^^^
  File "<frozen runpy>", line 291, in run_path
  File "<frozen runpy>", line 98, in _run_module_code
  File "<frozen runpy>", line 88, in _run_code
  File "C:\APR2\APR_code_gen\Part2_Create_test\reconstructed_cases\issue_453\buggy.py", line 20, in <module>
    circ.compose(qc1, [0, 1, 2, 3], inplace=True)
  File "C:\qiskit_envs\q120\Lib\site-packages\qiskit\circuit\quantumcircuit.py", line 1938, in compose
    raise CircuitError(
qiskit.circuit.exceptions.CircuitError: "Trying to compose with another QuantumCircuit which has more 'in' edges."

----------------------------------------------------------------------
Ran 2 tests in 1.042s

FAILED (errors=2)
