
test_controlled_powers_either_control_order (__main__.T.test_controlled_powers_either_control_order) ... ERROR

======================================================================
ERROR: test_controlled_powers_either_control_order (__main__.T.test_controlled_powers_either_control_order)
----------------------------------------------------------------------
Traceback (most recent call last):
  File "C:\APR2\llm_repair\updated_tests\issue_189_test.py", line 10, in test_controlled_powers_either_control_order
    ns = runpy.run_path(os.environ["MUT"])
         ^^^^^^^^^^^^^^^^^^^^^^^^^^^^^^^^^
  File "<frozen runpy>", line 291, in run_path
  File "<frozen runpy>", line 98, in _run_module_code
  File "<frozen runpy>", line 88, in _run_code
  File "C:\APR2\APR_code_gen\Part2_Create_test\reconstructed_cases\issue_189\buggy.py", line 25, in <module>
    qpe.append(Q, qp)
  File "C:\qiskit_envs\q0462\Lib\site-packages\qiskit\circuit\quantumcircuit.py", line 1290, in append
    for qarg, carg in operation.broadcast_arguments(expanded_qargs, expanded_cargs):
                      ^^^^^^^^^^^^^^^^^^^^^^^^^^^^^^^^^^^^^^^^^^^^^^^^^^^^^^^^^^^^^
  File "C:\qiskit_envs\q0462\Lib\site-packages\qiskit\circuit\gate.py", line 210, in broadcast_arguments
    raise CircuitError(
qiskit.circuit.exceptions.CircuitError: 'The amount of qubit(8)/clbit(0) arguments does not match the gate expectation (7).'

----------------------------------------------------------------------
Ran 1 test in 1.055s

FAILED (errors=1)
