
test_noise_model_runs_on_actual_local_aer (__main__.Regression.test_noise_model_runs_on_actual_local_aer) ... C:\qiskit_envs\q0453\Lib\site-packages\qiskit\utils\algorithm_globals.py:170: DeprecationWarning: The class ``qiskit.utils.algorithm_globals.QiskitAlgorithmGlobals`` is deprecated as of qiskit 0.45.0. It will be removed no earlier than 3 months after the release date. This algorithm utility has been migrated to an independent package: https://github.com/qiskit-community/qiskit-algorithms. You can run ``pip install qiskit_algorithms`` and import ``from qiskit_algorithms.utils`` instead. 
  algorithm_globals = QiskitAlgorithmGlobals()
C:\qiskit_envs\q0453\Lib\site-packages\qiskit\utils\algorithm_globals.py:49: DeprecationWarning: The property ``qiskit.utils.algorithm_globals.QiskitAlgorithmGlobals.num_processes`` is deprecated as of qiskit 0.45.0. It will be removed no earlier than 3 months after the release date. This algorithm utility belongs to a legacy workflow and has no replacement.
  self.num_processes = settings.get("num_processes", QiskitAlgorithmGlobals.CPU_COUNT)
C:\qiskit_envs\q0453\Lib\site-packages\qiskit\utils\algorithm_globals.py:120: DeprecationWarning: The property ``qiskit.utils.algorithm_globals.QiskitAlgorithmGlobals.num_processes`` is deprecated as of qiskit 0.45.0. It will be removed no earlier than 3 months after the release date. This algorithm utility belongs to a legacy workflow and has no replacement.
  parallel.CPU_COUNT = self.num_processes
ERROR
test_offline_large_backend_calibration_noise (__main__.Regression.test_offline_large_backend_calibration_noise) ... ERROR

======================================================================
ERROR: test_noise_model_runs_on_actual_local_aer (__main__.Regression.test_noise_model_runs_on_actual_local_aer)
----------------------------------------------------------------------
Traceback (most recent call last):
  File "C:\APR2\APR_code_gen\Part2_Create_test\reconstructed_cases\issue_877\test.py", line 31, in test_noise_model_runs_on_actual_local_aer
    m = target()
        ^^^^^^^^
  File "C:\APR2\APR_code_gen\Part2_Create_test\reconstructed_cases\issue_877\test.py", line 15, in target
    namespace = runpy.run_path(os.environ.get("MUT", str(Path(__file__).with_name("fixed.py"))))
                ^^^^^^^^^^^^^^^^^^^^^^^^^^^^^^^^^^^^^^^^^^^^^^^^^^^^^^^^^^^^^^^^^^^^^^^^^^^^^^^^
  File "<frozen runpy>", line 291, in run_path
  File "<frozen runpy>", line 98, in _run_module_code
  File "<frozen runpy>", line 88, in _run_code
  File "C:\APR2\llm_repair\llm_fixes\issue_877\llm_astra6_fix.py", line 3, in <module>
    from qiskit_ibm_runtime.fake_provider import FakeWashingtonV2
ModuleNotFoundError: No module named 'qiskit_ibm_runtime'

======================================================================
ERROR: test_offline_large_backend_calibration_noise (__main__.Regression.test_offline_large_backend_calibration_noise)
----------------------------------------------------------------------
Traceback (most recent call last):
  File "C:\APR2\APR_code_gen\Part2_Create_test\reconstructed_cases\issue_877\test.py", line 21, in test_offline_large_backend_calibration_noise
    m = target()
        ^^^^^^^^
  File "C:\APR2\APR_code_gen\Part2_Create_test\reconstructed_cases\issue_877\test.py", line 15, in target
    namespace = runpy.run_path(os.environ.get("MUT", str(Path(__file__).with_name("fixed.py"))))
                ^^^^^^^^^^^^^^^^^^^^^^^^^^^^^^^^^^^^^^^^^^^^^^^^^^^^^^^^^^^^^^^^^^^^^^^^^^^^^^^^
  File "<frozen runpy>", line 291, in run_path
  File "<frozen runpy>", line 98, in _run_module_code
  File "<frozen runpy>", line 88, in _run_code
  File "C:\APR2\llm_repair\llm_fixes\issue_877\llm_astra6_fix.py", line 3, in <module>
    from qiskit_ibm_runtime.fake_provider import FakeWashingtonV2
ModuleNotFoundError: No module named 'qiskit_ibm_runtime'

----------------------------------------------------------------------
Ran 2 tests in 1.926s

FAILED (errors=2)
