
test_projector_any_operator_type (__main__.T.test_projector_any_operator_type) ... C:\qiskit_envs\q0460\Lib\site-packages\qiskit\utils\algorithm_globals.py:20: DeprecationWarning: Accessing 'parallel' from 'qiskit.tools' is deprecated since Qiskit 0.46.0 and will be removed in Qiskit 1.0.0. Import from 'qiskit.utils.parallel' instead 
  from qiskit.tools import parallel
C:\qiskit_envs\q0460\Lib\site-packages\qiskit\utils\parallel.py:60: DeprecationWarning: qiskit.tools.events is deprecated and will be removed in Qiskit 1.0.0
  from qiskit.tools.events.pubsub import Publisher
C:\qiskit_envs\q0460\Lib\site-packages\qiskit\utils\algorithm_globals.py:20: DeprecationWarning: 'qiskit.tools.parallel' is deprecated and is now located at 'qiskit.utils.parallel'. This path will no longer work in Qiskit 1.0.0
  from qiskit.tools import parallel
C:\qiskit_envs\q0460\Lib\site-packages\qiskit\utils\algorithm_globals.py:178: DeprecationWarning: The class ``qiskit.utils.algorithm_globals.QiskitAlgorithmGlobals`` is deprecated as of qiskit 0.45.0. It will be removed in the Qiskit 1.0 release. This algorithm utility has been migrated to an independent package: https://github.com/qiskit-community/qiskit-algorithms. You can run ``pip install qiskit_algorithms`` and import ``from qiskit_algorithms.utils`` instead. 
  algorithm_globals = QiskitAlgorithmGlobals()
C:\qiskit_envs\q0460\Lib\site-packages\qiskit\utils\algorithm_globals.py:50: DeprecationWarning: The property ``qiskit.utils.algorithm_globals.QiskitAlgorithmGlobals.num_processes`` is deprecated as of qiskit 0.45.0. It will be removed in the Qiskit 1.0 release. This algorithm utility belongs to a legacy workflow and has no replacement.
  self.num_processes = settings.get("num_processes", QiskitAlgorithmGlobals.CPU_COUNT)
C:\qiskit_envs\q0460\Lib\site-packages\qiskit\utils\algorithm_globals.py:125: DeprecationWarning: The property ``qiskit.utils.algorithm_globals.QiskitAlgorithmGlobals.num_processes`` is deprecated as of qiskit 0.45.0. It will be removed in the Qiskit 1.0 release. This algorithm utility belongs to a legacy workflow and has no replacement.
  parallel.CPU_COUNT = self.num_processes
C:\qiskit_envs\q0460\Lib\site-packages\qiskit\converters\ast_to_dag.py:23: DeprecationWarning: The `qiskit.qasm` has been deprecated and superseded by the `qiskit.qasm2` module. `qiskit.qasm` will be removed in the Qiskit 1.0.0 release.
  from qiskit.qasm.node.real import Real
C:\qiskit_envs\q0460\Lib\site-packages\qiskit\opflow\state_fns\circuit_state_fn.py:20: DeprecationWarning: BasicAer is deprecated since Qiskit 0.46 and will be removed in Qiskit 1.0. The BasicAer (qiskit.providers.basicaer) module has been superseded by  qiskit.providers.basic_provider, and all its classes have been renamed to follow a new naming convention. More information and migration guidelines can be found in the 0.46 API docs for BasicAer.
  from qiskit import (  # pylint: disable=no-name-in-module
C:\qiskit_envs\q0460\Lib\site-packages\qiskit\providers\basicaer\__init__.py:164: DeprecationWarning: The class ``qiskit.providers.basicaer.basicaerprovider.BasicAerProvider`` is deprecated as of qiskit 0.46.0. It will be removed in Qiskit 1.0.0. The qiskit.providers.basicaer module has been superseded by qiskit.providers.basic_provider, and all its classes have been renamed to follow a new naming convention. Use the new qiskit.providers.basic_provider.BasicProvider class instead.
  BasicAer = BasicAerProvider()
C:\qiskit_envs\q0460\Lib\site-packages\qiskit\providers\basicaer\basicaerprovider.py:129: DeprecationWarning: The class ``qiskit.providers.basicaer.qasm_simulator.QasmSimulatorPy`` is deprecated as of qiskit 0.46.0. It will be removed in Qiskit 1.0.0. The qiskit.providers.basicaer module has been superseded by qiskit.providers.basic_provider. Use the new qiskit.providers.basic_provider.BasicSimulator class instead.
  backend_instance = backend_cls(provider=self)
C:\qiskit_envs\q0460\Lib\site-packages\qiskit\providers\basicaer\basicaerprovider.py:129: DeprecationWarning: The class ``qiskit.providers.basicaer.statevector_simulator.StatevectorSimulatorPy`` is deprecated as of qiskit 0.46.0. It will be removed in Qiskit 1.0.0. The qiskit.providers.basicaer module has been superseded by qiskit.providers.basic_provider. The new module has no replacement for this class. Use the qiskit.quantum_info.Statevector class instead.
  backend_instance = backend_cls(provider=self)
C:\qiskit_envs\q0460\Lib\site-packages\qiskit\providers\basicaer\statevector_simulator.py:97: DeprecationWarning: The class ``qiskit.providers.basicaer.qasm_simulator.QasmSimulatorPy`` is deprecated as of qiskit 0.46.0. It will be removed in Qiskit 1.0.0. The qiskit.providers.basicaer module has been superseded by qiskit.providers.basic_provider. Use the new qiskit.providers.basic_provider.BasicSimulator class instead.
  super().__init__(
C:\qiskit_envs\q0460\Lib\site-packages\qiskit\providers\basicaer\basicaerprovider.py:129: DeprecationWarning: The class ``qiskit.providers.basicaer.unitary_simulator.UnitarySimulatorPy`` is deprecated as of qiskit 0.46.0. It will be removed in Qiskit 1.0.0. The qiskit.providers.basicaer module has been superseded by qiskit.providers.basic_provider. The new module has no replacement for this class. Use the qiskit.quantum_info.Operator class instead.
  backend_instance = backend_cls(provider=self)
C:\APR2\llm_repair\llm_fixes\issue_944\llm_luna6_fix.py:4: DeprecationWarning: The ``qiskit.opflow`` module is deprecated as of qiskit-terra 0.24.0. It will be removed in Qiskit 1.0. For code migration guidelines, visit https://qisk.it/opflow_migration.
  from qiskit.opflow import Plus, MatrixOp
C:\APR2\llm_repair\llm_fixes\issue_944\llm_luna6_fix.py:5: DeprecationWarning: ``qiskit.algorithms`` has been migrated to an independent package: https://github.com/qiskit-community/qiskit-algorithms. The ``qiskit.algorithms`` import path is deprecated as of qiskit-terra 0.25.0 and will be removed in Qiskit 1.0. Please run ``pip install qiskit_algorithms`` and use ``import qiskit_algorithms`` instead.
  from qiskit.algorithms import NumPyEigensolver
C:\qiskit_envs\q0460\Lib\site-packages\qiskit\opflow\state_fns\circuit_state_fn.py:177: DeprecationWarning: The class ``qiskit.opflow.state_fns.circuit_state_fn.CircuitStateFn`` is deprecated as of qiskit-terra 0.24.0. It will be removed in the Qiskit 1.0 release. For code migration guidelines, visit https://qisk.it/opflow_migration.
  return CircuitStateFn(
C:\qiskit_envs\q0460\Lib\site-packages\qiskit\opflow\state_fns\circuit_state_fn.py:91: DeprecationWarning: The class ``qiskit.opflow.state_fns.state_fn.StateFn`` is deprecated as of qiskit-terra 0.24.0. It will be removed in the Qiskit 1.0 release. For code migration guidelines, visit https://qisk.it/opflow_migration.
  super().__init__(primitive, coeff=coeff, is_measurement=is_measurement)
C:\qiskit_envs\q0460\Lib\site-packages\qiskit\opflow\state_fns\state_fn.py:144: DeprecationWarning: The class ``qiskit.opflow.operator_base.OperatorBase`` is deprecated as of qiskit-terra 0.24.0. It will be removed in the Qiskit 1.0 release. For code migration guidelines, visit https://qisk.it/opflow_migration.
  super().__init__()
C:\qiskit_envs\q0460\Lib\site-packages\qiskit\opflow\operator_base.py:56: DeprecationWarning: The class ``qiskit.opflow.mixins.star_algebra.StarAlgebraMixin`` is deprecated as of qiskit-terra 0.24.0. It will be removed in the Qiskit 1.0 release. For code migration guidelines, visit https://qisk.it/opflow_migration.
  super().__init__()
C:\qiskit_envs\q0460\Lib\site-packages\qiskit\opflow\state_fns\state_fn.py:265: DeprecationWarning: The class ``qiskit.opflow.state_fns.dict_state_fn.DictStateFn`` is deprecated as of qiskit-terra 0.24.0. It will be removed in the Qiskit 1.0 release. For code migration guidelines, visit https://qisk.it/opflow_migration.
  if self == StateFn({"0": 1}, is_measurement=True):
C:\qiskit_envs\q0460\Lib\site-packages\qiskit\opflow\state_fns\dict_state_fn.py:92: DeprecationWarning: The class ``qiskit.opflow.state_fns.state_fn.StateFn`` is deprecated as of qiskit-terra 0.24.0. It will be removed in the Qiskit 1.0 release. For code migration guidelines, visit https://qisk.it/opflow_migration.
  super().__init__(primitive, coeff=coeff, is_measurement=is_measurement)
C:\qiskit_envs\q0460\Lib\site-packages\qiskit\opflow\state_fns\circuit_state_fn.py:212: DeprecationWarning: The class ``qiskit.opflow.primitive_ops.circuit_op.CircuitOp`` is deprecated as of qiskit-terra 0.24.0. It will be removed in the Qiskit 1.0 release. For code migration guidelines, visit https://qisk.it/opflow_migration.
  return self.compose(CircuitOp(other.primitive)).compose(
C:\qiskit_envs\q0460\Lib\site-packages\qiskit\opflow\primitive_ops\circuit_op.py:68: DeprecationWarning: The class ``qiskit.opflow.primitive_ops.primitive_op.PrimitiveOp`` is deprecated as of qiskit-terra 0.24.0. It will be removed in the Qiskit 1.0 release. For code migration guidelines, visit https://qisk.it/opflow_migration.
  super().__init__(primitive, coeff)
C:\qiskit_envs\q0460\Lib\site-packages\qiskit\opflow\primitive_ops\primitive_op.py:112: DeprecationWarning: The class ``qiskit.opflow.operator_base.OperatorBase`` is deprecated as of qiskit-terra 0.24.0. It will be removed in the Qiskit 1.0 release. For code migration guidelines, visit https://qisk.it/opflow_migration.
  super().__init__()
C:\qiskit_envs\q0460\Lib\site-packages\qiskit\opflow\state_fns\circuit_state_fn.py:195: DeprecationWarning: The class ``qiskit.opflow.primitive_ops.circuit_op.CircuitOp`` is deprecated as of qiskit-terra 0.24.0. It will be removed in the Qiskit 1.0 release. For code migration guidelines, visit https://qisk.it/opflow_migration.
  op_circuit_self = CircuitOp(self.primitive)
C:\qiskit_envs\q0460\Lib\site-packages\qiskit\opflow\state_fns\state_fn.py:252: DeprecationWarning: The class ``qiskit.opflow.state_fns.dict_state_fn.DictStateFn`` is deprecated as of qiskit-terra 0.24.0. It will be removed in the Qiskit 1.0 release. For code migration guidelines, visit https://qisk.it/opflow_migration.
  temp = StateFn(
C:\qiskit_envs\q0460\Lib\site-packages\qiskit\opflow\primitive_ops\circuit_op.py:151: DeprecationWarning: The class ``qiskit.opflow.primitive_ops.circuit_op.CircuitOp`` is deprecated as of qiskit-terra 0.24.0. It will be removed in the Qiskit 1.0 release. For code migration guidelines, visit https://qisk.it/opflow_migration.
  return CircuitOp(new_qc, coeff=new_self.coeff * other.coeff)
C:\qiskit_envs\q0460\Lib\site-packages\qiskit\opflow\state_fns\circuit_state_fn.py:201: DeprecationWarning: The class ``qiskit.opflow.state_fns.circuit_state_fn.CircuitStateFn`` is deprecated as of qiskit-terra 0.24.0. It will be removed in the Qiskit 1.0 release. For code migration guidelines, visit https://qisk.it/opflow_migration.
  return CircuitStateFn(
C:\qiskit_envs\q0460\Lib\site-packages\qiskit\opflow\state_fns\state_fn.py:216: DeprecationWarning: The class ``qiskit.opflow.state_fns.dict_state_fn.DictStateFn`` is deprecated as of qiskit-terra 0.24.0. It will be removed in the Qiskit 1.0 release. For code migration guidelines, visit https://qisk.it/opflow_migration.
  return self.__class__(
C:\qiskit_envs\q0460\Lib\site-packages\qiskit\opflow\state_fns\state_fn.py:270: DeprecationWarning: The class ``qiskit.opflow.state_fns.dict_state_fn.DictStateFn`` is deprecated as of qiskit-terra 0.24.0. It will be removed in the Qiskit 1.0 release. For code migration guidelines, visit https://qisk.it/opflow_migration.
  return self, StateFn("0" * self.num_qubits)
C:\qiskit_envs\q0460\Lib\site-packages\qiskit\opflow\state_fns\circuit_state_fn.py:216: DeprecationWarning: The class ``qiskit.opflow.list_ops.composed_op.ComposedOp`` is deprecated as of qiskit-terra 0.24.0. It will be removed in the Qiskit 1.0 release. For code migration guidelines, visit https://qisk.it/opflow_migration.
  return ComposedOp([new_self, other])
C:\qiskit_envs\q0460\Lib\site-packages\qiskit\opflow\list_ops\composed_op.py:55: DeprecationWarning: The class ``qiskit.opflow.list_ops.list_op.ListOp`` is deprecated as of qiskit-terra 0.24.0. It will be removed in the Qiskit 1.0 release. For code migration guidelines, visit https://qisk.it/opflow_migration.
  super().__init__(oplist, combo_fn=partial(reduce, np.dot), coeff=coeff, abelian=abelian)
C:\qiskit_envs\q0460\Lib\site-packages\qiskit\opflow\list_ops\list_op.py:82: DeprecationWarning: The class ``qiskit.opflow.operator_base.OperatorBase`` is deprecated as of qiskit-terra 0.24.0. It will be removed in the Qiskit 1.0 release. For code migration guidelines, visit https://qisk.it/opflow_migration.
  super().__init__()
C:\APR2\llm_repair\llm_fixes\issue_944\llm_luna6_fix.py:11: DeprecationWarning: The class ``qiskit.algorithms.eigen_solvers.numpy_eigen_solver.NumPyEigensolver`` is deprecated as of qiskit-terra 0.24.0. It will be removed no earlier than 3 months after the release date. Instead, use the class ``qiskit.algorithms.eigensolvers.NumPyEigensolver``. See https://qisk.it/algo_migration for a migration guide.
  solver = NumPyEigensolver()
C:\qiskit_envs\q0460\Lib\site-packages\qiskit\algorithms\eigen_solvers\numpy_eigen_solver.py:76: DeprecationWarning: The function ``qiskit.utils.validation.validate_min()`` is deprecated as of qiskit 0.45.0. It will be removed in the Qiskit 1.0 release. This algorithm utility has been migrated to an independent package: https://github.com/qiskit-community/qiskit-algorithms. You can run ``pip install qiskit_algorithms`` and import ``from qiskit_algorithms.utils`` instead. 
  validate_min("k", k, 1)
C:\qiskit_envs\q0460\Lib\site-packages\qiskit\algorithms\eigen_solvers\numpy_eigen_solver.py:86: DeprecationWarning: The class ``qiskit.algorithms.eigen_solvers.eigen_solver.EigensolverResult`` is deprecated as of qiskit 0.24.0. It will be removed no earlier than 3 months after the release date. Instead, use the class ``qiskit.algorithms.eigensolvers.EigensolverResult``. See https://qisk.it/algo_migration for a migration guide.
  self._ret = EigensolverResult()
C:\APR2\llm_repair\llm_fixes\issue_944\llm_luna6_fix.py:13: DeprecationWarning: The class ``qiskit.opflow.primitive_ops.matrix_op.MatrixOp`` is deprecated as of qiskit-terra 0.24.0. It will be removed in the Qiskit 1.0 release. For code migration guidelines, visit https://qisk.it/opflow_migration.
  spectrum = solver.compute_eigenvalues(MatrixOp(plus.data))
C:\qiskit_envs\q0460\Lib\site-packages\qiskit\opflow\primitive_ops\matrix_op.py:77: DeprecationWarning: The class ``qiskit.opflow.primitive_ops.primitive_op.PrimitiveOp`` is deprecated as of qiskit-terra 0.24.0. It will be removed in the Qiskit 1.0 release. For code migration guidelines, visit https://qisk.it/opflow_migration.
  super().__init__(primitive, coeff=coeff)
C:\qiskit_envs\q0460\Lib\site-packages\qiskit\opflow\primitive_ops\primitive_op.py:112: DeprecationWarning: The class ``qiskit.opflow.operator_base.OperatorBase`` is deprecated as of qiskit-terra 0.24.0. It will be removed in the Qiskit 1.0 release. For code migration guidelines, visit https://qisk.it/opflow_migration.
  super().__init__()
C:\qiskit_envs\q0460\Lib\site-packages\qiskit\opflow\operator_base.py:56: DeprecationWarning: The class ``qiskit.opflow.mixins.star_algebra.StarAlgebraMixin`` is deprecated as of qiskit-terra 0.24.0. It will be removed in the Qiskit 1.0 release. For code migration guidelines, visit https://qisk.it/opflow_migration.
  super().__init__()
C:\qiskit_envs\q0460\Lib\site-packages\qiskit\algorithms\eigen_solvers\eigen_solver.py:68: DeprecationWarning: The class ``qiskit.algorithms.eigen_solvers.eigen_solver.EigensolverResult`` is deprecated as of qiskit 0.24.0. It will be removed no earlier than 3 months after the release date. Instead, use the class ``qiskit.algorithms.eigensolvers.EigensolverResult``. See https://qisk.it/algo_migration for a migration guide.
  return EigensolverResult()
C:\qiskit_envs\q0460\Lib\site-packages\qiskit\opflow\primitive_ops\primitive_op.py:174: DeprecationWarning: The class ``qiskit.opflow.primitive_ops.pauli_op.PauliOp`` is deprecated as of qiskit-terra 0.24.0. It will be removed in the Qiskit 1.0 release. For code migration guidelines, visit https://qisk.it/opflow_migration.
  temp = PrimitiveOp(self.primitive, coeff=self.coeff)  # type: OperatorBase
C:\qiskit_envs\q0460\Lib\site-packages\qiskit\opflow\primitive_ops\pauli_op.py:56: DeprecationWarning: The class ``qiskit.opflow.primitive_ops.primitive_op.PrimitiveOp`` is deprecated as of qiskit-terra 0.24.0. It will be removed in the Qiskit 1.0 release. For code migration guidelines, visit https://qisk.it/opflow_migration.
  super().__init__(primitive, coeff=coeff)
C:\qiskit_envs\q0460\Lib\site-packages\qiskit\opflow\primitive_ops\primitive_op.py:163: DeprecationWarning: The class ``qiskit.opflow.primitive_ops.pauli_op.PauliOp`` is deprecated as of qiskit-terra 0.24.0. It will be removed in the Qiskit 1.0 release. For code migration guidelines, visit https://qisk.it/opflow_migration.
  return self.__class__(self.primitive, coeff=self.coeff * scalar)
C:\qiskit_envs\q0460\Lib\site-packages\qiskit\algorithms\eigen_solvers\numpy_eigen_solver.py:237: DeprecationWarning: The class ``qiskit.algorithms.eigen_solvers.eigen_solver.EigensolverResult`` is deprecated as of qiskit 0.24.0. It will be removed no earlier than 3 months after the release date. Instead, use the class ``qiskit.algorithms.eigensolvers.EigensolverResult``. See https://qisk.it/algo_migration for a migration guide.
  self._ret = EigensolverResult()
C:\qiskit_envs\q0460\Lib\site-packages\qiskit\algorithms\eigen_solvers\numpy_eigen_solver.py:276: DeprecationWarning: The class ``qiskit.opflow.state_fns.vector_state_fn.VectorStateFn`` is deprecated as of qiskit-terra 0.24.0. It will be removed in the Qiskit 1.0 release. For code migration guidelines, visit https://qisk.it/opflow_migration.
  self._ret.eigenstates = ListOp([StateFn(vec) for vec in self._ret.eigenstates])
C:\qiskit_envs\q0460\Lib\site-packages\qiskit\opflow\state_fns\vector_state_fn.py:64: DeprecationWarning: The class ``qiskit.opflow.state_fns.state_fn.StateFn`` is deprecated as of qiskit-terra 0.24.0. It will be removed in the Qiskit 1.0 release. For code migration guidelines, visit https://qisk.it/opflow_migration.
  super().__init__(primitive, coeff=coeff, is_measurement=is_measurement)
C:\qiskit_envs\q0460\Lib\site-packages\qiskit\opflow\state_fns\state_fn.py:144: DeprecationWarning: The class ``qiskit.opflow.operator_base.OperatorBase`` is deprecated as of qiskit-terra 0.24.0. It will be removed in the Qiskit 1.0 release. For code migration guidelines, visit https://qisk.it/opflow_migration.
  super().__init__()
C:\qiskit_envs\q0460\Lib\site-packages\qiskit\algorithms\eigen_solvers\numpy_eigen_solver.py:276: DeprecationWarning: The class ``qiskit.opflow.list_ops.list_op.ListOp`` is deprecated as of qiskit-terra 0.24.0. It will be removed in the Qiskit 1.0 release. For code migration guidelines, visit https://qisk.it/opflow_migration.
  self._ret.eigenstates = ListOp([StateFn(vec) for vec in self._ret.eigenstates])
C:\qiskit_envs\q0460\Lib\site-packages\qiskit\opflow\list_ops\list_op.py:82: DeprecationWarning: The class ``qiskit.opflow.operator_base.OperatorBase`` is deprecated as of qiskit-terra 0.24.0. It will be removed in the Qiskit 1.0 release. For code migration guidelines, visit https://qisk.it/opflow_migration.
  super().__init__()
C:\qiskit_envs\q0460\Lib\site-packages\qiskit\opflow\state_fns\circuit_state_fn.py:177: DeprecationWarning: The class ``qiskit.opflow.state_fns.circuit_state_fn.CircuitStateFn`` is deprecated as of qiskit-terra 0.24.0. It will be removed in the Qiskit 1.0 release. For code migration guidelines, visit https://qisk.it/opflow_migration.
  return CircuitStateFn(
C:\qiskit_envs\q0460\Lib\site-packages\qiskit\opflow\state_fns\circuit_state_fn.py:91: DeprecationWarning: The class ``qiskit.opflow.state_fns.state_fn.StateFn`` is deprecated as of qiskit-terra 0.24.0. It will be removed in the Qiskit 1.0 release. For code migration guidelines, visit https://qisk.it/opflow_migration.
  super().__init__(primitive, coeff=coeff, is_measurement=is_measurement)
C:\qiskit_envs\q0460\Lib\site-packages\qiskit\opflow\state_fns\state_fn.py:144: DeprecationWarning: The class ``qiskit.opflow.operator_base.OperatorBase`` is deprecated as of qiskit-terra 0.24.0. It will be removed in the Qiskit 1.0 release. For code migration guidelines, visit https://qisk.it/opflow_migration.
  super().__init__()
C:\qiskit_envs\q0460\Lib\site-packages\qiskit\opflow\operator_base.py:56: DeprecationWarning: The class ``qiskit.opflow.mixins.star_algebra.StarAlgebraMixin`` is deprecated as of qiskit-terra 0.24.0. It will be removed in the Qiskit 1.0 release. For code migration guidelines, visit https://qisk.it/opflow_migration.
  super().__init__()
C:\qiskit_envs\q0460\Lib\site-packages\qiskit\providers\basicaer\qasm_simulator.py:562: DeprecationWarning: The function ``qiskit.providers.basicaer.basicaertools.single_gate_matrix()`` is deprecated as of qiskit 0.46.0. It will be removed in Qiskit 1.0.0. The qiskit.providers.basicaer module has been superseded by qiskit.providers.basic_provider, and all its classes have been renamed to follow a new naming convention. Use the function in qiskit.providers.basic_provider.basic_provider_tools instead.
  gate = single_gate_matrix(operation.name, params)
C:\qiskit_envs\q0460\Lib\site-packages\qiskit\providers\basicaer\qasm_simulator.py:175: DeprecationWarning: The function ``qiskit.providers.basicaer.basicaertools.einsum_vecmul_index()`` is deprecated as of qiskit 0.46.0. It will be removed in Qiskit 1.0.0. The qiskit.providers.basicaer module has been superseded by qiskit.providers.basic_provider, and all its classes have been renamed to follow a new naming convention. Use the function in qiskit.providers.basic_provider.basic_provider_tools instead.
  indexes = einsum_vecmul_index(qubits, self._number_of_qubits)
C:\qiskit_envs\q0460\Lib\site-packages\qiskit\providers\basicaer\qasm_simulator.py:435: DeprecationWarning: The class ``qiskit.providers.basicaer.basicaerjob.BasicAerJob`` is deprecated as of qiskit 0.46.0. It will be removed in Qiskit 1.0.0. The qiskit.providers.basicaer module has been superseded by qiskit.providers.basic_provider, and all its classes have been renamed to follow a new naming convention. Use the new qiskit.providers.basic_provider.BasicProviderJob class instead.
  job = BasicAerJob(self, job_id, self._run_job(job_id, qobj))
FAIL

======================================================================
FAIL: test_projector_any_operator_type (__main__.T.test_projector_any_operator_type)
----------------------------------------------------------------------
Traceback (most recent call last):
  File "C:\APR2\llm_repair\updated_tests\issue_944_test.py", line 17, in test_projector_any_operator_type
    np.testing.assert_allclose(matrix(ns["proj"]), expected, atol=1e-12)
  File "C:\qiskit_envs\q0460\Lib\site-packages\numpy\testing\_private\utils.py", line 1504, in assert_allclose
    assert_array_compare(compare, actual, desired, err_msg=str(err_msg),
  File "C:\Users\User\AppData\Local\Programs\Python\Python311\Lib\contextlib.py", line 81, in inner
    return func(*args, **kwds)
           ^^^^^^^^^^^^^^^^^^^
  File "C:\qiskit_envs\q0460\Lib\site-packages\numpy\testing\_private\utils.py", line 713, in assert_array_compare
    raise AssertionError(msg)
AssertionError: 
Not equal to tolerance rtol=1e-07, atol=1e-12

(shapes (1,), (2, 2) mismatch)
 x: array([1.+6.1e-17j])
 y: array([[0.5, 0.5],
       [0.5, 0.5]])

----------------------------------------------------------------------
Ran 1 test in 4.845s

FAILED (failures=1)
