
test_reduced_density_matrix (__main__.TestIntent) ... C:\qiskit_envs\q0250\lib\site-packages\mpmath\ctx_mp.py:35: DeprecationWarning: mpnumeric is deprecated
  warnings.warn(f"{name} is deprecated", DeprecationWarning)
C:\qiskit_envs\q0250\lib\site-packages\mpmath\rational.py:4: DeprecationWarning: the rational private module is deprecated
  warnings.warn("the rational private module is deprecated",
ERROR

======================================================================
ERROR: test_reduced_density_matrix (__main__.TestIntent)
----------------------------------------------------------------------
Traceback (most recent call last):
  File "C:\APR2\APR_code_gen\Part2_Create_test\reconstructed_cases\issue_155\test.py", line 21, in test_reduced_density_matrix
    ns = load_target()
  File "C:\APR2\APR_code_gen\Part2_Create_test\reconstructed_cases\issue_155\test.py", line 14, in load_target
    return runpy.run_path(MUT)
  File "C:\Users\User\AppData\Local\Programs\Python\Python39\lib\runpy.py", line 288, in run_path
    return _run_module_code(code, init_globals, run_name,
  File "C:\Users\User\AppData\Local\Programs\Python\Python39\lib\runpy.py", line 97, in _run_module_code
    _run_code(code, mod_globals, init_globals,
  File "C:\Users\User\AppData\Local\Programs\Python\Python39\lib\runpy.py", line 87, in _run_code
    exec(code, run_globals)
  File "C:\APR2\llm_repair\llm_fixes\issue_155\llm_luna6_fix.py", line 27, in <module>
    density_matrix = partial_trace(result.get_statevector(), [qc.find_bit(bit).index for register in traced_over_registers for bit in register])
  File "C:\APR2\llm_repair\llm_fixes\issue_155\llm_luna6_fix.py", line 27, in <listcomp>
    density_matrix = partial_trace(result.get_statevector(), [qc.find_bit(bit).index for register in traced_over_registers for bit in register])
AttributeError: 'QuantumCircuit' object has no attribute 'find_bit'

----------------------------------------------------------------------
Ran 1 test in 3.026s

FAILED (errors=1)
