
test_registered_bits_and_full_permutation (__main__.TestIntent.test_registered_bits_and_full_permutation) ... ERROR

======================================================================
ERROR: test_registered_bits_and_full_permutation (__main__.TestIntent.test_registered_bits_and_full_permutation)
----------------------------------------------------------------------
Traceback (most recent call last):
  File "C:\APR2\APR_code_gen\Part2_Create_test\reconstructed_cases\issue_671\test.py", line 22, in test_registered_bits_and_full_permutation
    ns = load_target()
         ^^^^^^^^^^^^^
  File "C:\APR2\APR_code_gen\Part2_Create_test\reconstructed_cases\issue_671\test.py", line 16, in load_target
    return runpy.run_path(MUT)
           ^^^^^^^^^^^^^^^^^^^
  File "<frozen runpy>", line 287, in run_path
  File "<frozen runpy>", line 98, in _run_module_code
  File "<frozen runpy>", line 88, in _run_code
  File "C:\APR2\APR_code_gen\Part2_Create_test\reconstructed_cases\issue_671\buggy.py", line 11, in <module>
    c = QuantumCircuit(a, v, b)
        ^^^^^^^^^^^^^^^^^^^^^^^
  File "C:\qiskit_envs\q230\Lib\site-packages\qiskit\circuit\quantumcircuit.py", line 1201, in __init__
    self.add_register(*regs)
  File "C:\qiskit_envs\q230\Lib\site-packages\qiskit\circuit\quantumcircuit.py", line 3656, in add_register
    self.add_bits(register)
  File "C:\qiskit_envs\q230\Lib\site-packages\qiskit\circuit\quantumcircuit.py", line 3688, in add_bits
    raise CircuitError(
qiskit.circuit.exceptions.CircuitError: "Expected an instance of Qubit, Clbit, or AncillaQubit, but was passed QuantumRegister(2, 'v0')"

----------------------------------------------------------------------
Ran 1 test in 1.594s

FAILED (errors=1)
