
test_operator_conversion_and_qaoa_execution (__main__.TestIntent.test_operator_conversion_and_qaoa_execution) ... C:\qiskit_envs\q0453\Lib\site-packages\qiskit\utils\algorithm_globals.py:170: DeprecationWarning: The class ``qiskit.utils.algorithm_globals.QiskitAlgorithmGlobals`` is deprecated as of qiskit 0.45.0. It will be removed no earlier than 3 months after the release date. This algorithm utility has been migrated to an independent package: https://github.com/qiskit-community/qiskit-algorithms. You can run ``pip install qiskit_algorithms`` and import ``from qiskit_algorithms.utils`` instead. 
  algorithm_globals = QiskitAlgorithmGlobals()
C:\qiskit_envs\q0453\Lib\site-packages\qiskit\utils\algorithm_globals.py:49: DeprecationWarning: The property ``qiskit.utils.algorithm_globals.QiskitAlgorithmGlobals.num_processes`` is deprecated as of qiskit 0.45.0. It will be removed no earlier than 3 months after the release date. This algorithm utility belongs to a legacy workflow and has no replacement.
  self.num_processes = settings.get("num_processes", QiskitAlgorithmGlobals.CPU_COUNT)
C:\qiskit_envs\q0453\Lib\site-packages\qiskit\utils\algorithm_globals.py:120: DeprecationWarning: The property ``qiskit.utils.algorithm_globals.QiskitAlgorithmGlobals.num_processes`` is deprecated as of qiskit 0.45.0. It will be removed no earlier than 3 months after the release date. This algorithm utility belongs to a legacy workflow and has no replacement.
  parallel.CPU_COUNT = self.num_processes
C:\qiskit_envs\q0453\Lib\site-packages\qiskit\algorithms\evolvers\evolution_result.py:19: DeprecationWarning: The ``qiskit.opflow`` module is deprecated as of qiskit-terra 0.24.0. It will be removed no earlier than 3 months after the release date. For code migration guidelines, visit https://qisk.it/opflow_migration.
  from qiskit.opflow import StateFn, OperatorBase
C:\APR2\APR_code_gen\Part2_Create_test\reconstructed_cases\issue_624\test.py:25: DeprecationWarning: ``qiskit.algorithms`` has been migrated to an independent package: https://github.com/qiskit-community/qiskit-algorithms. The ``qiskit.algorithms`` import path is deprecated as of qiskit-terra 0.25.0 and will be removed no earlier than 3 months after the release date. Please run ``pip install qiskit_algorithms`` and use ``import qiskit_algorithms`` instead.
  from qiskit.algorithms import QAOA
C:\APR2\llm_repair\llm_fixes\issue_624\llm_fix.py:12: DeprecationWarning: The class ``qiskit.algorithms.minimum_eigen_solvers.qaoa.QAOA`` is deprecated as of qiskit-terra 0.24.0. It will be removed no earlier than 3 months after the release date. Instead, use the class ``qiskit.algorithms.minimum_eigensolvers.QAOA``. See https://qisk.it/algo_migration for a migration guide.
  qaoa = QAOA(optimizer=COBYLA(), reps=1, mixer=H,
C:\qiskit_envs\q0453\Lib\site-packages\qiskit\algorithms\minimum_eigen_solvers\qaoa.py:127: DeprecationWarning: The function ``qiskit.utils.validation.validate_min()`` is deprecated as of qiskit 0.45.0. It will be removed no earlier than 3 months after the release date. This algorithm utility has been migrated to an independent package: https://github.com/qiskit-community/qiskit-algorithms. You can run ``pip install qiskit_algorithms`` and import ``from qiskit_algorithms.utils`` instead. 
  validate_min("reps", reps, 1)
C:\APR2\llm_repair\llm_fixes\issue_624\llm_fix.py:17: DeprecationWarning: The class ``qiskit.opflow.primitive_ops.circuit_op.CircuitOp`` is deprecated as of qiskit-terra 0.24.0. It will be removed no earlier than 3 months after the release date. For code migration guidelines, visit https://qisk.it/opflow_migration.
  print(qaoa.compute_minimum_eigenvalue(CircuitOp(H)))
C:\qiskit_envs\q0453\Lib\site-packages\qiskit\opflow\primitive_ops\circuit_op.py:67: DeprecationWarning: The class ``qiskit.opflow.primitive_ops.primitive_op.PrimitiveOp`` is deprecated as of qiskit-terra 0.24.0. It will be removed no earlier than 3 months after the release date. For code migration guidelines, visit https://qisk.it/opflow_migration.
  super().__init__(primitive, coeff)
C:\qiskit_envs\q0453\Lib\site-packages\qiskit\opflow\primitive_ops\primitive_op.py:111: DeprecationWarning: The class ``qiskit.opflow.operator_base.OperatorBase`` is deprecated as of qiskit-terra 0.24.0. It will be removed no earlier than 3 months after the release date. For code migration guidelines, visit https://qisk.it/opflow_migration.
  super().__init__()
C:\qiskit_envs\q0453\Lib\site-packages\qiskit\opflow\operator_base.py:55: DeprecationWarning: The class ``qiskit.opflow.mixins.star_algebra.StarAlgebraMixin`` is deprecated as of qiskit-terra 0.24.0. It will be removed no earlier than 3 months after the release date. For code migration guidelines, visit https://qisk.it/opflow_migration.
  super().__init__()
C:\qiskit_envs\q0453\Lib\site-packages\qiskit\algorithms\minimum_eigen_solvers\minimum_eigen_solver.py:71: DeprecationWarning: The class ``qiskit.algorithms.minimum_eigen_solvers.minimum_eigen_solver.MinimumEigensolverResult`` is deprecated as of qiskit-terra 0.24.0. It will be removed no earlier than 3 months after the release date. Instead, use the class ``qiskit.algorithms.minimum_eigensolvers.MinimumEigensolverResult``. See https://qisk.it/algo_migration for a migration guide.
  return MinimumEigensolverResult()
C:\qiskit_envs\q0453\Lib\site-packages\qiskit\circuit\library\evolved_operator_ansatz.py:122: DeprecationWarning: The class ``qiskit.opflow.evolutions.pauli_trotter_evolution.PauliTrotterEvolution`` is deprecated as of qiskit-terra 0.24.0. It will be removed no earlier than 3 months after the release date. For code migration guidelines, visit https://qisk.it/opflow_migration.
  return PauliTrotterEvolution()
C:\qiskit_envs\q0453\Lib\site-packages\qiskit\opflow\evolutions\pauli_trotter_evolution.py:78: DeprecationWarning: The class ``qiskit.opflow.evolutions.evolution_base.EvolutionBase`` is deprecated as of qiskit-terra 0.24.0. It will be removed no earlier than 3 months after the release date. For code migration guidelines, visit https://qisk.it/opflow_migration.
  super().__init__()
C:\qiskit_envs\q0453\Lib\site-packages\qiskit\opflow\evolutions\evolution_base.py:39: DeprecationWarning: The class ``qiskit.opflow.converters.converter_base.ConverterBase`` is deprecated as of qiskit-terra 0.24.0. It will be removed no earlier than 3 months after the release date. For code migration guidelines, visit https://qisk.it/opflow_migration.
  super().__init__()
C:\qiskit_envs\q0453\Lib\site-packages\qiskit\opflow\evolutions\pauli_trotter_evolution.py:82: DeprecationWarning: The method ``qiskit.opflow.evolutions.trotterizations.trotterization_factory.TrotterizationFactory.build()`` is deprecated as of qiskit-terra 0.24.0. It will be removed no earlier than 3 months after the release date. For code migration guidelines, visit https://qisk.it/opflow_migration.
  self._trotter = TrotterizationFactory.build(mode=trotter_mode, reps=reps)
C:\qiskit_envs\q0453\Lib\site-packages\qiskit\opflow\evolutions\trotterizations\trotterization_factory.py:45: DeprecationWarning: The class ``qiskit.opflow.evolutions.trotterizations.trotter.Trotter`` is deprecated as of qiskit-terra 0.24.0. It will be removed no earlier than 3 months after the release date. For code migration guidelines, visit https://qisk.it/opflow_migration.
  return Trotter(reps=reps)
C:\qiskit_envs\q0453\Lib\site-packages\qiskit\opflow\evolutions\trotterizations\trotter.py:35: DeprecationWarning: The class ``qiskit.opflow.evolutions.trotterizations.suzuki.Suzuki`` is deprecated as of qiskit-terra 0.24.0. It will be removed no earlier than 3 months after the release date. For code migration guidelines, visit https://qisk.it/opflow_migration.
  super().__init__(order=1, reps=reps)
C:\qiskit_envs\q0453\Lib\site-packages\qiskit\opflow\evolutions\trotterizations\suzuki.py:50: DeprecationWarning: The class ``qiskit.opflow.evolutions.trotterizations.trotterization_base.TrotterizationBase`` is deprecated as of qiskit-terra 0.24.0. It will be removed no earlier than 3 months after the release date. For code migration guidelines, visit https://qisk.it/opflow_migration.
  super().__init__(reps=reps)
C:\qiskit_envs\q0453\Lib\site-packages\qiskit\opflow\evolutions\trotterizations\trotterization_base.py:35: DeprecationWarning: The class ``qiskit.opflow.evolutions.evolution_base.EvolutionBase`` is deprecated as of qiskit-terra 0.24.0. It will be removed no earlier than 3 months after the release date. For code migration guidelines, visit https://qisk.it/opflow_migration.
  super().__init__()
C:\qiskit_envs\q0453\Lib\site-packages\qiskit\opflow\primitive_ops\primitive_op.py:162: DeprecationWarning: The class ``qiskit.opflow.primitive_ops.circuit_op.CircuitOp`` is deprecated as of qiskit-terra 0.24.0. It will be removed no earlier than 3 months after the release date. For code migration guidelines, visit https://qisk.it/opflow_migration.
  return self.__class__(self.primitive, coeff=self.coeff * scalar)
C:\qiskit_envs\q0453\Lib\site-packages\qiskit\opflow\primitive_ops\primitive_op.py:205: DeprecationWarning: The class ``qiskit.opflow.evolutions.evolved_op.EvolvedOp`` is deprecated as of qiskit-terra 0.24.0. It will be removed no earlier than 3 months after the release date. For code migration guidelines, visit https://qisk.it/opflow_migration.
  return EvolvedOp(self)
C:\qiskit_envs\q0453\Lib\site-packages\qiskit\opflow\evolutions\evolved_op.py:56: DeprecationWarning: The class ``qiskit.opflow.primitive_ops.primitive_op.PrimitiveOp`` is deprecated as of qiskit-terra 0.24.0. It will be removed no earlier than 3 months after the release date. For code migration guidelines, visit https://qisk.it/opflow_migration.
  super().__init__(primitive, coeff=coeff)
Evolved Hamiltonian is not composed of only Paulis, converting to Pauli representation, which can be expensive.
C:\qiskit_envs\q0453\Lib\site-packages\qiskit\opflow\primitive_ops\primitive_op.py:275: DeprecationWarning: The class ``qiskit.opflow.primitive_ops.matrix_op.MatrixOp`` is deprecated as of qiskit-terra 0.24.0. It will be removed no earlier than 3 months after the release date. For code migration guidelines, visit https://qisk.it/opflow_migration.
  return MatrixOp(prim_mat, coeff=coeff)
C:\qiskit_envs\q0453\Lib\site-packages\qiskit\opflow\primitive_ops\matrix_op.py:76: DeprecationWarning: The class ``qiskit.opflow.primitive_ops.primitive_op.PrimitiveOp`` is deprecated as of qiskit-terra 0.24.0. It will be removed no earlier than 3 months after the release date. For code migration guidelines, visit https://qisk.it/opflow_migration.
  super().__init__(primitive, coeff=coeff)
C:\qiskit_envs\q0453\Lib\site-packages\qiskit\opflow\primitive_ops\primitive_op.py:111: DeprecationWarning: The class ``qiskit.opflow.operator_base.OperatorBase`` is deprecated as of qiskit-terra 0.24.0. It will be removed no earlier than 3 months after the release date. For code migration guidelines, visit https://qisk.it/opflow_migration.
  super().__init__()
C:\qiskit_envs\q0453\Lib\site-packages\qiskit\opflow\operator_base.py:55: DeprecationWarning: The class ``qiskit.opflow.mixins.star_algebra.StarAlgebraMixin`` is deprecated as of qiskit-terra 0.24.0. It will be removed no earlier than 3 months after the release date. For code migration guidelines, visit https://qisk.it/opflow_migration.
  super().__init__()
C:\qiskit_envs\q0453\Lib\site-packages\qiskit\opflow\primitive_ops\primitive_op.py:311: DeprecationWarning: The class ``qiskit.opflow.primitive_ops.pauli_op.PauliOp`` is deprecated as of qiskit-terra 0.24.0. It will be removed no earlier than 3 months after the release date. For code migration guidelines, visit https://qisk.it/opflow_migration.
  return PauliOp(Pauli(label), coeff * self.coeff)
C:\qiskit_envs\q0453\Lib\site-packages\qiskit\opflow\primitive_ops\pauli_op.py:55: DeprecationWarning: The class ``qiskit.opflow.primitive_ops.primitive_op.PrimitiveOp`` is deprecated as of qiskit-terra 0.24.0. It will be removed no earlier than 3 months after the release date. For code migration guidelines, visit https://qisk.it/opflow_migration.
  super().__init__(primitive, coeff=coeff)
C:\qiskit_envs\q0453\Lib\site-packages\qiskit\opflow\evolutions\pauli_trotter_evolution.py:139: DeprecationWarning: The class ``qiskit.opflow.evolutions.evolved_op.EvolvedOp`` is deprecated as of qiskit-terra 0.24.0. It will be removed no earlier than 3 months after the release date. For code migration guidelines, visit https://qisk.it/opflow_migration.
  operator = EvolvedOp(pauli_ham, coeff=operator.coeff)
C:\qiskit_envs\q0453\Lib\site-packages\qiskit\opflow\evolutions\evolved_op.py:56: DeprecationWarning: The class ``qiskit.opflow.primitive_ops.primitive_op.PrimitiveOp`` is deprecated as of qiskit-terra 0.24.0. It will be removed no earlier than 3 months after the release date. For code migration guidelines, visit https://qisk.it/opflow_migration.
  super().__init__(primitive, coeff=coeff)
C:\qiskit_envs\q0453\Lib\site-packages\qiskit\opflow\evolutions\evolved_op.py:127: DeprecationWarning: The class ``qiskit.opflow.evolutions.evolved_op.EvolvedOp`` is deprecated as of qiskit-terra 0.24.0. It will be removed no earlier than 3 months after the release date. For code migration guidelines, visit https://qisk.it/opflow_migration.
  return EvolvedOp(self.primitive.reduce(), coeff=self.coeff)
C:\qiskit_envs\q0453\Lib\site-packages\qiskit\opflow\evolutions\evolved_op.py:170: DeprecationWarning: The class ``qiskit.opflow.evolutions.evolved_op.EvolvedOp`` is deprecated as of qiskit-terra 0.24.0. It will be removed no earlier than 3 months after the release date. For code migration guidelines, visit https://qisk.it/opflow_migration.
  prim_mat = EvolvedOp(primitive).to_matrix(massive=massive)
ERROR

======================================================================
ERROR: test_operator_conversion_and_qaoa_execution (__main__.TestIntent.test_operator_conversion_and_qaoa_execution)
----------------------------------------------------------------------
Traceback (most recent call last):
  File "C:\APR2\APR_code_gen\Part2_Create_test\reconstructed_cases\issue_624\test.py", line 34, in test_operator_conversion_and_qaoa_execution
    ns = load_target()
         ^^^^^^^^^^^^^
  File "C:\APR2\APR_code_gen\Part2_Create_test\reconstructed_cases\issue_624\test.py", line 17, in load_target
    return runpy.run_path(MUT)
           ^^^^^^^^^^^^^^^^^^^
  File "<frozen runpy>", line 291, in run_path
  File "<frozen runpy>", line 98, in _run_module_code
  File "<frozen runpy>", line 88, in _run_code
  File "C:\APR2\llm_repair\llm_fixes\issue_624\llm_fix.py", line 17, in <module>
    print(qaoa.compute_minimum_eigenvalue(CircuitOp(H)))
          ^^^^^^^^^^^^^^^^^^^^^^^^^^^^^^^^^^^^^^^^^^^^^
  File "C:\APR2\APR_code_gen\Part2_Create_test\reconstructed_cases\issue_624\test.py", line 30, in observe
    result = original(instance, operator, *args, **kwargs)
             ^^^^^^^^^^^^^^^^^^^^^^^^^^^^^^^^^^^^^^^^^^^^^
  File "C:\qiskit_envs\q0453\Lib\site-packages\qiskit\algorithms\minimum_eigen_solvers\vqe.py", line 497, in compute_minimum_eigenvalue
    self._check_operator_ansatz(operator)
  File "C:\qiskit_envs\q0453\Lib\site-packages\qiskit\algorithms\minimum_eigen_solvers\qaoa.py", line 154, in _check_operator_ansatz
    ).decompose()  # TODO remove decompose once #6674 is fixed
      ^^^^^^^^^^^
  File "C:\qiskit_envs\q0453\Lib\site-packages\qiskit\circuit\library\blueprintcircuit.py", line 97, in decompose
    self._build()
  File "C:\qiskit_envs\q0453\Lib\site-packages\qiskit\circuit\library\n_local\qaoa_ansatz.py", line 267, in _build
    super()._build()
  File "C:\qiskit_envs\q0453\Lib\site-packages\qiskit\circuit\library\evolved_operator_ansatz.py", line 226, in _build
    evolved = self._evolve_operator(op, coeff)
              ^^^^^^^^^^^^^^^^^^^^^^^^^^^^^^^^
  File "C:\qiskit_envs\q0453\Lib\site-packages\qiskit\circuit\library\evolved_operator_ansatz.py", line 190, in _evolve_operator
    return evolved.reduce().to_circuit()
           ^^^^^^^^^^^^^^^^^^^^^^^^^^^^^
  File "C:\qiskit_envs\q0453\Lib\site-packages\qiskit\opflow\primitive_ops\primitive_op.py", line 284, in to_circuit
    qc.append(self.to_instruction(), qargs=range(self.primitive.num_qubits))
              ^^^^^^^^^^^^^^^^^^^^^
  File "C:\qiskit_envs\q0453\Lib\site-packages\qiskit\opflow\evolutions\evolved_op.py", line 177, in to_instruction
    mat_op = self.to_matrix_op(massive=massive)
             ^^^^^^^^^^^^^^^^^^^^^^^^^^^^^^^^^^
  File "C:\qiskit_envs\q0453\Lib\site-packages\qiskit\opflow\evolutions\evolved_op.py", line 170, in to_matrix_op
    prim_mat = EvolvedOp(primitive).to_matrix(massive=massive)
               ^^^^^^^^^^^^^^^^^^^^^^^^^^^^^^^^^^^^^^^^^^^^^^^
  File "C:\qiskit_envs\q0453\Lib\site-packages\qiskit\opflow\evolutions\evolved_op.py", line 159, in to_matrix
    return scipy.linalg.expm(prim_mat) * self.coeff
           ^^^^^^^^^^^^^^^^^^^^^^^^^^^
  File "C:\qiskit_envs\q0453\Lib\site-packages\scipy\linalg\_matfuncs.py", line 324, in expm
    a = a.astype(np.float64)
        ^^^^^^^^^^^^^^^^^^^^
  File "C:\qiskit_envs\q0453\Lib\site-packages\qiskit\circuit\parameterexpression.py", line 493, in __float__
    raise TypeError(
TypeError: ParameterExpression with unbound parameters (dict_keys([Parameter(c)])) cannot be cast to a float.

----------------------------------------------------------------------
Ran 1 test in 5.450s

FAILED (errors=1)
