
test_controlled_powers_either_control_order (__main__.T.test_controlled_powers_either_control_order) ... C:\APR2\APR_code_gen\Part2_Create_test\reconstructed_cases\issue_189\buggy.py:10: DeprecationWarning: The class ``qiskit.circuit.library.grover_operator.GroverOperator`` is deprecated as of Qiskit 2.1. It will be removed in Qiskit 3.0. Use qiskit.circuit.library.grover_operator instead.
  grover_operator = GroverOperator(oracle)
C:\qiskit_envs\q250\Lib\site-packages\qiskit\circuit\library\grover_operator.py:574: DeprecationWarning: The method ``qiskit.circuit.library.standard_gates.x.MCXGate.get_num_ancilla_qubits()`` is deprecated as of Qiskit 2.1. It will be removed in Qiskit 3.0. For an MCXGate it is no longer possible to know the number of ancilla qubits that would be eventually used by the transpiler when the gate is created. Instead, it is recommended to use MCXGate and let HighLevelSynthesis choose the best synthesis method depending on the number of ancilla qubits available. However, if a specific synthesis method using a specific number of ancilla qubits is required, one can create a custom gate by calling the corresponding synthesis function directly.
  num_ancillas = MCXGate.get_num_ancilla_qubits(len(qubits) - 1, mcx_mode)
C:\qiskit_envs\q250\Lib\site-packages\qiskit\circuit\library\grover_operator.py:586: DeprecationWarning: ``qiskit.circuit.quantumcircuit.QuantumCircuit.mcx()``'s argument ``mode`` is deprecated as of Qiskit 2.1. It will be removed no earlier than 3 months after the release date. Instead, add a generic MCXGate to the circuit and specify the synthesis method via the ``hls_config`` in the transpilation. Alternatively, specific decompositions are available at https://qisk.it/mcx.
  reflection.mcx(qubits[:-1], qubits[-1], qr_ancilla[:], mode=mcx_mode)
C:\qiskit_envs\q250\Lib\site-packages\qiskit\circuit\library\standard_gates\x.py:951: DeprecationWarning: The method ``qiskit.circuit.library.standard_gates.x.MCXGate.get_num_ancilla_qubits()`` is deprecated as of Qiskit 2.1. It will be removed in Qiskit 3.0. For an MCXGate it is no longer possible to know the number of ancilla qubits that would be eventually used by the transpiler when the gate is created. Instead, it is recommended to use MCXGate and let HighLevelSynthesis choose the best synthesis method depending on the number of ancilla qubits available. However, if a specific synthesis method using a specific number of ancilla qubits is required, one can create a custom gate by calling the corresponding synthesis function directly.
  return self.get_num_ancilla_qubits(self.num_ctrl_qubits)
C:\qiskit_envs\q250\Lib\site-packages\qiskit\circuit\library\grover_operator.py:574: DeprecationWarning: The method ``qiskit.circuit.library.standard_gates.x.MCXGate.get_num_ancilla_qubits()`` is deprecated as of Qiskit 2.1. It will be removed in Qiskit 3.0. For an MCXGate it is no longer possible to know the number of ancilla qubits that would be eventually used by the transpiler when the gate is created. Instead, it is recommended to use MCXGate and let HighLevelSynthesis choose the best synthesis method depending on the number of ancilla qubits available. However, if a specific synthesis method using a specific number of ancilla qubits is required, one can create a custom gate by calling the corresponding synthesis function directly.
  num_ancillas = MCXGate.get_num_ancilla_qubits(len(qubits) - 1, mcx_mode)
C:\qiskit_envs\q250\Lib\site-packages\qiskit\circuit\library\grover_operator.py:586: DeprecationWarning: ``qiskit.circuit.quantumcircuit.QuantumCircuit.mcx()``'s argument ``mode`` is deprecated as of Qiskit 2.1. It will be removed no earlier than 3 months after the release date. Instead, add a generic MCXGate to the circuit and specify the synthesis method via the ``hls_config`` in the transpilation. Alternatively, specific decompositions are available at https://qisk.it/mcx.
  reflection.mcx(qubits[:-1], qubits[-1], qr_ancilla[:], mode=mcx_mode)
C:\qiskit_envs\q250\Lib\site-packages\qiskit\circuit\library\standard_gates\x.py:951: DeprecationWarning: The method ``qiskit.circuit.library.standard_gates.x.MCXGate.get_num_ancilla_qubits()`` is deprecated as of Qiskit 2.1. It will be removed in Qiskit 3.0. For an MCXGate it is no longer possible to know the number of ancilla qubits that would be eventually used by the transpiler when the gate is created. Instead, it is recommended to use MCXGate and let HighLevelSynthesis choose the best synthesis method depending on the number of ancilla qubits available. However, if a specific synthesis method using a specific number of ancilla qubits is required, one can create a custom gate by calling the corresponding synthesis function directly.
  return self.get_num_ancilla_qubits(self.num_ctrl_qubits)
C:\qiskit_envs\q250\Lib\site-packages\qiskit\circuit\library\grover_operator.py:574: DeprecationWarning: The method ``qiskit.circuit.library.standard_gates.x.MCXGate.get_num_ancilla_qubits()`` is deprecated as of Qiskit 2.1. It will be removed in Qiskit 3.0. For an MCXGate it is no longer possible to know the number of ancilla qubits that would be eventually used by the transpiler when the gate is created. Instead, it is recommended to use MCXGate and let HighLevelSynthesis choose the best synthesis method depending on the number of ancilla qubits available. However, if a specific synthesis method using a specific number of ancilla qubits is required, one can create a custom gate by calling the corresponding synthesis function directly.
  num_ancillas = MCXGate.get_num_ancilla_qubits(len(qubits) - 1, mcx_mode)
C:\qiskit_envs\q250\Lib\site-packages\qiskit\circuit\library\grover_operator.py:586: DeprecationWarning: ``qiskit.circuit.quantumcircuit.QuantumCircuit.mcx()``'s argument ``mode`` is deprecated as of Qiskit 2.1. It will be removed no earlier than 3 months after the release date. Instead, add a generic MCXGate to the circuit and specify the synthesis method via the ``hls_config`` in the transpilation. Alternatively, specific decompositions are available at https://qisk.it/mcx.
  reflection.mcx(qubits[:-1], qubits[-1], qr_ancilla[:], mode=mcx_mode)
C:\qiskit_envs\q250\Lib\site-packages\qiskit\circuit\library\standard_gates\x.py:951: DeprecationWarning: The method ``qiskit.circuit.library.standard_gates.x.MCXGate.get_num_ancilla_qubits()`` is deprecated as of Qiskit 2.1. It will be removed in Qiskit 3.0. For an MCXGate it is no longer possible to know the number of ancilla qubits that would be eventually used by the transpiler when the gate is created. Instead, it is recommended to use MCXGate and let HighLevelSynthesis choose the best synthesis method depending on the number of ancilla qubits available. However, if a specific synthesis method using a specific number of ancilla qubits is required, one can create a custom gate by calling the corresponding synthesis function directly.
  return self.get_num_ancilla_qubits(self.num_ctrl_qubits)
ERROR

======================================================================
ERROR: test_controlled_powers_either_control_order (__main__.T.test_controlled_powers_either_control_order)
----------------------------------------------------------------------
Traceback (most recent call last):
  File "C:\APR2\llm_repair\updated_tests\issue_189_test.py", line 10, in test_controlled_powers_either_control_order
    ns = runpy.run_path(os.environ["MUT"])
         ^^^^^^^^^^^^^^^^^^^^^^^^^^^^^^^^^
  File "<frozen runpy>", line 287, in run_path
  File "<frozen runpy>", line 98, in _run_module_code
  File "<frozen runpy>", line 88, in _run_code
  File "C:\APR2\APR_code_gen\Part2_Create_test\reconstructed_cases\issue_189\buggy.py", line 25, in <module>
    qpe.append(Q, qp)
  File "C:\qiskit_envs\q250\Lib\site-packages\qiskit\circuit\quantumcircuit.py", line 2932, in append
    operation.broadcast_arguments(expanded_qargs, expanded_cargs)
  File "C:\qiskit_envs\q250\Lib\site-packages\qiskit\circuit\gate.py", line 244, in broadcast_arguments
    raise CircuitError(
qiskit.circuit.exceptions.CircuitError: 'The amount of qubit(8)/clbit(0) arguments does not match the gate expectation (7).'

----------------------------------------------------------------------
Ran 1 test in 0.724s

FAILED (errors=1)
