
test_reconstructed_hamiltonian_and_exact_evolution (__main__.Regression.test_reconstructed_hamiltonian_and_exact_evolution) ... C:\qiskit_envs\q0462\Lib\site-packages\qiskit\utils\algorithm_globals.py:20: DeprecationWarning: Accessing 'parallel' from 'qiskit.tools' is deprecated since Qiskit 0.46.0 and will be removed in Qiskit 1.0.0. Import from 'qiskit.utils.parallel' instead 
  from qiskit.tools import parallel
C:\qiskit_envs\q0462\Lib\site-packages\qiskit\utils\parallel.py:58: DeprecationWarning: qiskit.tools.events is deprecated and will be removed in Qiskit 1.0.0
  from qiskit.tools.events.pubsub import Publisher
C:\qiskit_envs\q0462\Lib\site-packages\qiskit\utils\algorithm_globals.py:20: DeprecationWarning: 'qiskit.tools.parallel' is deprecated and is now located at 'qiskit.utils.parallel'. This path will no longer work in Qiskit 1.0.0
  from qiskit.tools import parallel
C:\qiskit_envs\q0462\Lib\site-packages\qiskit\utils\algorithm_globals.py:178: DeprecationWarning: The class ``qiskit.utils.algorithm_globals.QiskitAlgorithmGlobals`` is deprecated as of qiskit 0.45.0. It will be removed in the Qiskit 1.0 release. This algorithm utility has been migrated to an independent package: https://github.com/qiskit-community/qiskit-algorithms. You can run ``pip install qiskit_algorithms`` and import ``from qiskit_algorithms.utils`` instead. 
  algorithm_globals = QiskitAlgorithmGlobals()
C:\qiskit_envs\q0462\Lib\site-packages\qiskit\utils\algorithm_globals.py:50: DeprecationWarning: The property ``qiskit.utils.algorithm_globals.QiskitAlgorithmGlobals.num_processes`` is deprecated as of qiskit 0.45.0. It will be removed in the Qiskit 1.0 release. This algorithm utility belongs to a legacy workflow and has no replacement.
  self.num_processes = settings.get("num_processes", QiskitAlgorithmGlobals.CPU_COUNT)
C:\qiskit_envs\q0462\Lib\site-packages\qiskit\utils\algorithm_globals.py:125: DeprecationWarning: The property ``qiskit.utils.algorithm_globals.QiskitAlgorithmGlobals.num_processes`` is deprecated as of qiskit 0.45.0. It will be removed in the Qiskit 1.0 release. This algorithm utility belongs to a legacy workflow and has no replacement.
  parallel.CPU_COUNT = self.num_processes
C:\qiskit_envs\q0462\Lib\site-packages\qiskit\converters\ast_to_dag.py:23: DeprecationWarning: The `qiskit.qasm` has been deprecated and superseded by the `qiskit.qasm2` module. `qiskit.qasm` will be removed in the Qiskit 1.0.0 release.
  from qiskit.qasm.node.real import Real
C:\qiskit_envs\q0462\Lib\site-packages\qiskit\opflow\state_fns\circuit_state_fn.py:20: DeprecationWarning: BasicAer is deprecated since Qiskit 0.46 and will be removed in Qiskit 1.0. The BasicAer (qiskit.providers.basicaer) module has been superseded by  qiskit.providers.basic_provider, and all its classes have been renamed to follow a new naming convention. More information and migration guidelines can be found in the 0.46 API docs for BasicAer.
  from qiskit import (  # pylint: disable=no-name-in-module
C:\qiskit_envs\q0462\Lib\site-packages\qiskit\providers\basicaer\__init__.py:164: DeprecationWarning: The class ``qiskit.providers.basicaer.basicaerprovider.BasicAerProvider`` is deprecated as of qiskit 0.46.0. It will be removed in Qiskit 1.0.0. The qiskit.providers.basicaer module has been superseded by qiskit.providers.basic_provider, and all its classes have been renamed to follow a new naming convention. Use the new qiskit.providers.basic_provider.BasicProvider class instead.
  BasicAer = BasicAerProvider()
C:\qiskit_envs\q0462\Lib\site-packages\qiskit\providers\basicaer\basicaerprovider.py:129: DeprecationWarning: The class ``qiskit.providers.basicaer.qasm_simulator.QasmSimulatorPy`` is deprecated as of qiskit 0.46.0. It will be removed in Qiskit 1.0.0. The qiskit.providers.basicaer module has been superseded by qiskit.providers.basic_provider. Use the new qiskit.providers.basic_provider.BasicSimulator class instead.
  backend_instance = backend_cls(provider=self)
C:\qiskit_envs\q0462\Lib\site-packages\qiskit\providers\basicaer\basicaerprovider.py:129: DeprecationWarning: The class ``qiskit.providers.basicaer.statevector_simulator.StatevectorSimulatorPy`` is deprecated as of qiskit 0.46.0. It will be removed in Qiskit 1.0.0. The qiskit.providers.basicaer module has been superseded by qiskit.providers.basic_provider. The new module has no replacement for this class. Use the qiskit.quantum_info.Statevector class instead.
  backend_instance = backend_cls(provider=self)
C:\qiskit_envs\q0462\Lib\site-packages\qiskit\providers\basicaer\statevector_simulator.py:97: DeprecationWarning: The class ``qiskit.providers.basicaer.qasm_simulator.QasmSimulatorPy`` is deprecated as of qiskit 0.46.0. It will be removed in Qiskit 1.0.0. The qiskit.providers.basicaer module has been superseded by qiskit.providers.basic_provider. Use the new qiskit.providers.basic_provider.BasicSimulator class instead.
  super().__init__(
C:\qiskit_envs\q0462\Lib\site-packages\qiskit\providers\basicaer\basicaerprovider.py:129: DeprecationWarning: The class ``qiskit.providers.basicaer.unitary_simulator.UnitarySimulatorPy`` is deprecated as of qiskit 0.46.0. It will be removed in Qiskit 1.0.0. The qiskit.providers.basicaer module has been superseded by qiskit.providers.basic_provider. The new module has no replacement for this class. Use the qiskit.quantum_info.Operator class instead.
  backend_instance = backend_cls(provider=self)
C:\APR2\llm_repair\llm_fixes\issue_889\llm_fix.py:3: DeprecationWarning: The ``qiskit.opflow`` module is deprecated as of qiskit-terra 0.24.0. It will be removed in Qiskit 1.0. For code migration guidelines, visit https://qisk.it/opflow_migration.
  from qiskit.opflow import PauliSumOp
C:\qiskit_envs\q0462\Lib\site-packages\qiskit\opflow\primitive_ops\pauli_sum_op.py:454: DeprecationWarning: The class ``qiskit.opflow.primitive_ops.pauli_sum_op.PauliSumOp`` is deprecated as of qiskit-terra 0.24.0. It will be removed in the Qiskit 1.0 release. For code migration guidelines, visit https://qisk.it/opflow_migration.
  return cls(SparsePauliOp.from_list(pauli_list, dtype=dtype), coeff=coeff)
C:\qiskit_envs\q0462\Lib\site-packages\qiskit\opflow\primitive_ops\pauli_sum_op.py:63: DeprecationWarning: The class ``qiskit.opflow.primitive_ops.primitive_op.PrimitiveOp`` is deprecated as of qiskit-terra 0.24.0. It will be removed in the Qiskit 1.0 release. For code migration guidelines, visit https://qisk.it/opflow_migration.
  super().__init__(primitive, coeff=coeff)
C:\qiskit_envs\q0462\Lib\site-packages\qiskit\opflow\primitive_ops\primitive_op.py:112: DeprecationWarning: The class ``qiskit.opflow.operator_base.OperatorBase`` is deprecated as of qiskit-terra 0.24.0. It will be removed in the Qiskit 1.0 release. For code migration guidelines, visit https://qisk.it/opflow_migration.
  super().__init__()
C:\qiskit_envs\q0462\Lib\site-packages\qiskit\opflow\operator_base.py:56: DeprecationWarning: The class ``qiskit.opflow.mixins.star_algebra.StarAlgebraMixin`` is deprecated as of qiskit-terra 0.24.0. It will be removed in the Qiskit 1.0 release. For code migration guidelines, visit https://qisk.it/opflow_migration.
  super().__init__()
C:\qiskit_envs\q0462\Lib\site-packages\qiskit\opflow\primitive_ops\pauli_sum_op.py:132: DeprecationWarning: The class ``qiskit.opflow.primitive_ops.pauli_sum_op.PauliSumOp`` is deprecated as of qiskit-terra 0.24.0. It will be removed in the Qiskit 1.0 release. For code migration guidelines, visit https://qisk.it/opflow_migration.
  return PauliSumOp(self.coeff * self.primitive + other.coeff * other.primitive, coeff=1)
C:\qiskit_envs\q0462\Lib\site-packages\qiskit\opflow\primitive_ops\pauli_sum_op.py:147: DeprecationWarning: The class ``qiskit.opflow.primitive_ops.pauli_sum_op.PauliSumOp`` is deprecated as of qiskit-terra 0.24.0. It will be removed in the Qiskit 1.0 release. For code migration guidelines, visit https://qisk.it/opflow_migration.
  return PauliSumOp(scalar * self.primitive, coeff=self.coeff)
C:\qiskit_envs\q0462\Lib\site-packages\qiskit\opflow\primitive_ops\pauli_sum_op.py:364: DeprecationWarning: The class ``qiskit.opflow.evolutions.evolved_op.EvolvedOp`` is deprecated as of qiskit-terra 0.24.0. It will be removed in the Qiskit 1.0 release. For code migration guidelines, visit https://qisk.it/opflow_migration.
  return EvolvedOp(self)
C:\qiskit_envs\q0462\Lib\site-packages\qiskit\opflow\evolutions\evolved_op.py:57: DeprecationWarning: The class ``qiskit.opflow.primitive_ops.primitive_op.PrimitiveOp`` is deprecated as of qiskit-terra 0.24.0. It will be removed in the Qiskit 1.0 release. For code migration guidelines, visit https://qisk.it/opflow_migration.
  super().__init__(primitive, coeff=coeff)
C:\qiskit_envs\q0462\Lib\site-packages\qiskit\opflow\evolutions\evolved_op.py:171: DeprecationWarning: The class ``qiskit.opflow.evolutions.evolved_op.EvolvedOp`` is deprecated as of qiskit-terra 0.24.0. It will be removed in the Qiskit 1.0 release. For code migration guidelines, visit https://qisk.it/opflow_migration.
  prim_mat = EvolvedOp(primitive).to_matrix(massive=massive)
C:\qiskit_envs\q0462\Lib\site-packages\qiskit\opflow\evolutions\evolved_op.py:172: DeprecationWarning: The class ``qiskit.opflow.primitive_ops.matrix_op.MatrixOp`` is deprecated as of qiskit-terra 0.24.0. It will be removed in the Qiskit 1.0 release. For code migration guidelines, visit https://qisk.it/opflow_migration.
  return MatrixOp(prim_mat, coeff=self.coeff)
C:\qiskit_envs\q0462\Lib\site-packages\qiskit\opflow\primitive_ops\matrix_op.py:77: DeprecationWarning: The class ``qiskit.opflow.primitive_ops.primitive_op.PrimitiveOp`` is deprecated as of qiskit-terra 0.24.0. It will be removed in the Qiskit 1.0 release. For code migration guidelines, visit https://qisk.it/opflow_migration.
  super().__init__(primitive, coeff=coeff)
C:\qiskit_envs\q0462\Lib\site-packages\qiskit\opflow\primitive_ops\primitive_op.py:112: DeprecationWarning: The class ``qiskit.opflow.operator_base.OperatorBase`` is deprecated as of qiskit-terra 0.24.0. It will be removed in the Qiskit 1.0 release. For code migration guidelines, visit https://qisk.it/opflow_migration.
  super().__init__()
C:\qiskit_envs\q0462\Lib\site-packages\qiskit\opflow\operator_base.py:56: DeprecationWarning: The class ``qiskit.opflow.mixins.star_algebra.StarAlgebraMixin`` is deprecated as of qiskit-terra 0.24.0. It will be removed in the Qiskit 1.0 release. For code migration guidelines, visit https://qisk.it/opflow_migration.
  super().__init__()
FAIL

======================================================================
FAIL: test_reconstructed_hamiltonian_and_exact_evolution (__main__.Regression.test_reconstructed_hamiltonian_and_exact_evolution)
----------------------------------------------------------------------
Traceback (most recent call last):
  File "C:\APR2\APR_code_gen\Part2_Create_test\reconstructed_cases\issue_889\test.py", line 29, in test_reconstructed_hamiltonian_and_exact_evolution
    np.testing.assert_allclose(Operator(m["circ"]).data, expm(-1j*H), atol=1e-9)
  File "C:\qiskit_envs\q0462\Lib\site-packages\numpy\testing\_private\utils.py", line 1768, in assert_allclose
    assert_array_compare(compare, actual, desired, err_msg=str(err_msg),
  File "C:\qiskit_envs\q0462\Lib\site-packages\numpy\testing\_private\utils.py", line 983, in assert_array_compare
    raise AssertionError(msg)
AssertionError: 
Not equal to tolerance rtol=1e-07, atol=1e-09

Mismatched elements: 32 / 64 (50%)
First 5 mismatches are at indices:
 [0, 0]: (-0.8640062082485966-0.0996888791573784j) (ACTUAL), (-0.8640062082485966+0.0996888791573784j) (DESIRED)
 [0, 3]: (-0.2842162960001235+0.02015515437912536j) (ACTUAL), (-0.2842162960001235-0.02015515437912536j) (DESIRED)
 [0, 5]: (-0.28421629600012355+0.020155154379125333j) (ACTUAL), (-0.28421629600012355-0.020155154379125333j) (DESIRED)
 [0, 6]: (-0.28421629600012355+0.020155154379125354j) (ACTUAL), (-0.28421629600012355-0.020155154379125354j) (DESIRED)
 [1, 1]: (0.39960083571686833+0.5916888924158497j) (ACTUAL), (0.39960083571686833-0.5916888924158497j) (DESIRED)
Max absolute difference among violations: 1.47707319
Max relative difference among violations: 1.82821962
 ACTUAL: array([[-0.864006-0.099689j,  0.      +0.j      ,  0.      +0.j      ,
        -0.284216+0.020155j,  0.      +0.j      , -0.284216+0.020155j,
        -0.284216+0.020155j,  0.      +0.j      ],...
 DESIRED: array([[-0.864006+0.099689j,  0.      +0.j      ,  0.      +0.j      ,
        -0.284216-0.020155j,  0.      +0.j      , -0.284216-0.020155j,
        -0.284216-0.020155j,  0.      +0.j      ],...

----------------------------------------------------------------------
Ran 1 test in 3.383s

FAILED (failures=1)
