
test_printed_indices_match_actual_circuit_operands (__main__.Regression.test_printed_indices_match_actual_circuit_operands) ... C:\APR2\llm_repair\llm_fixes\issue_911\llm_fix.py:10: DeprecationWarning: Treating CircuitInstruction as an iterable is deprecated legacy behavior since Qiskit 1.2, and will be removed in Qiskit 3.0. Instead, use the `operation`, `qubits` and `clbits` named attributes.
  for name_of_gate, qargs, cargs in qc.data:
ERROR

======================================================================
ERROR: test_printed_indices_match_actual_circuit_operands (__main__.Regression.test_printed_indices_match_actual_circuit_operands)
----------------------------------------------------------------------
Traceback (most recent call last):
  File "C:\APR2\APR_code_gen\Part2_Create_test\reconstructed_cases\issue_911\test.py", line 23, in test_printed_indices_match_actual_circuit_operands
    actual = [ast.literal_eval(line.split(":",1)[1].strip())
              ^^^^^^^^^^^^^^^^^^^^^^^^^^^^^^^^^^^^^^^^^^^^^^
  File "C:\Users\User\AppData\Local\Programs\Python\Python312\Lib\ast.py", line 66, in literal_eval
    node_or_string = parse(node_or_string.lstrip(" \t"), mode='eval')
                     ^^^^^^^^^^^^^^^^^^^^^^^^^^^^^^^^^^^^^^^^^^^^^^^^
  File "C:\Users\User\AppData\Local\Programs\Python\Python312\Lib\ast.py", line 52, in parse
    return compile(source, filename, mode, flags,
           ^^^^^^^^^^^^^^^^^^^^^^^^^^^^^^^^^^^^^^
  File "<unknown>", line 1
    [<Qubit register=(3, "q"), index=0>]
     ^
SyntaxError: invalid syntax

----------------------------------------------------------------------
Ran 1 test in 0.779s

FAILED (errors=1)
