
test_backend_capacity_and_bell_counts (__main__.TestIntent.test_backend_capacity_and_bell_counts) ... C:\qiskit_envs\q0460\Lib\site-packages\qiskit\utils\algorithm_globals.py:20: DeprecationWarning: Accessing 'parallel' from 'qiskit.tools' is deprecated since Qiskit 0.46.0 and will be removed in Qiskit 1.0.0. Import from 'qiskit.utils.parallel' instead 
  from qiskit.tools import parallel
C:\qiskit_envs\q0460\Lib\site-packages\qiskit\utils\parallel.py:60: DeprecationWarning: qiskit.tools.events is deprecated and will be removed in Qiskit 1.0.0
  from qiskit.tools.events.pubsub import Publisher
C:\qiskit_envs\q0460\Lib\site-packages\qiskit\utils\algorithm_globals.py:20: DeprecationWarning: 'qiskit.tools.parallel' is deprecated and is now located at 'qiskit.utils.parallel'. This path will no longer work in Qiskit 1.0.0
  from qiskit.tools import parallel
C:\qiskit_envs\q0460\Lib\site-packages\qiskit\utils\algorithm_globals.py:178: DeprecationWarning: The class ``qiskit.utils.algorithm_globals.QiskitAlgorithmGlobals`` is deprecated as of qiskit 0.45.0. It will be removed in the Qiskit 1.0 release. This algorithm utility has been migrated to an independent package: https://github.com/qiskit-community/qiskit-algorithms. You can run ``pip install qiskit_algorithms`` and import ``from qiskit_algorithms.utils`` instead. 
  algorithm_globals = QiskitAlgorithmGlobals()
C:\qiskit_envs\q0460\Lib\site-packages\qiskit\utils\algorithm_globals.py:50: DeprecationWarning: The property ``qiskit.utils.algorithm_globals.QiskitAlgorithmGlobals.num_processes`` is deprecated as of qiskit 0.45.0. It will be removed in the Qiskit 1.0 release. This algorithm utility belongs to a legacy workflow and has no replacement.
  self.num_processes = settings.get("num_processes", QiskitAlgorithmGlobals.CPU_COUNT)
C:\qiskit_envs\q0460\Lib\site-packages\qiskit\utils\algorithm_globals.py:125: DeprecationWarning: The property ``qiskit.utils.algorithm_globals.QiskitAlgorithmGlobals.num_processes`` is deprecated as of qiskit 0.45.0. It will be removed in the Qiskit 1.0 release. This algorithm utility belongs to a legacy workflow and has no replacement.
  parallel.CPU_COUNT = self.num_processes
C:\qiskit_envs\q0460\Lib\site-packages\qiskit\converters\ast_to_dag.py:23: DeprecationWarning: The `qiskit.qasm` has been deprecated and superseded by the `qiskit.qasm2` module. `qiskit.qasm` will be removed in the Qiskit 1.0.0 release.
  from qiskit.qasm.node.real import Real
C:\APR2\llm_repair\llm_fixes\issue_622\llm_astra6_fix.py:3: DeprecationWarning: The `qiskit.test` module is deprecated since Qiskit 0.46, and will be removed in Qiskit 1.0. This module was internal to Qiskit's test suite; if you absolutely require any of its functionality, consider vendoring the code into your own project.
  from qiskit.test.mock import FakeVigo
C:\APR2\llm_repair\llm_fixes\issue_622\llm_astra6_fix.py:3: DeprecationWarning: The module 'qiskit.test.mock' is deprecated since Qiskit Terra 0.21.0, and will be removed in Qiskit 1.0. Instead, you should import the desired object directly 'qiskit.providers.fake_provider'.
  from qiskit.test.mock import FakeVigo
C:\APR2\llm_repair\llm_fixes\issue_622\llm_astra6_fix.py:6: DeprecationWarning: All fake backend instances based on real device snapshots (`FakeVigo`,`FakeSherbrooke`,...) have been migrated to the `qiskit_ibm_runtime` package. These classes are deprecated as of qiskit 0.46.0 and will be removed in qiskit 1.0.0. To migrate your code, run `pip install qiskit-ibm-runtime` and use `from qiskit_ibm_runtime.fake_provider import FakeExample` instead of `from qiskit.providers.fake_provider import FakeExample`. If you are using a custom fake backend implementation, you don't need to take any action.
  backend = FakeVigo()
C:\APR2\llm_repair\llm_fixes\issue_622\llm_astra6_fix.py:15: DeprecationWarning: The function ``qiskit.execute_function.execute()`` is deprecated as of qiskit 0.46.0. It will be removed in the Qiskit 1.0 release. This function combines ``transpile`` and ``backend.run``, which is covered by ``Sampler`` :mod:`~qiskit.primitives`. Alternatively, you can also run :func:`.transpile` followed by ``backend.run()``.
  job_exp = qiskit.execute(qc, backend=backend, shots=1024, max_credits=3)
ok

----------------------------------------------------------------------
Ran 1 test in 4.027s

OK
