
test_hamiltonian_coefficients_and_matrix (__main__.TestIntent) ... ERROR

======================================================================
ERROR: test_hamiltonian_coefficients_and_matrix (__main__.TestIntent)
----------------------------------------------------------------------
Traceback (most recent call last):
  File "C:\APR2\APR_code_gen\Part2_Create_test\reconstructed_cases\issue_261\test.py", line 23, in test_hamiltonian_coefficients_and_matrix
    ns = load_target()
  File "C:\APR2\APR_code_gen\Part2_Create_test\reconstructed_cases\issue_261\test.py", line 16, in load_target
    return runpy.run_path(MUT)
  File "C:\Users\User\AppData\Local\Programs\Python\Python39\lib\runpy.py", line 288, in run_path
    return _run_module_code(code, init_globals, run_name,
  File "C:\Users\User\AppData\Local\Programs\Python\Python39\lib\runpy.py", line 97, in _run_module_code
    _run_code(code, mod_globals, init_globals,
  File "C:\Users\User\AppData\Local\Programs\Python\Python39\lib\runpy.py", line 87, in _run_code
    exec(code, run_globals)
  File "C:\APR2\APR_code_gen\Part2_Create_test\reconstructed_cases\issue_261\buggy.py", line 10, in <module>
    hamiltonian = PauliOp(hamiltonian_string)
  File "C:\qiskit_envs\q0252\lib\site-packages\qiskit\opflow\primitive_ops\pauli_op.py", line 50, in __init__
    raise TypeError(
TypeError: PauliOp can only be instantiated with Paulis, not <class 'str'>

----------------------------------------------------------------------
Ran 1 test in 2.313s

FAILED (errors=1)
