
test_transpiled_ghz_measurement_distribution (__main__.TestIntent.test_transpiled_ghz_measurement_distribution) ... ERROR

======================================================================
ERROR: test_transpiled_ghz_measurement_distribution (__main__.TestIntent.test_transpiled_ghz_measurement_distribution)
----------------------------------------------------------------------
Traceback (most recent call last):
  File "C:\qiskit_envs\q0450\Lib\site-packages\qiskit\transpiler\runningpassmanager.py", line 161, in wrapper
    return meth(*meth_args, **meth_kwargs)
           ^^^^^^^^^^^^^^^^^^^^^^^^^^^^^^^
  File "C:\qiskit_envs\q0450\Lib\site-packages\qiskit\passmanager\base_tasks.py", line 218, in execute
    passmanager_ir, state = next_task.execute(
                            ^^^^^^^^^^^^^^^^^^
  File "C:\qiskit_envs\q0450\Lib\site-packages\qiskit\transpiler\basepasses.py", line 195, in execute
    new_dag, state = super().execute(
                     ^^^^^^^^^^^^^^^^
  File "C:\qiskit_envs\q0450\Lib\site-packages\qiskit\passmanager\base_tasks.py", line 98, in execute
    ret = self.run(passmanager_ir)
          ^^^^^^^^^^^^^^^^^^^^^^^^
  File "C:\qiskit_envs\q0450\Lib\site-packages\qiskit\transpiler\passes\layout\apply_layout.py", line 56, in run
    raise TranspilerError("The 'layout' must be full (with ancilla).")
qiskit.transpiler.exceptions.TranspilerError: "The 'layout' must be full (with ancilla)."

The above exception was the direct cause of the following exception:

Traceback (most recent call last):
  File "C:\qiskit_envs\q0450\Lib\site-packages\qiskit\transpiler\passmanager.py", line 551, in wrapper
    return meth(*meth_args, **meth_kwargs)
           ^^^^^^^^^^^^^^^^^^^^^^^^^^^^^^^
  File "C:\qiskit_envs\q0450\Lib\site-packages\qiskit\transpiler\passmanager.py", line 291, in run
    return super().run(
           ^^^^^^^^^^^^
  File "C:\qiskit_envs\q0450\Lib\site-packages\qiskit\passmanager\passmanager.py", line 222, in run
    out_program = _run_workflow(
                  ^^^^^^^^^^^^^^
  File "C:\qiskit_envs\q0450\Lib\site-packages\qiskit\passmanager\passmanager.py", line 284, in _run_workflow
    passmanager_ir, _ = flow_controller.execute(
                        ^^^^^^^^^^^^^^^^^^^^^^^^
  File "C:\qiskit_envs\q0450\Lib\site-packages\qiskit\transpiler\runningpassmanager.py", line 163, in wrapper
    raise TranspilerError(ex.message) from ex
qiskit.transpiler.exceptions.TranspilerError: "The 'layout' must be full (with ancilla)."

The above exception was the direct cause of the following exception:

Traceback (most recent call last):
  File "C:\APR2\APR_code_gen\Part2_Create_test\reconstructed_cases\issue_009\test.py", line 21, in test_transpiled_ghz_measurement_distribution
    ns = load_target()
         ^^^^^^^^^^^^^
  File "C:\APR2\APR_code_gen\Part2_Create_test\reconstructed_cases\issue_009\test.py", line 14, in load_target
    return runpy.run_path(MUT)
           ^^^^^^^^^^^^^^^^^^^
  File "<frozen runpy>", line 291, in run_path
  File "<frozen runpy>", line 98, in _run_module_code
  File "<frozen runpy>", line 88, in _run_code
  File "C:\APR2\llm_repair\llm_fixes\issue_009\llm_fix.py", line 20, in <module>
    transpiled = pass_manager.run(qc)
                 ^^^^^^^^^^^^^^^^^^^^
  File "C:\qiskit_envs\q0450\Lib\site-packages\qiskit\transpiler\passmanager.py", line 553, in wrapper
    raise TranspilerError(ex.message) from ex
qiskit.transpiler.exceptions.TranspilerError: "The 'layout' must be full (with ancilla)."

----------------------------------------------------------------------
Ran 1 test in 0.125s

FAILED (errors=1)
