
test_public_bit_locations (__main__.TestIntent.test_public_bit_locations) ... 
  test_public_bit_locations (__main__.TestIntent.test_public_bit_locations) (h_index=0, control_index=0, prefix_size=0) ... ERROR
  test_public_bit_locations (__main__.TestIntent.test_public_bit_locations) (h_index=1, control_index=1, prefix_size=0) ... ERROR
  test_public_bit_locations (__main__.TestIntent.test_public_bit_locations) (h_index=1, control_index=0, prefix_size=0) ... ERROR
  test_public_bit_locations (__main__.TestIntent.test_public_bit_locations) (h_index=1, control_index=0, prefix_size=1) ... ERROR

======================================================================
ERROR: test_public_bit_locations (__main__.TestIntent.test_public_bit_locations) (h_index=0, control_index=0, prefix_size=0)
----------------------------------------------------------------------
Traceback (most recent call last):
  File "C:\APR2\APR_code_gen\Part2_Create_test\reconstructed_cases\issue_061\test_new.py", line 22, in test_public_bit_locations
    check_bit_reporting(MUT, h_index=h_index, control_index=control_index, prefix_size=prefix_size)
  File "C:\APR2\APR_code_gen\Part2_Create_test\reconstructed_cases\bit_location_oracle.py", line 114, in check_bit_reporting
    namespace = runpy.run_path(path)
                ^^^^^^^^^^^^^^^^^^^^
  File "<frozen runpy>", line 291, in run_path
  File "<frozen runpy>", line 98, in _run_module_code
  File "<frozen runpy>", line 88, in _run_code
  File "C:\APR2\APR_code_gen\Part2_Create_test\reconstructed_cases\issue_061\buggy.py", line 11, in <module>
    print(qbit.register)
          ^^^^^^^^^^^^^
AttributeError: 'Qubit' object has no attribute 'register'

======================================================================
ERROR: test_public_bit_locations (__main__.TestIntent.test_public_bit_locations) (h_index=1, control_index=1, prefix_size=0)
----------------------------------------------------------------------
Traceback (most recent call last):
  File "C:\APR2\APR_code_gen\Part2_Create_test\reconstructed_cases\issue_061\test_new.py", line 22, in test_public_bit_locations
    check_bit_reporting(MUT, h_index=h_index, control_index=control_index, prefix_size=prefix_size)
  File "C:\APR2\APR_code_gen\Part2_Create_test\reconstructed_cases\bit_location_oracle.py", line 114, in check_bit_reporting
    namespace = runpy.run_path(path)
                ^^^^^^^^^^^^^^^^^^^^
  File "<frozen runpy>", line 291, in run_path
  File "<frozen runpy>", line 98, in _run_module_code
  File "<frozen runpy>", line 88, in _run_code
  File "C:\APR2\APR_code_gen\Part2_Create_test\reconstructed_cases\issue_061\buggy.py", line 11, in <module>
    print(qbit.register)
          ^^^^^^^^^^^^^
AttributeError: 'Qubit' object has no attribute 'register'

======================================================================
ERROR: test_public_bit_locations (__main__.TestIntent.test_public_bit_locations) (h_index=1, control_index=0, prefix_size=0)
----------------------------------------------------------------------
Traceback (most recent call last):
  File "C:\APR2\APR_code_gen\Part2_Create_test\reconstructed_cases\issue_061\test_new.py", line 22, in test_public_bit_locations
    check_bit_reporting(MUT, h_index=h_index, control_index=control_index, prefix_size=prefix_size)
  File "C:\APR2\APR_code_gen\Part2_Create_test\reconstructed_cases\bit_location_oracle.py", line 114, in check_bit_reporting
    namespace = runpy.run_path(path)
                ^^^^^^^^^^^^^^^^^^^^
  File "<frozen runpy>", line 291, in run_path
  File "<frozen runpy>", line 98, in _run_module_code
  File "<frozen runpy>", line 88, in _run_code
  File "C:\APR2\APR_code_gen\Part2_Create_test\reconstructed_cases\issue_061\buggy.py", line 11, in <module>
    print(qbit.register)
          ^^^^^^^^^^^^^
AttributeError: 'Qubit' object has no attribute 'register'

======================================================================
ERROR: test_public_bit_locations (__main__.TestIntent.test_public_bit_locations) (h_index=1, control_index=0, prefix_size=1)
----------------------------------------------------------------------
Traceback (most recent call last):
  File "C:\APR2\APR_code_gen\Part2_Create_test\reconstructed_cases\issue_061\test_new.py", line 22, in test_public_bit_locations
    check_bit_reporting(MUT, h_index=h_index, control_index=control_index, prefix_size=prefix_size)
  File "C:\APR2\APR_code_gen\Part2_Create_test\reconstructed_cases\bit_location_oracle.py", line 114, in check_bit_reporting
    namespace = runpy.run_path(path)
                ^^^^^^^^^^^^^^^^^^^^
  File "<frozen runpy>", line 291, in run_path
  File "<frozen runpy>", line 98, in _run_module_code
  File "<frozen runpy>", line 88, in _run_code
  File "C:\APR2\APR_code_gen\Part2_Create_test\reconstructed_cases\issue_061\buggy.py", line 11, in <module>
    print(qbit.register)
          ^^^^^^^^^^^^^
AttributeError: 'Qubit' object has no attribute 'register'

----------------------------------------------------------------------
Ran 1 test in 0.019s

FAILED (errors=4)
