
test_pauli_x_example_and_multiple_known_gates (__main__.TestIntent.test_pauli_x_example_and_multiple_known_gates) ... ERROR
test_unknown_and_parameterized_gate_return_none (__main__.TestIntent.test_unknown_and_parameterized_gate_return_none) ... ERROR

======================================================================
ERROR: test_pauli_x_example_and_multiple_known_gates (__main__.TestIntent.test_pauli_x_example_and_multiple_known_gates)
----------------------------------------------------------------------
Traceback (most recent call last):
  File "C:\APR2\APR_code_gen\Part2_Create_test\reconstructed_cases\issue_769\test.py", line 22, in test_pauli_x_example_and_multiple_known_gates
    ns = load_target()
         ^^^^^^^^^^^^^
  File "C:\APR2\APR_code_gen\Part2_Create_test\reconstructed_cases\issue_769\test.py", line 16, in load_target
    return runpy.run_path(MUT)
           ^^^^^^^^^^^^^^^^^^^
  File "<frozen runpy>", line 291, in run_path
  File "<frozen runpy>", line 98, in _run_module_code
  File "<frozen runpy>", line 88, in _run_code
  File "C:\APR2\APR_code_gen\Part2_Create_test\reconstructed_cases\issue_769\buggy.py", line 2, in <module>
    from qiskit.extensions import UnitaryGate
ModuleNotFoundError: No module named 'qiskit.extensions'

======================================================================
ERROR: test_unknown_and_parameterized_gate_return_none (__main__.TestIntent.test_unknown_and_parameterized_gate_return_none)
----------------------------------------------------------------------
Traceback (most recent call last):
  File "C:\APR2\APR_code_gen\Part2_Create_test\reconstructed_cases\issue_769\test.py", line 32, in test_unknown_and_parameterized_gate_return_none
    ns = load_target()
         ^^^^^^^^^^^^^
  File "C:\APR2\APR_code_gen\Part2_Create_test\reconstructed_cases\issue_769\test.py", line 16, in load_target
    return runpy.run_path(MUT)
           ^^^^^^^^^^^^^^^^^^^
  File "<frozen runpy>", line 291, in run_path
  File "<frozen runpy>", line 98, in _run_module_code
  File "<frozen runpy>", line 88, in _run_code
  File "C:\APR2\APR_code_gen\Part2_Create_test\reconstructed_cases\issue_769\buggy.py", line 2, in <module>
    from qiskit.extensions import UnitaryGate
ModuleNotFoundError: No module named 'qiskit.extensions'

----------------------------------------------------------------------
Ran 2 tests in 1.208s

FAILED (errors=2)
