
test_iswap_ansatz (__main__.TestIntent) ... C:\qiskit_envs\q0250\lib\site-packages\mpmath\ctx_mp.py:35: DeprecationWarning: mpnumeric is deprecated
  warnings.warn(f"{name} is deprecated", DeprecationWarning)
C:\qiskit_envs\q0250\lib\site-packages\mpmath\rational.py:4: DeprecationWarning: the rational private module is deprecated
  warnings.warn("the rational private module is deprecated",
ERROR

======================================================================
ERROR: test_iswap_ansatz (__main__.TestIntent)
----------------------------------------------------------------------
Traceback (most recent call last):
  File "C:\qiskit_envs\q0250\lib\site-packages\qiskit\circuit\library\n_local\two_local.py", line 246, in _convert_to_block
    layer = valid_layers[layer]
KeyError: 'iswap'

The above exception was the direct cause of the following exception:

Traceback (most recent call last):
  File "C:\APR2\APR_code_gen\Part2_Create_test\reconstructed_cases\issue_032_se\test.py", line 22, in test_iswap_ansatz
    ns = load_target()
  File "C:\APR2\APR_code_gen\Part2_Create_test\reconstructed_cases\issue_032_se\test.py", line 14, in load_target
    return runpy.run_path(MUT)
  File "C:\Users\User\AppData\Local\Programs\Python\Python39\lib\runpy.py", line 288, in run_path
    return _run_module_code(code, init_globals, run_name,
  File "C:\Users\User\AppData\Local\Programs\Python\Python39\lib\runpy.py", line 97, in _run_module_code
    _run_code(code, mod_globals, init_globals,
  File "C:\Users\User\AppData\Local\Programs\Python\Python39\lib\runpy.py", line 87, in _run_code
    exec(code, run_globals)
  File "C:\APR2\APR_code_gen\Part2_Create_test\reconstructed_cases\issue_032_se\buggy.py", line 5, in <module>
    ansatz = TwoLocal(
  File "C:\qiskit_envs\q0250\lib\site-packages\qiskit\circuit\library\n_local\two_local.py", line 177, in __init__
    super().__init__(num_qubits=num_qubits,
  File "C:\qiskit_envs\q0250\lib\site-packages\qiskit\circuit\library\n_local\n_local.py", line 140, in __init__
    self.entanglement_blocks = entanglement_blocks
  File "C:\qiskit_envs\q0250\lib\site-packages\qiskit\circuit\library\n_local\n_local.py", line 248, in entanglement_blocks
    self._entanglement_blocks = [self._convert_to_block(block) for block in blocks]
  File "C:\qiskit_envs\q0250\lib\site-packages\qiskit\circuit\library\n_local\n_local.py", line 248, in <listcomp>
    self._entanglement_blocks = [self._convert_to_block(block) for block in blocks]
  File "C:\qiskit_envs\q0250\lib\site-packages\qiskit\circuit\library\n_local\two_local.py", line 248, in _convert_to_block
    raise ValueError(f'Unknown layer name `{layer}`.') from ex
ValueError: Unknown layer name `iswap`.

----------------------------------------------------------------------
Ran 1 test in 0.883s

FAILED (errors=1)
