
test_exact_minimum_eigenvalue (__main__.Regression) ... C:\qiskit_envs\q0250\lib\site-packages\mpmath\ctx_mp.py:35: DeprecationWarning: mpnumeric is deprecated
  warnings.warn(f"{name} is deprecated", DeprecationWarning)
C:\qiskit_envs\q0250\lib\site-packages\mpmath\rational.py:4: DeprecationWarning: the rational private module is deprecated
  warnings.warn("the rational private module is deprecated",
ERROR
test_exposed_operator_is_ZZII (__main__.Regression) ... ERROR

======================================================================
ERROR: test_exact_minimum_eigenvalue (__main__.Regression)
----------------------------------------------------------------------
Traceback (most recent call last):
  File "C:\APR2\APR_code_gen\Part2_Create_test\reconstructed_cases\issue_921\test.py", line 104, in test_exact_minimum_eigenvalue
    namespace, output = target()
  File "C:\APR2\APR_code_gen\Part2_Create_test\reconstructed_cases\issue_921\test.py", line 23, in target
    namespace = runpy.run_path(
  File "C:\Users\User\AppData\Local\Programs\Python\Python39\lib\runpy.py", line 288, in run_path
    return _run_module_code(code, init_globals, run_name,
  File "C:\Users\User\AppData\Local\Programs\Python\Python39\lib\runpy.py", line 97, in _run_module_code
    _run_code(code, mod_globals, init_globals,
  File "C:\Users\User\AppData\Local\Programs\Python\Python39\lib\runpy.py", line 87, in _run_code
    exec(code, run_globals)
  File "C:\APR2\APR_code_gen\Part2_Create_test\reconstructed_cases\issue_921\buggy.py", line 1, in <module>
    from qiskit.aqua import run_algorithm
ImportError: cannot import name 'run_algorithm' from 'qiskit.aqua' (C:\qiskit_envs\q0250\lib\site-packages\qiskit\aqua\__init__.py)

======================================================================
ERROR: test_exposed_operator_is_ZZII (__main__.Regression)
----------------------------------------------------------------------
Traceback (most recent call last):
  File "C:\APR2\APR_code_gen\Part2_Create_test\reconstructed_cases\issue_921\test.py", line 125, in test_exposed_operator_is_ZZII
    namespace, _ = target()
  File "C:\APR2\APR_code_gen\Part2_Create_test\reconstructed_cases\issue_921\test.py", line 23, in target
    namespace = runpy.run_path(
  File "C:\Users\User\AppData\Local\Programs\Python\Python39\lib\runpy.py", line 288, in run_path
    return _run_module_code(code, init_globals, run_name,
  File "C:\Users\User\AppData\Local\Programs\Python\Python39\lib\runpy.py", line 97, in _run_module_code
    _run_code(code, mod_globals, init_globals,
  File "C:\Users\User\AppData\Local\Programs\Python\Python39\lib\runpy.py", line 87, in _run_code
    exec(code, run_globals)
  File "C:\APR2\APR_code_gen\Part2_Create_test\reconstructed_cases\issue_921\buggy.py", line 1, in <module>
    from qiskit.aqua import run_algorithm
ImportError: cannot import name 'run_algorithm' from 'qiskit.aqua' (C:\qiskit_envs\q0250\lib\site-packages\qiskit\aqua\__init__.py)

----------------------------------------------------------------------
Ran 2 tests in 10.589s

FAILED (errors=2)
