
test_saved_unitary_from_aer (__main__.TestIntent.test_saved_unitary_from_aer) ... C:\qiskit_envs\q0461\Lib\site-packages\qiskit\utils\algorithm_globals.py:20: DeprecationWarning: Accessing 'parallel' from 'qiskit.tools' is deprecated since Qiskit 0.46.0 and will be removed in Qiskit 1.0.0. Import from 'qiskit.utils.parallel' instead 
  from qiskit.tools import parallel
C:\qiskit_envs\q0461\Lib\site-packages\qiskit\utils\parallel.py:56: DeprecationWarning: qiskit.tools.events is deprecated and will be removed in Qiskit 1.0.0
  from qiskit.tools.events.pubsub import Publisher
C:\qiskit_envs\q0461\Lib\site-packages\qiskit\utils\algorithm_globals.py:20: DeprecationWarning: 'qiskit.tools.parallel' is deprecated and is now located at 'qiskit.utils.parallel'. This path will no longer work in Qiskit 1.0.0
  from qiskit.tools import parallel
C:\qiskit_envs\q0461\Lib\site-packages\qiskit\utils\algorithm_globals.py:178: DeprecationWarning: The class ``qiskit.utils.algorithm_globals.QiskitAlgorithmGlobals`` is deprecated as of qiskit 0.45.0. It will be removed in the Qiskit 1.0 release. This algorithm utility has been migrated to an independent package: https://github.com/qiskit-community/qiskit-algorithms. You can run ``pip install qiskit_algorithms`` and import ``from qiskit_algorithms.utils`` instead. 
  algorithm_globals = QiskitAlgorithmGlobals()
C:\qiskit_envs\q0461\Lib\site-packages\qiskit\utils\algorithm_globals.py:50: DeprecationWarning: The property ``qiskit.utils.algorithm_globals.QiskitAlgorithmGlobals.num_processes`` is deprecated as of qiskit 0.45.0. It will be removed in the Qiskit 1.0 release. This algorithm utility belongs to a legacy workflow and has no replacement.
  self.num_processes = settings.get("num_processes", QiskitAlgorithmGlobals.CPU_COUNT)
C:\qiskit_envs\q0461\Lib\site-packages\qiskit\utils\algorithm_globals.py:125: DeprecationWarning: The property ``qiskit.utils.algorithm_globals.QiskitAlgorithmGlobals.num_processes`` is deprecated as of qiskit 0.45.0. It will be removed in the Qiskit 1.0 release. This algorithm utility belongs to a legacy workflow and has no replacement.
  parallel.CPU_COUNT = self.num_processes
C:\qiskit_envs\q0461\Lib\site-packages\qiskit\converters\ast_to_dag.py:23: DeprecationWarning: The `qiskit.qasm` has been deprecated and superseded by the `qiskit.qasm2` module. `qiskit.qasm` will be removed in the Qiskit 1.0.0 release.
  from qiskit.qasm.node.real import Real
ERROR

======================================================================
ERROR: test_saved_unitary_from_aer (__main__.TestIntent.test_saved_unitary_from_aer)
----------------------------------------------------------------------
Traceback (most recent call last):
  File "C:\qiskit_envs\q0461\Lib\site-packages\qiskit\result\result.py", line 336, in get_unitary
    return postprocess.format_unitary(self.data(experiment)["unitary"], decimals=decimals)
                                      ~~~~~~~~~~~~~~~~~~~~~^^^^^^^^^^^
KeyError: 'unitary'

The above exception was the direct cause of the following exception:

Traceback (most recent call last):
  File "C:\APR2\APR_code_gen\Part2_Create_test\reconstructed_cases\issue_595\test.py", line 21, in test_saved_unitary_from_aer
    ns = load_target()
         ^^^^^^^^^^^^^
  File "C:\APR2\APR_code_gen\Part2_Create_test\reconstructed_cases\issue_595\test.py", line 15, in load_target
    return runpy.run_path(MUT)
           ^^^^^^^^^^^^^^^^^^^
  File "<frozen runpy>", line 291, in run_path
  File "<frozen runpy>", line 98, in _run_module_code
  File "<frozen runpy>", line 88, in _run_code
  File "C:\APR2\APR_code_gen\Part2_Create_test\reconstructed_cases\issue_595\buggy.py", line 15, in <module>
    unitary = result.get_unitary(circ)
              ^^^^^^^^^^^^^^^^^^^^^^^^
  File "C:\qiskit_envs\q0461\Lib\site-packages\qiskit\result\result.py", line 338, in get_unitary
    raise QiskitError(f'No unitary for experiment "{repr(experiment)}"') from ex
qiskit.exceptions.QiskitError: 'No unitary for experiment "<qiskit.circuit.quantumcircuit.QuantumCircuit object at 0x000002BB2F00F110>"'

----------------------------------------------------------------------
Ran 1 test in 5.376s

FAILED (errors=1)
