         ┌────┐
state_0: ┤0   ├
         │    │
state_1: ┤1 Q ├
         │    │
state_2: ┤2   ├
         └────┘

test_exact_marked_phases_and_grover_amplification (__main__.TestMultiTargetOracle.test_exact_marked_phases_and_grover_amplification) ... C:\qiskit_envs\q0452\Lib\site-packages\qiskit\utils\algorithm_globals.py:170: DeprecationWarning: The class ``qiskit.utils.algorithm_globals.QiskitAlgorithmGlobals`` is deprecated as of qiskit 0.45.0. It will be removed no earlier than 3 months after the release date. This algorithm utility has been migrated to an independent package: https://github.com/qiskit-community/qiskit-algorithms. You can run ``pip install qiskit_algorithms`` and import ``from qiskit_algorithms.utils`` instead. 
  algorithm_globals = QiskitAlgorithmGlobals()
C:\qiskit_envs\q0452\Lib\site-packages\qiskit\utils\algorithm_globals.py:49: DeprecationWarning: The property ``qiskit.utils.algorithm_globals.QiskitAlgorithmGlobals.num_processes`` is deprecated as of qiskit 0.45.0. It will be removed no earlier than 3 months after the release date. This algorithm utility belongs to a legacy workflow and has no replacement.
  self.num_processes = settings.get("num_processes", QiskitAlgorithmGlobals.CPU_COUNT)
C:\qiskit_envs\q0452\Lib\site-packages\qiskit\utils\algorithm_globals.py:120: DeprecationWarning: The property ``qiskit.utils.algorithm_globals.QiskitAlgorithmGlobals.num_processes`` is deprecated as of qiskit 0.45.0. It will be removed no earlier than 3 months after the release date. This algorithm utility belongs to a legacy workflow and has no replacement.
  parallel.CPU_COUNT = self.num_processes
C:\APR2\llm_repair\llm_fixes\issue_396\llm_luna6_fix.py:9: PendingDeprecationWarning: The method ``qiskit.circuit.quantumcircuit.QuantumCircuit.diagonal()`` is pending deprecation as of qiskit 0.45.0. It will be marked deprecated in a future release, and then removed no earlier than 3 months after the release date. Instead, compose the circuit with a qiskit.circuit.library.Diagonal circuit.
  oracle.diagonal([(-1 if format(i, '03b') in targets else 1) for i in range(8)], [0, 1, 2])
C:\qiskit_envs\q0452\Lib\site-packages\qiskit\visualization\circuit\matplotlib.py:50: PendingDeprecationWarning: The qiskit.extensions module is pending deprecation since Qiskit 0.45.0. It will be deprecated in a following release, no sooner than 3 months after the 0.45.0 release.
  from qiskit.extensions import Initialize
ok

----------------------------------------------------------------------
Ran 1 test in 1.393s

OK
