
test_measured_distribution (__main__.TestIntent.test_measured_distribution) ... C:\qiskit_envs\q0453\Lib\site-packages\qiskit\utils\algorithm_globals.py:170: DeprecationWarning: The class ``qiskit.utils.algorithm_globals.QiskitAlgorithmGlobals`` is deprecated as of qiskit 0.45.0. It will be removed no earlier than 3 months after the release date. This algorithm utility has been migrated to an independent package: https://github.com/qiskit-community/qiskit-algorithms. You can run ``pip install qiskit_algorithms`` and import ``from qiskit_algorithms.utils`` instead. 
  algorithm_globals = QiskitAlgorithmGlobals()
C:\qiskit_envs\q0453\Lib\site-packages\qiskit\utils\algorithm_globals.py:49: DeprecationWarning: The property ``qiskit.utils.algorithm_globals.QiskitAlgorithmGlobals.num_processes`` is deprecated as of qiskit 0.45.0. It will be removed no earlier than 3 months after the release date. This algorithm utility belongs to a legacy workflow and has no replacement.
  self.num_processes = settings.get("num_processes", QiskitAlgorithmGlobals.CPU_COUNT)
C:\qiskit_envs\q0453\Lib\site-packages\qiskit\utils\algorithm_globals.py:120: DeprecationWarning: The property ``qiskit.utils.algorithm_globals.QiskitAlgorithmGlobals.num_processes`` is deprecated as of qiskit 0.45.0. It will be removed no earlier than 3 months after the release date. This algorithm utility belongs to a legacy workflow and has no replacement.
  parallel.CPU_COUNT = self.num_processes
C:\APR2\APR_code_gen\Part2_Create_test\reconstructed_cases\issue_663\buggy.py:6: PendingDeprecationWarning: The qiskit.Aer entry point will be deprecated in a future release and subsequently removed. Instead you should use this directly from the root of the qiskit-aer package.
  backend_sim = Aer.get_backend('qasm_simulator')
C:\qiskit_envs\q0453\Lib\site-packages\qiskit_aer\backends\qasm_simulator.py:435: PendingDeprecationWarning: The `QasmSimulator` backend will be deprecated in the future. It has been superseded by the `AerSimulator` backend.
  warn(
C:\APR2\APR_code_gen\Part2_Create_test\reconstructed_cases\issue_663\buggy.py:13: DeprecationWarning: The method ``qiskit.circuit.quantumcircuit.QuantumCircuit.i()`` is deprecated as of qiskit 0.45.0. It will be removed no earlier than 3 months after the release date. Use QuantumCircuit.id as direct replacement.
  input_circuit.i(1)
C:\qiskit_envs\q0453\Lib\site-packages\qiskit\utils\deprecation.py:183: PendingDeprecationWarning: Building a flow controller with keyword arguments is going to be deprecated. Custom controllers must be explicitly instantiated and appended to the task list.
  return func(*args, **kwargs)
ERROR

======================================================================
ERROR: test_measured_distribution (__main__.TestIntent.test_measured_distribution)
----------------------------------------------------------------------
Traceback (most recent call last):
  File "C:\APR2\APR_code_gen\Part2_Create_test\reconstructed_cases\issue_663\test.py", line 22, in test_measured_distribution
    ns = load_target()
         ^^^^^^^^^^^^^
  File "C:\APR2\APR_code_gen\Part2_Create_test\reconstructed_cases\issue_663\test.py", line 16, in load_target
    return runpy.run_path(MUT)
           ^^^^^^^^^^^^^^^^^^^
  File "<frozen runpy>", line 291, in run_path
  File "<frozen runpy>", line 98, in _run_module_code
  File "<frozen runpy>", line 88, in _run_code
  File "C:\APR2\APR_code_gen\Part2_Create_test\reconstructed_cases\issue_663\buggy.py", line 18, in <module>
    counts = result_sim.get_counts(input_circuit)
             ^^^^^^^^^^^^^^^^^^^^^^^^^^^^^^^^^^^^
  File "C:\qiskit_envs\q0453\Lib\site-packages\qiskit\result\result.py", line 289, in get_counts
    raise QiskitError(f'No counts for experiment "{repr(key)}"')
qiskit.exceptions.QiskitError: 'No counts for experiment "<qiskit.circuit.quantumcircuit.QuantumCircuit object at 0x0000020EA94C4F50>"'

----------------------------------------------------------------------
Ran 1 test in 2.819s

FAILED (errors=1)
