
test_exact_negative_h_tensor_h_not_just_global_equivalence (__main__.Regression.test_exact_negative_h_tensor_h_not_just_global_equivalence) ... 
  test_exact_negative_h_tensor_h_not_just_global_equivalence (__main__.Regression.test_exact_negative_h_tensor_h_not_just_global_equivalence) (circuit='qc') ... FAIL
  test_exact_negative_h_tensor_h_not_just_global_equivalence (__main__.Regression.test_exact_negative_h_tensor_h_not_just_global_equivalence) (circuit='qc2') ... ERROR

======================================================================
ERROR: test_exact_negative_h_tensor_h_not_just_global_equivalence (__main__.Regression.test_exact_negative_h_tensor_h_not_just_global_equivalence) (circuit='qc2')
----------------------------------------------------------------------
Traceback (most recent call last):
  File "C:\APR2\APR_code_gen\Part2_Create_test\reconstructed_cases\issue_958\test.py", line 27, in test_exact_negative_h_tensor_h_not_just_global_equivalence
    np.testing.assert_allclose(Operator(m[name]).data, expected, atol=1e-12)
                                        ~^^^^^^
KeyError: 'qc2'

======================================================================
FAIL: test_exact_negative_h_tensor_h_not_just_global_equivalence (__main__.Regression.test_exact_negative_h_tensor_h_not_just_global_equivalence) (circuit='qc')
----------------------------------------------------------------------
Traceback (most recent call last):
  File "C:\APR2\APR_code_gen\Part2_Create_test\reconstructed_cases\issue_958\test.py", line 27, in test_exact_negative_h_tensor_h_not_just_global_equivalence
    np.testing.assert_allclose(Operator(m[name]).data, expected, atol=1e-12)
  File "C:\qiskit_envs\q100\Lib\site-packages\numpy\testing\_private\utils.py", line 1504, in assert_allclose
    assert_array_compare(compare, actual, desired, err_msg=str(err_msg),
  File "C:\Users\User\AppData\Local\Programs\Python\Python311\Lib\contextlib.py", line 81, in inner
    return func(*args, **kwds)
           ^^^^^^^^^^^^^^^^^^^
  File "C:\qiskit_envs\q100\Lib\site-packages\numpy\testing\_private\utils.py", line 797, in assert_array_compare
    raise AssertionError(msg)
AssertionError: 
Not equal to tolerance rtol=1e-07, atol=1e-12

Mismatched elements: 16 / 16 (100%)
Max absolute difference: 1.5
Max relative difference: 3.
 x: array([[1.+0.j, 0.+0.j, 0.+0.j, 0.+0.j],
       [0.+0.j, 1.+0.j, 0.+0.j, 0.+0.j],
       [0.+0.j, 0.+0.j, 1.+0.j, 0.+0.j],
       [0.+0.j, 0.+0.j, 0.+0.j, 1.+0.j]])
 y: array([[-0.5, -0.5, -0.5, -0.5],
       [-0.5,  0.5, -0.5,  0.5],
       [-0.5, -0.5,  0.5,  0.5],
       [-0.5,  0.5,  0.5, -0.5]])

----------------------------------------------------------------------
Ran 1 test in 0.843s

FAILED (failures=1, errors=1)
