counts [[64]
 [64]
 [64]]
result.values [{'00': 64}, {'11': 64}, {'00': 64}]
counts [list([59, 41]) list([100]) list([100])]
result.values [{'1': 59, '0': 41}, {'1': 100}, {'0': 100}]

test_batch_order_and_two_qubit_outcomes (__main__.Regression) ... C:\qiskit_envs\q0250\lib\site-packages\qiskit\providers\aer\backends\qasm_simulator.py:329: PendingDeprecationWarning: The `QasmSimulator` backend will be deprecated in the future. It has been superseded by the `AerSimulator` backend.
  warn('The `QasmSimulator` backend will be deprecated in the'
C:\qiskit_envs\q0250\lib\site-packages\mpmath\ctx_mp.py:35: DeprecationWarning: mpnumeric is deprecated
  warnings.warn(f"{name} is deprecated", DeprecationWarning)
C:\qiskit_envs\q0250\lib\site-packages\mpmath\rational.py:4: DeprecationWarning: the rational private module is deprecated
  warnings.warn("the rational private module is deprecated",
ERROR
test_multiple_circuits_return_separate_histograms (__main__.Regression) ... C:\APR2\llm_repair\llm_fixes\issue_803\llm_luna6_fix.py:22: VisibleDeprecationWarning: Creating an ndarray from ragged nested sequences (which is a list-or-tuple of lists-or-tuples-or ndarrays with different lengths or shapes) is deprecated. If you meant to do this, you must specify 'dtype=object' when creating the ndarray.
  counts = np.array([list(count.values()) for count in result])
FAIL

======================================================================
ERROR: test_batch_order_and_two_qubit_outcomes (__main__.Regression)
----------------------------------------------------------------------
Traceback (most recent call last):
  File "C:\APR2\APR_code_gen\Part2_Create_test\reconstructed_cases\issue_803\test.py", line 36, in test_batch_order_and_two_qubit_outcomes
    self.assertEqual(counts, [{"00":64}, {"11":64}, {"00":64}])
  File "C:\Users\User\AppData\Local\Programs\Python\Python39\lib\unittest\case.py", line 837, in assertEqual
    assertion_func(first, second, msg=msg)
  File "C:\Users\User\AppData\Local\Programs\Python\Python39\lib\unittest\case.py", line 827, in _baseAssertEqual
    if not first == second:
ValueError: The truth value of an array with more than one element is ambiguous. Use a.any() or a.all()

======================================================================
FAIL: test_multiple_circuits_return_separate_histograms (__main__.Regression)
----------------------------------------------------------------------
Traceback (most recent call last):
  File "C:\APR2\APR_code_gen\Part2_Create_test\reconstructed_cases\issue_803\test.py", line 23, in test_multiple_circuits_return_separate_histograms
    self.assertIsInstance(counts, list)
AssertionError: array([list([59, 41]), list([100]), list([100])], dtype=object) is not an instance of <class 'list'>

----------------------------------------------------------------------
Ran 2 tests in 4.010s

FAILED (failures=1, errors=1)
