
test_local_estimator_observable_and_expectation (__main__.TestIntent.test_local_estimator_observable_and_expectation) ... C:\qiskit_envs\q124\Lib\site-packages\qiskit\providers\fake_provider\fake_backend.py:22: DeprecationWarning: qiskit.providers.models is deprecated since Qiskit 1.2 and will be removed in Qiskit 2.0. With the removal of Qobj, there is no need for these schema-conformant objects. If you still need to use them, it could be because you are using a BackendV1, which is also deprecated in favor of BackendV2.
  from qiskit.providers.models import BackendProperties
ERROR

======================================================================
ERROR: test_local_estimator_observable_and_expectation (__main__.TestIntent.test_local_estimator_observable_and_expectation)
----------------------------------------------------------------------
Traceback (most recent call last):
  File "C:\APR2\APR_code_gen\Part2_Create_test\reconstructed_cases\issue_742\test.py", line 24, in test_local_estimator_observable_and_expectation
    ns = load_target()
         ^^^^^^^^^^^^^
  File "C:\APR2\APR_code_gen\Part2_Create_test\reconstructed_cases\issue_742\test.py", line 18, in load_target
    return runpy.run_path(MUT)
           ^^^^^^^^^^^^^^^^^^^
  File "<frozen runpy>", line 287, in run_path
  File "<frozen runpy>", line 98, in _run_module_code
  File "<frozen runpy>", line 88, in _run_code
  File "C:\APR2\APR_code_gen\Part2_Create_test\reconstructed_cases\issue_742\buggy.py", line 30, in <module>
    job = estimator.run([(qc_t,[obs])])
          ^^^^^^^^^^^^^^^^^^^^^^^^^^^^^
  File "C:\qiskit_envs\_support_runtime\rt0300_py312\qiskit_ibm_runtime\estimator.py", line 158, in run
    coerced_pubs = [EstimatorPub.coerce(pub, precision) for pub in pubs]
                    ^^^^^^^^^^^^^^^^^^^^^^^^^^^^^^^^^^^
  File "C:\qiskit_envs\q124\Lib\site-packages\qiskit\primitives\containers\estimator_pub.py", line 149, in coerce
    observables = ObservablesArray.coerce(pub[1])
                  ^^^^^^^^^^^^^^^^^^^^^^^^^^^^^^^
  File "C:\qiskit_envs\q124\Lib\site-packages\qiskit\primitives\containers\observables_array.py", line 233, in coerce
    return cls(observables)
           ^^^^^^^^^^^^^^^^
  File "C:\qiskit_envs\q124\Lib\site-packages\qiskit\primitives\containers\observables_array.py", line 83, in __init__
    basis_obs = self.coerce_observable(obs)
                ^^^^^^^^^^^^^^^^^^^^^^^^^^^
  File "C:\qiskit_envs\q124\Lib\site-packages\qiskit\primitives\containers\observables_array.py", line 219, in coerce_observable
    raise TypeError(f"Invalid observable type: {type(observable)}")
TypeError: Invalid observable type: <class 'qiskit.quantum_info.operators.operator.Operator'>

----------------------------------------------------------------------
Ran 1 test in 2.322s

FAILED (errors=1)
