
test_full_conditional_truth_table (__main__.TestIntent) ... C:\qiskit_envs\q0253\lib\site-packages\qiskit\providers\aer\backends\qasm_simulator.py:329: PendingDeprecationWarning: The `QasmSimulator` backend will be deprecated in the future. It has been superseded by the `AerSimulator` backend.
  warn('The `QasmSimulator` backend will be deprecated in the'
C:\qiskit_envs\q0253\lib\site-packages\mpmath\ctx_mp.py:35: DeprecationWarning: mpnumeric is deprecated
  warnings.warn(f"{name} is deprecated", DeprecationWarning)
C:\qiskit_envs\q0253\lib\site-packages\mpmath\rational.py:4: DeprecationWarning: the rational private module is deprecated
  warnings.warn("the rational private module is deprecated",
FAIL

======================================================================
FAIL: test_full_conditional_truth_table (__main__.TestIntent)
----------------------------------------------------------------------
Traceback (most recent call last):
  File "C:\APR2\APR_code_gen\Part2_Create_test\reconstructed_cases\issue_635\test.py", line 41, in test_full_conditional_truth_table
    self.assertEqual(observed, {expected}, "Conditional AND failed for basis %03d" % basis)
AssertionError: Items in the first set but not the second:
0
Items in the second set but not the first:
1 : Conditional AND failed for basis 001

----------------------------------------------------------------------
Ran 1 test in 2.971s

FAILED (failures=1)
