
test_operator_dimension_and_diagonality (__main__.Regression) ... ERROR
test_z_acts_on_requested_qiskit_qubits_i_plus_one_to_j_minus_one (__main__.Regression) ... ERROR

======================================================================
ERROR: test_operator_dimension_and_diagonality (__main__.Regression)
----------------------------------------------------------------------
Traceback (most recent call last):
  File "C:\APR2\APR_code_gen\Part2_Create_test\reconstructed_cases\issue_950\test.py", line 21, in test_operator_dimension_and_diagonality
    m=target()
  File "C:\APR2\APR_code_gen\Part2_Create_test\reconstructed_cases\issue_950\test.py", line 15, in target
    namespace = runpy.run_path(os.environ.get("MUT", str(Path(__file__).with_name("fixed.py"))))
  File "C:\Users\User\AppData\Local\Programs\Python\Python39\lib\runpy.py", line 288, in run_path
    return _run_module_code(code, init_globals, run_name,
  File "C:\Users\User\AppData\Local\Programs\Python\Python39\lib\runpy.py", line 97, in _run_module_code
    _run_code(code, mod_globals, init_globals,
  File "C:\Users\User\AppData\Local\Programs\Python\Python39\lib\runpy.py", line 87, in _run_code
    exec(code, run_globals)
  File "C:\APR2\APR_code_gen\Part2_Create_test\reconstructed_cases\issue_950\buggy.py", line 6, in <module>
    op = op._add(opZ, qargs=list(range(i + 1, j)))
  File "C:\qiskit_envs\q0251\lib\site-packages\qiskit\quantum_info\operators\operator.py", line 334, in _add
    other = ScalarOp._pad_with_identity(self, other, qargs)
  File "C:\qiskit_envs\q0251\lib\site-packages\qiskit\quantum_info\operators\scalar_op.py", line 249, in _pad_with_identity
    return ScalarOp(current.input_dims()).compose(other, qargs=qargs)
  File "C:\qiskit_envs\q0251\lib\site-packages\qiskit\quantum_info\operators\scalar_op.py", line 130, in compose
    return other.__class__(self).compose(
  File "C:\qiskit_envs\q0251\lib\site-packages\qiskit\quantum_info\operators\operator.py", line 264, in compose
    Operator._einsum_matmul(tensor, mat, indices, shift, right_mul),
  File "C:\qiskit_envs\q0251\lib\site-packages\qiskit\quantum_info\operators\operator.py", line 438, in _einsum_matmul
    return np.einsum(tensor, indices_tensor, mat, indices_mat)
  File "<__array_function__ internals>", line 5, in einsum
  File "C:\qiskit_envs\q0251\lib\site-packages\numpy\core\einsumfunc.py", line 1361, in einsum
    return c_einsum(*operands, **kwargs)
ValueError: subscript is not within the valid range [0, 52)

======================================================================
ERROR: test_z_acts_on_requested_qiskit_qubits_i_plus_one_to_j_minus_one (__main__.Regression)
----------------------------------------------------------------------
Traceback (most recent call last):
  File "C:\APR2\APR_code_gen\Part2_Create_test\reconstructed_cases\issue_950\test.py", line 28, in test_z_acts_on_requested_qiskit_qubits_i_plus_one_to_j_minus_one
    m=target()
  File "C:\APR2\APR_code_gen\Part2_Create_test\reconstructed_cases\issue_950\test.py", line 15, in target
    namespace = runpy.run_path(os.environ.get("MUT", str(Path(__file__).with_name("fixed.py"))))
  File "C:\Users\User\AppData\Local\Programs\Python\Python39\lib\runpy.py", line 288, in run_path
    return _run_module_code(code, init_globals, run_name,
  File "C:\Users\User\AppData\Local\Programs\Python\Python39\lib\runpy.py", line 97, in _run_module_code
    _run_code(code, mod_globals, init_globals,
  File "C:\Users\User\AppData\Local\Programs\Python\Python39\lib\runpy.py", line 87, in _run_code
    exec(code, run_globals)
  File "C:\APR2\APR_code_gen\Part2_Create_test\reconstructed_cases\issue_950\buggy.py", line 6, in <module>
    op = op._add(opZ, qargs=list(range(i + 1, j)))
  File "C:\qiskit_envs\q0251\lib\site-packages\qiskit\quantum_info\operators\operator.py", line 334, in _add
    other = ScalarOp._pad_with_identity(self, other, qargs)
  File "C:\qiskit_envs\q0251\lib\site-packages\qiskit\quantum_info\operators\scalar_op.py", line 249, in _pad_with_identity
    return ScalarOp(current.input_dims()).compose(other, qargs=qargs)
  File "C:\qiskit_envs\q0251\lib\site-packages\qiskit\quantum_info\operators\scalar_op.py", line 130, in compose
    return other.__class__(self).compose(
  File "C:\qiskit_envs\q0251\lib\site-packages\qiskit\quantum_info\operators\operator.py", line 264, in compose
    Operator._einsum_matmul(tensor, mat, indices, shift, right_mul),
  File "C:\qiskit_envs\q0251\lib\site-packages\qiskit\quantum_info\operators\operator.py", line 438, in _einsum_matmul
    return np.einsum(tensor, indices_tensor, mat, indices_mat)
  File "<__array_function__ internals>", line 5, in einsum
  File "C:\qiskit_envs\q0251\lib\site-packages\numpy\core\einsumfunc.py", line 1361, in einsum
    return c_einsum(*operands, **kwargs)
ValueError: subscript is not within the valid range [0, 52)

----------------------------------------------------------------------
Ran 2 tests in 2.077s

FAILED (errors=2)
