
test_constructed_qaoa_circuits (__main__.TestIntent) ... C:\qiskit_envs\q0250\lib\site-packages\mpmath\ctx_mp.py:35: DeprecationWarning: mpnumeric is deprecated
  warnings.warn(f"{name} is deprecated", DeprecationWarning)
C:\qiskit_envs\q0250\lib\site-packages\mpmath\rational.py:4: DeprecationWarning: the rational private module is deprecated
  warnings.warn("the rational private module is deprecated",
C:\qiskit_envs\q0250\lib\site-packages\docplex\mp\utils.py:48: DeprecationWarning: `np.bool` is a deprecated alias for the builtin `bool`. To silence this warning, use `bool` by itself. Doing this will not modify any behavior and is safe. If you specifically wanted the numpy scalar type, use `np.bool_` here.
Deprecated in NumPy 1.20; for more details and guidance: https://numpy.org/devdocs/release/1.20.0-notes.html#deprecations
  __int_types.add(numpy.bool)
C:\qiskit_envs\q0250\lib\site-packages\qiskit\optimization\__init__.py:92: DeprecationWarning: The package qiskit.optimization is deprecated. It was moved/refactored to qiskit_optimization (pip install qiskit-optimization). For more information see <https://github.com/Qiskit/qiskit-aqua/blob/master/README.md#migration-guide>
  warn_package('optimization', 'qiskit_optimization', 'qiskit-optimization')
C:\qiskit_envs\q0250\lib\site-packages\qiskit\optimization\applications\ising\tsp.py:67: DeprecationWarning: The variable qiskit.aqua.aqua_globals is deprecated. It was moved/refactored to qiskit.utils.aqua_globals (pip install qiskit-terra). For more information see <https://github.com/Qiskit/qiskit-aqua/blob/master/README.md#migration-guide>
  aqua_globals.random_seed = seed
C:\qiskit_envs\q0250\lib\site-packages\qiskit\optimization\applications\ising\tsp.py:207: DeprecationWarning: The package qiskit.aqua.operators is deprecated. It was moved/refactored to qiskit.opflow (pip install qiskit-terra). For more information see <https://github.com/Qiskit/qiskit-aqua/blob/master/README.md#migration-guide>
  return WeightedPauliOperator(paulis=pauli_list), shift
C:\qiskit_envs\q0250\lib\site-packages\qiskit\providers\aer\backends\qasm_simulator.py:329: PendingDeprecationWarning: The `QasmSimulator` backend will be deprecated in the future. It has been superseded by the `AerSimulator` backend.
  warn('The `QasmSimulator` backend will be deprecated in the'
C:\qiskit_envs\q0250\lib\site-packages\qiskit\aqua\quantum_instance.py:135: DeprecationWarning: The class qiskit.aqua.QuantumInstance is deprecated. It was moved/refactored to qiskit.utils.QuantumInstance (pip install qiskit-terra). For more information see <https://github.com/Qiskit/qiskit-aqua/blob/master/README.md#migration-guide>
  warn_class('aqua.QuantumInstance',
C:\qiskit_envs\q0250\lib\site-packages\qiskit\providers\ibmq\api\clients\websocket.py:27: DeprecationWarning: websockets.client.WebSocketClientProtocol is deprecated
  from websockets.client import WebSocketClientProtocol
C:\qiskit_envs\q0250\lib\site-packages\websockets\legacy\__init__.py:6: DeprecationWarning: websockets.legacy is deprecated; see https://websockets.readthedocs.io/en/stable/howto/upgrade.html for upgrade instructions
  warnings.warn(  # deprecated in 14.0 - 2024-11-09
C:\qiskit_envs\q0250\lib\site-packages\qiskit\quantum_info\operators\symplectic\pauli.py:187: DeprecationWarning: Initializing Pauli from `Pauli(label=l)` kwarg is deprecated as of version 0.17.0 and will be removed no earlier than 3 months after the release date. Use `Pauli(l)` instead.
  base_z, base_x, base_phase = self._from_label_deprecated(label)
ERROR
test_mixer_hermitian_and_tour_preserving (__main__.TestIntent) ... C:\qiskit_envs\q0250\lib\site-packages\qiskit\providers\aer\backends\qasm_simulator.py:329: PendingDeprecationWarning: The `QasmSimulator` backend will be deprecated in the future. It has been superseded by the `AerSimulator` backend.
  warn('The `QasmSimulator` backend will be deprecated in the'
ERROR

======================================================================
ERROR: test_constructed_qaoa_circuits (__main__.TestIntent)
----------------------------------------------------------------------
Traceback (most recent call last):
  File "C:\APR2\APR_code_gen\Part2_Create_test\reconstructed_cases\issue_565\test.py", line 22, in test_constructed_qaoa_circuits
    ns = load_target()
  File "C:\APR2\APR_code_gen\Part2_Create_test\reconstructed_cases\issue_565\test.py", line 15, in load_target
    return runpy.run_path(MUT)
  File "C:\Users\User\AppData\Local\Programs\Python\Python39\lib\runpy.py", line 288, in run_path
    return _run_module_code(code, init_globals, run_name,
  File "C:\Users\User\AppData\Local\Programs\Python\Python39\lib\runpy.py", line 97, in _run_module_code
    _run_code(code, mod_globals, init_globals,
  File "C:\Users\User\AppData\Local\Programs\Python\Python39\lib\runpy.py", line 87, in _run_code
    exec(code, run_globals)
  File "C:\APR2\llm_repair\llm_fixes\issue_565\llm_luna6_fix.py", line 72, in <module>
    mixer = create_mixer_operators(n)
  File "C:\APR2\llm_repair\llm_fixes\issue_565\llm_luna6_fix.py", line 48, in create_mixer_operators
    first_part *= s_plus(n, v, i + 1)
  File "C:\qiskit_envs\q0250\lib\site-packages\qiskit\aqua\operators\operator_base.py", line 339, in __mul__
    return self.mul(other)
  File "C:\qiskit_envs\q0250\lib\site-packages\qiskit\aqua\operators\list_ops\list_op.py", line 214, in mul
    raise ValueError('Operators can only be scalar multiplied by float or complex, not '
ValueError: Operators can only be scalar multiplied by float or complex, not SummedOp([
  IIIXIIIII,
  IIIYIIIII
]) of type <class 'qiskit.aqua.operators.list_ops.summed_op.SummedOp'>.

======================================================================
ERROR: test_mixer_hermitian_and_tour_preserving (__main__.TestIntent)
----------------------------------------------------------------------
Traceback (most recent call last):
  File "C:\APR2\APR_code_gen\Part2_Create_test\reconstructed_cases\issue_565\test.py", line 28, in test_mixer_hermitian_and_tour_preserving
    ns = load_target()
  File "C:\APR2\APR_code_gen\Part2_Create_test\reconstructed_cases\issue_565\test.py", line 15, in load_target
    return runpy.run_path(MUT)
  File "C:\Users\User\AppData\Local\Programs\Python\Python39\lib\runpy.py", line 288, in run_path
    return _run_module_code(code, init_globals, run_name,
  File "C:\Users\User\AppData\Local\Programs\Python\Python39\lib\runpy.py", line 97, in _run_module_code
    _run_code(code, mod_globals, init_globals,
  File "C:\Users\User\AppData\Local\Programs\Python\Python39\lib\runpy.py", line 87, in _run_code
    exec(code, run_globals)
  File "C:\APR2\llm_repair\llm_fixes\issue_565\llm_luna6_fix.py", line 72, in <module>
    mixer = create_mixer_operators(n)
  File "C:\APR2\llm_repair\llm_fixes\issue_565\llm_luna6_fix.py", line 48, in create_mixer_operators
    first_part *= s_plus(n, v, i + 1)
  File "C:\qiskit_envs\q0250\lib\site-packages\qiskit\aqua\operators\operator_base.py", line 339, in __mul__
    return self.mul(other)
  File "C:\qiskit_envs\q0250\lib\site-packages\qiskit\aqua\operators\list_ops\list_op.py", line 214, in mul
    raise ValueError('Operators can only be scalar multiplied by float or complex, not '
ValueError: Operators can only be scalar multiplied by float or complex, not SummedOp([
  IIIXIIIII,
  IIIYIIIII
]) of type <class 'qiskit.aqua.operators.list_ops.summed_op.SummedOp'>.

----------------------------------------------------------------------
Ran 2 tests in 9.522s

FAILED (errors=2)
