
test_actual_qasm_snapshot_contains_bell_state (__main__.Regression) ... C:\qiskit_envs\q0253\lib\site-packages\qiskit\providers\aer\backends\qasm_simulator.py:329: PendingDeprecationWarning: The `QasmSimulator` backend will be deprecated in the future. It has been superseded by the `AerSimulator` backend.
  warn('The `QasmSimulator` backend will be deprecated in the'
C:\qiskit_envs\q0253\lib\site-packages\mpmath\ctx_mp.py:35: DeprecationWarning: mpnumeric is deprecated
  warnings.warn(f"{name} is deprecated", DeprecationWarning)
C:\qiskit_envs\q0253\lib\site-packages\mpmath\rational.py:4: DeprecationWarning: the rational private module is deprecated
  warnings.warn("the rational private module is deprecated",
C:\qiskit_envs\q0253\lib\site-packages\qiskit\execute_function.py:343: DeprecationWarning: Using `backend_options` kwarg has been deprecated as of qiskit-aer 0.7.0 and will be removed no earlier than 3 months from that release date. Runtime backend options should now be added directly using kwargs for each option.
  job = backend.run(experiments, **run_kwargs)
ERROR

======================================================================
ERROR: test_actual_qasm_snapshot_contains_bell_state (__main__.Regression)
----------------------------------------------------------------------
Traceback (most recent call last):
  File "C:\qiskit_envs\q0253\lib\site-packages\qiskit\result\result.py", line 305, in get_statevector
    return postprocess.format_statevector(self.data(experiment)['statevector'],
KeyError: 'statevector'

The above exception was the direct cause of the following exception:

Traceback (most recent call last):
  File "C:\APR2\APR_code_gen\Part2_Create_test\reconstructed_cases\issue_994\test.py", line 21, in test_actual_qasm_snapshot_contains_bell_state
    m=target()
  File "C:\APR2\APR_code_gen\Part2_Create_test\reconstructed_cases\issue_994\test.py", line 15, in target
    namespace = runpy.run_path(os.environ.get("MUT", str(Path(__file__).with_name("fixed.py"))))
  File "C:\Users\User\AppData\Local\Programs\Python\Python39\lib\runpy.py", line 288, in run_path
    return _run_module_code(code, init_globals, run_name,
  File "C:\Users\User\AppData\Local\Programs\Python\Python39\lib\runpy.py", line 97, in _run_module_code
    _run_code(code, mod_globals, init_globals,
  File "C:\Users\User\AppData\Local\Programs\Python\Python39\lib\runpy.py", line 87, in _run_code
    exec(code, run_globals)
  File "C:\APR2\APR_code_gen\Part2_Create_test\reconstructed_cases\issue_994\buggy.py", line 14, in <module>
    print(job_result.get_statevector(qc))
  File "C:\qiskit_envs\q0253\lib\site-packages\qiskit\result\result.py", line 308, in get_statevector
    raise QiskitError(f'No statevector for experiment "{repr(experiment)}"') from ex
qiskit.exceptions.QiskitError: 'No statevector for experiment "<qiskit.circuit.quantumcircuit.QuantumCircuit object at 0x00000222CA30C6A0>"'

----------------------------------------------------------------------
Ran 1 test in 4.338s

FAILED (errors=1)
