
test_unitary_gate_and_controlled_matrix (__main__.TestIntent.test_unitary_gate_and_controlled_matrix) ... C:\qiskit_envs\q0451\Lib\site-packages\qiskit\utils\algorithm_globals.py:170: DeprecationWarning: The class ``qiskit.utils.algorithm_globals.QiskitAlgorithmGlobals`` is deprecated as of qiskit 0.45.0. It will be removed no earlier than 3 months after the release date. This algorithm utility has been migrated to an independent package: https://github.com/qiskit-community/qiskit-algorithms. You can run ``pip install qiskit_algorithms`` and import ``from qiskit_algorithms.utils`` instead. 
  algorithm_globals = QiskitAlgorithmGlobals()
C:\qiskit_envs\q0451\Lib\site-packages\qiskit\utils\algorithm_globals.py:49: DeprecationWarning: The property ``qiskit.utils.algorithm_globals.QiskitAlgorithmGlobals.num_processes`` is deprecated as of qiskit 0.45.0. It will be removed no earlier than 3 months after the release date. This algorithm utility belongs to a legacy workflow and has no replacement.
  self.num_processes = settings.get("num_processes", QiskitAlgorithmGlobals.CPU_COUNT)
C:\qiskit_envs\q0451\Lib\site-packages\qiskit\utils\algorithm_globals.py:120: DeprecationWarning: The property ``qiskit.utils.algorithm_globals.QiskitAlgorithmGlobals.num_processes`` is deprecated as of qiskit 0.45.0. It will be removed no earlier than 3 months after the release date. This algorithm utility belongs to a legacy workflow and has no replacement.
  parallel.CPU_COUNT = self.num_processes
C:\APR2\llm_repair\llm_fixes\issue_795\llm_astra6_fix.py:3: DeprecationWarning: The ``qiskit.opflow`` module is deprecated as of qiskit-terra 0.24.0. It will be removed no earlier than 3 months after the release date. For code migration guidelines, visit https://qisk.it/opflow_migration.
  from qiskit.opflow import I, X, Y, Z
C:\qiskit_envs\q0451\Lib\site-packages\qiskit\opflow\primitive_ops\primitive_op.py:162: DeprecationWarning: The class ``qiskit.opflow.primitive_ops.pauli_op.PauliOp`` is deprecated as of qiskit-terra 0.24.0. It will be removed no earlier than 3 months after the release date. For code migration guidelines, visit https://qisk.it/opflow_migration.
  return self.__class__(self.primitive, coeff=self.coeff * scalar)
C:\qiskit_envs\q0451\Lib\site-packages\qiskit\opflow\primitive_ops\pauli_op.py:55: DeprecationWarning: The class ``qiskit.opflow.primitive_ops.primitive_op.PrimitiveOp`` is deprecated as of qiskit-terra 0.24.0. It will be removed no earlier than 3 months after the release date. For code migration guidelines, visit https://qisk.it/opflow_migration.
  super().__init__(primitive, coeff=coeff)
C:\qiskit_envs\q0451\Lib\site-packages\qiskit\opflow\primitive_ops\primitive_op.py:111: DeprecationWarning: The class ``qiskit.opflow.operator_base.OperatorBase`` is deprecated as of qiskit-terra 0.24.0. It will be removed no earlier than 3 months after the release date. For code migration guidelines, visit https://qisk.it/opflow_migration.
  super().__init__()
C:\qiskit_envs\q0451\Lib\site-packages\qiskit\opflow\operator_base.py:55: DeprecationWarning: The class ``qiskit.opflow.mixins.star_algebra.StarAlgebraMixin`` is deprecated as of qiskit-terra 0.24.0. It will be removed no earlier than 3 months after the release date. For code migration guidelines, visit https://qisk.it/opflow_migration.
  super().__init__()
C:\qiskit_envs\q0451\Lib\site-packages\qiskit\opflow\primitive_ops\pauli_op.py:82: DeprecationWarning: The class ``qiskit.opflow.primitive_ops.pauli_sum_op.PauliSumOp`` is deprecated as of qiskit-terra 0.24.0. It will be removed no earlier than 3 months after the release date. For code migration guidelines, visit https://qisk.it/opflow_migration.
  return PauliSumOp(
C:\qiskit_envs\q0451\Lib\site-packages\qiskit\opflow\primitive_ops\pauli_sum_op.py:62: DeprecationWarning: The class ``qiskit.opflow.primitive_ops.primitive_op.PrimitiveOp`` is deprecated as of qiskit-terra 0.24.0. It will be removed no earlier than 3 months after the release date. For code migration guidelines, visit https://qisk.it/opflow_migration.
  super().__init__(primitive, coeff=coeff)
ok

----------------------------------------------------------------------
Ran 1 test in 2.281s

OK
