
test_qpe_mapping_and_controlled_powers (__main__.TestIntent.test_qpe_mapping_and_controlled_powers) ... C:\APR2\llm_repair\llm_fixes\issue_189\llm_fix.py:9: DeprecationWarning: The class ``qiskit.circuit.library.grover_operator.GroverOperator`` is deprecated as of Qiskit 2.1. It will be removed in Qiskit 3.0. Use qiskit.circuit.library.grover_operator instead.
  grover_operator = GroverOperator(oracle)
C:\qiskit_envs\q240\Lib\site-packages\qiskit\circuit\library\grover_operator.py:574: DeprecationWarning: The method ``qiskit.circuit.library.standard_gates.x.MCXGate.get_num_ancilla_qubits()`` is deprecated as of Qiskit 2.1. It will be removed in Qiskit 3.0. For an MCXGate it is no longer possible to know the number of ancilla qubits that would be eventually used by the transpiler when the gate is created. Instead, it is recommended to use MCXGate and let HighLevelSynthesis choose the best synthesis method depending on the number of ancilla qubits available. However, if a specific synthesis method using a specific number of ancilla qubits is required, one can create a custom gate by calling the corresponding synthesis function directly.
  num_ancillas = MCXGate.get_num_ancilla_qubits(len(qubits) - 1, mcx_mode)
C:\qiskit_envs\q240\Lib\site-packages\qiskit\circuit\library\grover_operator.py:586: DeprecationWarning: ``qiskit.circuit.quantumcircuit.QuantumCircuit.mcx()``'s argument ``mode`` is deprecated as of Qiskit 2.1. It will be removed no earlier than 3 months after the release date. Instead, add a generic MCXGate to the circuit and specify the synthesis method via the ``hls_config`` in the transpilation. Alternatively, specific decompositions are available at https://qisk.it/mcx.
  reflection.mcx(qubits[:-1], qubits[-1], qr_ancilla[:], mode=mcx_mode)
C:\qiskit_envs\q240\Lib\site-packages\qiskit\circuit\library\standard_gates\x.py:951: DeprecationWarning: The method ``qiskit.circuit.library.standard_gates.x.MCXGate.get_num_ancilla_qubits()`` is deprecated as of Qiskit 2.1. It will be removed in Qiskit 3.0. For an MCXGate it is no longer possible to know the number of ancilla qubits that would be eventually used by the transpiler when the gate is created. Instead, it is recommended to use MCXGate and let HighLevelSynthesis choose the best synthesis method depending on the number of ancilla qubits available. However, if a specific synthesis method using a specific number of ancilla qubits is required, one can create a custom gate by calling the corresponding synthesis function directly.
  return self.get_num_ancilla_qubits(self.num_ctrl_qubits)
C:\qiskit_envs\q240\Lib\site-packages\qiskit\circuit\library\grover_operator.py:574: DeprecationWarning: The method ``qiskit.circuit.library.standard_gates.x.MCXGate.get_num_ancilla_qubits()`` is deprecated as of Qiskit 2.1. It will be removed in Qiskit 3.0. For an MCXGate it is no longer possible to know the number of ancilla qubits that would be eventually used by the transpiler when the gate is created. Instead, it is recommended to use MCXGate and let HighLevelSynthesis choose the best synthesis method depending on the number of ancilla qubits available. However, if a specific synthesis method using a specific number of ancilla qubits is required, one can create a custom gate by calling the corresponding synthesis function directly.
  num_ancillas = MCXGate.get_num_ancilla_qubits(len(qubits) - 1, mcx_mode)
C:\qiskit_envs\q240\Lib\site-packages\qiskit\circuit\library\grover_operator.py:586: DeprecationWarning: ``qiskit.circuit.quantumcircuit.QuantumCircuit.mcx()``'s argument ``mode`` is deprecated as of Qiskit 2.1. It will be removed no earlier than 3 months after the release date. Instead, add a generic MCXGate to the circuit and specify the synthesis method via the ``hls_config`` in the transpilation. Alternatively, specific decompositions are available at https://qisk.it/mcx.
  reflection.mcx(qubits[:-1], qubits[-1], qr_ancilla[:], mode=mcx_mode)
C:\qiskit_envs\q240\Lib\site-packages\qiskit\circuit\library\standard_gates\x.py:951: DeprecationWarning: The method ``qiskit.circuit.library.standard_gates.x.MCXGate.get_num_ancilla_qubits()`` is deprecated as of Qiskit 2.1. It will be removed in Qiskit 3.0. For an MCXGate it is no longer possible to know the number of ancilla qubits that would be eventually used by the transpiler when the gate is created. Instead, it is recommended to use MCXGate and let HighLevelSynthesis choose the best synthesis method depending on the number of ancilla qubits available. However, if a specific synthesis method using a specific number of ancilla qubits is required, one can create a custom gate by calling the corresponding synthesis function directly.
  return self.get_num_ancilla_qubits(self.num_ctrl_qubits)
C:\qiskit_envs\q240\Lib\site-packages\qiskit\circuit\library\grover_operator.py:574: DeprecationWarning: The method ``qiskit.circuit.library.standard_gates.x.MCXGate.get_num_ancilla_qubits()`` is deprecated as of Qiskit 2.1. It will be removed in Qiskit 3.0. For an MCXGate it is no longer possible to know the number of ancilla qubits that would be eventually used by the transpiler when the gate is created. Instead, it is recommended to use MCXGate and let HighLevelSynthesis choose the best synthesis method depending on the number of ancilla qubits available. However, if a specific synthesis method using a specific number of ancilla qubits is required, one can create a custom gate by calling the corresponding synthesis function directly.
  num_ancillas = MCXGate.get_num_ancilla_qubits(len(qubits) - 1, mcx_mode)
C:\qiskit_envs\q240\Lib\site-packages\qiskit\circuit\library\grover_operator.py:586: DeprecationWarning: ``qiskit.circuit.quantumcircuit.QuantumCircuit.mcx()``'s argument ``mode`` is deprecated as of Qiskit 2.1. It will be removed no earlier than 3 months after the release date. Instead, add a generic MCXGate to the circuit and specify the synthesis method via the ``hls_config`` in the transpilation. Alternatively, specific decompositions are available at https://qisk.it/mcx.
  reflection.mcx(qubits[:-1], qubits[-1], qr_ancilla[:], mode=mcx_mode)
C:\qiskit_envs\q240\Lib\site-packages\qiskit\circuit\library\standard_gates\x.py:951: DeprecationWarning: The method ``qiskit.circuit.library.standard_gates.x.MCXGate.get_num_ancilla_qubits()`` is deprecated as of Qiskit 2.1. It will be removed in Qiskit 3.0. For an MCXGate it is no longer possible to know the number of ancilla qubits that would be eventually used by the transpiler when the gate is created. Instead, it is recommended to use MCXGate and let HighLevelSynthesis choose the best synthesis method depending on the number of ancilla qubits available. However, if a specific synthesis method using a specific number of ancilla qubits is required, one can create a custom gate by calling the corresponding synthesis function directly.
  return self.get_num_ancilla_qubits(self.num_ctrl_qubits)
C:\APR2\APR_code_gen\Part2_Create_test\reconstructed_cases\issue_189\test.py:31: DeprecationWarning: Treating CircuitInstruction as an iterable is deprecated legacy behavior since Qiskit 1.2, and will be removed in Qiskit 3.0. Instead, use the `operation`, `qubits` and `clbits` named attributes.
  for i,(op,qargs,cargs) in enumerate(qpe.data):
FAIL

======================================================================
FAIL: test_qpe_mapping_and_controlled_powers (__main__.TestIntent.test_qpe_mapping_and_controlled_powers)
----------------------------------------------------------------------
Traceback (most recent call last):
  File "C:\APR2\APR_code_gen\Part2_Create_test\reconstructed_cases\issue_189\test.py", line 32, in test_qpe_mapping_and_controlled_powers
    self.assertEqual([qpe.qubits.index(q) for q in qargs], [i,3,4,5,6,7,8])
AssertionError: Lists differ: [2, 3, 4, 5, 6, 7, 8] != [0, 3, 4, 5, 6, 7, 8]

First differing element 0:
2
0

- [2, 3, 4, 5, 6, 7, 8]
?  ^

+ [0, 3, 4, 5, 6, 7, 8]
?  ^


----------------------------------------------------------------------
Ran 1 test in 0.330s

FAILED (failures=1)
