
test_raw_counts_any_variable_name_and_shots (__main__.T.test_raw_counts_any_variable_name_and_shots) ... C:\qiskit_envs\q0451\Lib\site-packages\qiskit\utils\algorithm_globals.py:170: DeprecationWarning: The class ``qiskit.utils.algorithm_globals.QiskitAlgorithmGlobals`` is deprecated as of qiskit 0.45.0. It will be removed no earlier than 3 months after the release date. This algorithm utility has been migrated to an independent package: https://github.com/qiskit-community/qiskit-algorithms. You can run ``pip install qiskit_algorithms`` and import ``from qiskit_algorithms.utils`` instead. 
  algorithm_globals = QiskitAlgorithmGlobals()
C:\qiskit_envs\q0451\Lib\site-packages\qiskit\utils\algorithm_globals.py:49: DeprecationWarning: The property ``qiskit.utils.algorithm_globals.QiskitAlgorithmGlobals.num_processes`` is deprecated as of qiskit 0.45.0. It will be removed no earlier than 3 months after the release date. This algorithm utility belongs to a legacy workflow and has no replacement.
  self.num_processes = settings.get("num_processes", QiskitAlgorithmGlobals.CPU_COUNT)
C:\qiskit_envs\q0451\Lib\site-packages\qiskit\utils\algorithm_globals.py:120: DeprecationWarning: The property ``qiskit.utils.algorithm_globals.QiskitAlgorithmGlobals.num_processes`` is deprecated as of qiskit 0.45.0. It will be removed no earlier than 3 months after the release date. This algorithm utility belongs to a legacy workflow and has no replacement.
  parallel.CPU_COUNT = self.num_processes
C:\APR2\APR_code_gen\Part2_Create_test\reconstructed_cases\issue_810\buggy.py:3: PendingDeprecationWarning: The qiskit.Aer entry point will be deprecated in a future release and subsequently removed. Instead you should use this directly from the root of the qiskit-aer package.
  simulator = Aer.get_backend('qasm_simulator')
C:\qiskit_envs\q0451\Lib\site-packages\qiskit_aer\backends\qasm_simulator.py:435: PendingDeprecationWarning: The `QasmSimulator` backend will be deprecated in the future. It has been superseded by the `AerSimulator` backend.
  warn(
C:\qiskit_envs\q0451\Lib\site-packages\qiskit\utils\deprecation.py:183: PendingDeprecationWarning: Building a flow controller with keyword arguments is going to be deprecated. Custom controllers must be explicitly instantiated and appended to the task list.
  return func(*args, **kwargs)
FAIL

======================================================================
FAIL: test_raw_counts_any_variable_name_and_shots (__main__.T.test_raw_counts_any_variable_name_and_shots)
----------------------------------------------------------------------
Traceback (most recent call last):
  File "C:\APR2\llm_repair\updated_tests\issue_810_test.py", line 9, in test_raw_counts_any_variable_name_and_shots
    self.assertTrue(dicts, "no raw counts dictionary")
AssertionError: [] is not true : no raw counts dictionary

----------------------------------------------------------------------
Ran 1 test in 2.825s

FAILED (failures=1)
