
test_operator_conversion_and_qaoa_execution (__main__.TestIntent.test_operator_conversion_and_qaoa_execution) ... C:\qiskit_envs\q0450\Lib\site-packages\qiskit\utils\algorithm_globals.py:170: DeprecationWarning: The class ``qiskit.utils.algorithm_globals.QiskitAlgorithmGlobals`` is deprecated as of qiskit 0.45.0. It will be removed no earlier than 3 months after the release date. This algorithm utility has been migrated to an independent package: https://github.com/qiskit-community/qiskit-algorithms. You can run ``pip install qiskit_algorithms`` and import ``from qiskit_algorithms.utils`` instead. 
  algorithm_globals = QiskitAlgorithmGlobals()
C:\qiskit_envs\q0450\Lib\site-packages\qiskit\utils\algorithm_globals.py:49: DeprecationWarning: The property ``qiskit.utils.algorithm_globals.QiskitAlgorithmGlobals.num_processes`` is deprecated as of qiskit 0.45.0. It will be removed no earlier than 3 months after the release date. This algorithm utility belongs to a legacy workflow and has no replacement.
  self.num_processes = settings.get("num_processes", QiskitAlgorithmGlobals.CPU_COUNT)
C:\qiskit_envs\q0450\Lib\site-packages\qiskit\utils\algorithm_globals.py:120: DeprecationWarning: The property ``qiskit.utils.algorithm_globals.QiskitAlgorithmGlobals.num_processes`` is deprecated as of qiskit 0.45.0. It will be removed no earlier than 3 months after the release date. This algorithm utility belongs to a legacy workflow and has no replacement.
  parallel.CPU_COUNT = self.num_processes
C:\qiskit_envs\q0450\Lib\site-packages\qiskit\algorithms\evolvers\evolution_result.py:19: DeprecationWarning: The ``qiskit.opflow`` module is deprecated as of qiskit-terra 0.24.0. It will be removed no earlier than 3 months after the release date. For code migration guidelines, visit https://qisk.it/opflow_migration.
  from qiskit.opflow import StateFn, OperatorBase
C:\APR2\APR_code_gen\Part2_Create_test\reconstructed_cases\issue_624\test.py:25: DeprecationWarning: ``qiskit.algorithms`` has been migrated to an independent package: https://github.com/qiskit-community/qiskit-algorithms. The ``qiskit.algorithms`` import path is deprecated as of qiskit-terra 0.25.0 and will be removed no earlier than 3 months after the release date. Please run ``pip install qiskit_algorithms`` and use ``import qiskit_algorithms`` instead.
  from qiskit.algorithms import QAOA
C:\APR2\llm_repair\llm_fixes\issue_624\llm_luna6_fix.py:14: DeprecationWarning: The class ``qiskit.algorithms.minimum_eigen_solvers.qaoa.QAOA`` is deprecated as of qiskit-terra 0.24.0. It will be removed no earlier than 3 months after the release date. Instead, use the class ``qiskit.algorithms.minimum_eigensolvers.QAOA``. See https://qisk.it/algo_migration for a migration guide.
  qaoa = QAOA(optimizer=COBYLA(), reps=1, mixer=H,
C:\qiskit_envs\q0450\Lib\site-packages\qiskit\algorithms\minimum_eigen_solvers\qaoa.py:127: DeprecationWarning: The function ``qiskit.utils.validation.validate_min()`` is deprecated as of qiskit 0.45.0. It will be removed no earlier than 3 months after the release date. This algorithm utility has been migrated to an independent package: https://github.com/qiskit-community/qiskit-algorithms. You can run ``pip install qiskit_algorithms`` and import ``from qiskit_algorithms.utils`` instead. 
  validate_min("reps", reps, 1)
ERROR

======================================================================
ERROR: test_operator_conversion_and_qaoa_execution (__main__.TestIntent.test_operator_conversion_and_qaoa_execution)
----------------------------------------------------------------------
Traceback (most recent call last):
  File "C:\APR2\APR_code_gen\Part2_Create_test\reconstructed_cases\issue_624\test.py", line 34, in test_operator_conversion_and_qaoa_execution
    ns = load_target()
         ^^^^^^^^^^^^^
  File "C:\APR2\APR_code_gen\Part2_Create_test\reconstructed_cases\issue_624\test.py", line 17, in load_target
    return runpy.run_path(MUT)
           ^^^^^^^^^^^^^^^^^^^
  File "<frozen runpy>", line 291, in run_path
  File "<frozen runpy>", line 98, in _run_module_code
  File "<frozen runpy>", line 88, in _run_code
  File "C:\APR2\llm_repair\llm_fixes\issue_624\llm_luna6_fix.py", line 19, in <module>
    print(qaoa.compute_minimum_eigenvalue(PauliSumOp.from_operator(Operator(H))))
                                          ^^^^^^^^^^^^^^^^^^^^^^^^
AttributeError: type object 'PauliSumOp' has no attribute 'from_operator'

----------------------------------------------------------------------
Ran 1 test in 5.538s

FAILED (errors=1)
