
test_actual_shor_factors_and_simulator_capacity (__main__.Regression) ... C:\qiskit_envs\q0250\lib\site-packages\mpmath\ctx_mp.py:35: DeprecationWarning: mpnumeric is deprecated
  warnings.warn(f"{name} is deprecated", DeprecationWarning)
C:\qiskit_envs\q0250\lib\site-packages\mpmath\rational.py:4: DeprecationWarning: the rational private module is deprecated
  warnings.warn("the rational private module is deprecated",
C:\qiskit_envs\q0250\lib\site-packages\qiskit\providers\aer\backends\qasm_simulator.py:329: PendingDeprecationWarning: The `QasmSimulator` backend will be deprecated in the future. It has been superseded by the `AerSimulator` backend.
  warn('The `QasmSimulator` backend will be deprecated in the'
C:\qiskit_envs\q0250\lib\site-packages\qiskit\aqua\quantum_instance.py:135: DeprecationWarning: The class qiskit.aqua.QuantumInstance is deprecated. It was moved/refactored to qiskit.utils.QuantumInstance (pip install qiskit-terra). For more information see <https://github.com/Qiskit/qiskit-aqua/blob/master/README.md#migration-guide>
  warn_class('aqua.QuantumInstance',
C:\qiskit_envs\q0250\lib\site-packages\qiskit\providers\ibmq\api\clients\websocket.py:27: DeprecationWarning: websockets.client.WebSocketClientProtocol is deprecated
  from websockets.client import WebSocketClientProtocol
C:\qiskit_envs\q0250\lib\site-packages\websockets\legacy\__init__.py:6: DeprecationWarning: websockets.legacy is deprecated; see https://websockets.readthedocs.io/en/stable/howto/upgrade.html for upgrade instructions
  warnings.warn(  # deprecated in 14.0 - 2024-11-09
C:\qiskit_envs\q0250\lib\site-packages\qiskit\aqua\algorithms\factorizers\shor.py:69: DeprecationWarning: The package qiskit.aqua.algorithms.factorizers is deprecated. It was moved/refactored to qiskit.algorithms.factorizers (pip install qiskit-terra). For more information see <https://github.com/Qiskit/qiskit-aqua/blob/master/README.md#migration-guide>
  warn_package('aqua.algorithms.factorizers',
C:\qiskit_envs\q0250\lib\site-packages\qiskit\utils\deprecation.py:56: PendingDeprecationWarning: Using a qobj for run() is deprecated and will be removed in a future release.
  return func(*args, **kwargs)
ok

----------------------------------------------------------------------
Ran 1 test in 14.421s

OK
