
test_reduced_density_matrix (__main__.TestIntent.test_reduced_density_matrix) ... C:\qiskit_envs\q0450\Lib\site-packages\qiskit\utils\algorithm_globals.py:170: DeprecationWarning: The class ``qiskit.utils.algorithm_globals.QiskitAlgorithmGlobals`` is deprecated as of qiskit 0.45.0. It will be removed no earlier than 3 months after the release date. This algorithm utility has been migrated to an independent package: https://github.com/qiskit-community/qiskit-algorithms. You can run ``pip install qiskit_algorithms`` and import ``from qiskit_algorithms.utils`` instead. 
  algorithm_globals = QiskitAlgorithmGlobals()
C:\qiskit_envs\q0450\Lib\site-packages\qiskit\utils\algorithm_globals.py:49: DeprecationWarning: The property ``qiskit.utils.algorithm_globals.QiskitAlgorithmGlobals.num_processes`` is deprecated as of qiskit 0.45.0. It will be removed no earlier than 3 months after the release date. This algorithm utility belongs to a legacy workflow and has no replacement.
  self.num_processes = settings.get("num_processes", QiskitAlgorithmGlobals.CPU_COUNT)
C:\qiskit_envs\q0450\Lib\site-packages\qiskit\utils\algorithm_globals.py:120: DeprecationWarning: The property ``qiskit.utils.algorithm_globals.QiskitAlgorithmGlobals.num_processes`` is deprecated as of qiskit 0.45.0. It will be removed no earlier than 3 months after the release date. This algorithm utility belongs to a legacy workflow and has no replacement.
  parallel.CPU_COUNT = self.num_processes
C:\APR2\APR_code_gen\Part2_Create_test\reconstructed_cases\issue_155\buggy.py:16: DeprecationWarning: The method ``qiskit.circuit.quantumcircuit.QuantumCircuit.cnot()`` is deprecated as of qiskit 0.45.0. It will be removed no earlier than 3 months after the release date. Use QuantumCircuit.cx as direct replacement.
  qc.cnot(reg1[0], reg2[0])
C:\APR2\APR_code_gen\Part2_Create_test\reconstructed_cases\issue_155\buggy.py:19: DeprecationWarning: The method ``qiskit.circuit.quantumcircuit.QuantumCircuit.cnot()`` is deprecated as of qiskit 0.45.0. It will be removed no earlier than 3 months after the release date. Use QuantumCircuit.cx as direct replacement.
  qc.cnot(reg3[0], reg4[0])
C:\APR2\APR_code_gen\Part2_Create_test\reconstructed_cases\issue_155\buggy.py:21: PendingDeprecationWarning: The qiskit.Aer entry point will be deprecated in a future release and subsequently removed. Instead you should use this directly from the root of the qiskit-aer package.
  simulator = Aer.get_backend("aer_simulator")
C:\qiskit_envs\q0450\Lib\site-packages\qiskit\utils\deprecation.py:183: PendingDeprecationWarning: Building a flow controller with keyword arguments is going to be deprecated. Custom controllers must be explicitly instantiated and appended to the task list.
  return func(*args, **kwargs)
ERROR

======================================================================
ERROR: test_reduced_density_matrix (__main__.TestIntent.test_reduced_density_matrix)
----------------------------------------------------------------------
Traceback (most recent call last):
  File "C:\APR2\APR_code_gen\Part2_Create_test\reconstructed_cases\issue_155\test.py", line 21, in test_reduced_density_matrix
    ns = load_target()
         ^^^^^^^^^^^^^
  File "C:\APR2\APR_code_gen\Part2_Create_test\reconstructed_cases\issue_155\test.py", line 14, in load_target
    return runpy.run_path(MUT)
           ^^^^^^^^^^^^^^^^^^^
  File "<frozen runpy>", line 291, in run_path
  File "<frozen runpy>", line 98, in _run_module_code
  File "<frozen runpy>", line 88, in _run_code
  File "C:\APR2\APR_code_gen\Part2_Create_test\reconstructed_cases\issue_155\buggy.py", line 28, in <module>
    density_matrix = partial_trace(result.get_statevector(), traced_over_registers)
                     ^^^^^^^^^^^^^^^^^^^^^^^^^^^^^^^^^^^^^^^^^^^^^^^^^^^^^^^^^^^^^^
  File "C:\qiskit_envs\q0450\Lib\site-packages\qiskit\quantum_info\states\utils.py", line 48, in partial_trace
    traced_shape = state._op_shape.remove(qargs=qargs)
                   ^^^^^^^^^^^^^^^^^^^^^^^^^^^^^^^^^^^
  File "C:\qiskit_envs\q0450\Lib\site-packages\qiskit\quantum_info\operators\op_shape.py", line 358, in remove
    if qargs_l and max(qargs_l) >= self._num_qargs_l:
                   ^^^^^^^^^^^^
TypeError: '>' not supported between instances of 'QuantumRegister' and 'QuantumRegister'

----------------------------------------------------------------------
Ran 1 test in 3.496s

FAILED (errors=1)
