[0.57735027+0.57735027j 0.        -0.57735027j]
theta :  1.2309594173407743
(0.5773502691896256+0j)
phi :  -1.5707963267948966
[0.577+0.577j 0.408-0.408j]

test_real_angles_prepare_requested_state_up_to_global_phase (__main__.TestComplexState) ... C:\APR2\llm_repair\llm_fixes\issue_415\llm_fix.py:27: DeprecationWarning: The QuantumCircuit.u3 method is deprecated as of 0.16.0. It will be removed no earlier than 3 months after the release date. You should use QuantumCircuit.u instead, which acts identically. Alternatively, you can decompose u3 in terms of QuantumCircuit.p and QuantumCircuit.sx: u3(ϴ,φ,λ) = p(φ+π) sx p(ϴ+π) sx p(λ) (2 pulses on hardware).
  circ.u3(theta, phi, 0, 0)
C:\qiskit_envs\q0251\lib\site-packages\qiskit\providers\aer\backends\statevector_simulator.py:152: PendingDeprecationWarning: The `StatevectorSimulator` backend will be deprecated in the future. It has been superseded by the `AerSimulator` backend. To obtain legacy functionality initalize with `AerSimulator(method="statevector")` and append run circuits with the `save_state` instruction.
  warn('The `StatevectorSimulator` backend will be deprecated in the'
C:\qiskit_envs\q0251\lib\site-packages\mpmath\ctx_mp.py:35: DeprecationWarning: mpnumeric is deprecated
  warnings.warn(f"{name} is deprecated", DeprecationWarning)
C:\qiskit_envs\q0251\lib\site-packages\mpmath\rational.py:4: DeprecationWarning: the rational private module is deprecated
  warnings.warn("the rational private module is deprecated",
FAIL

======================================================================
FAIL: test_real_angles_prepare_requested_state_up_to_global_phase (__main__.TestComplexState)
----------------------------------------------------------------------
Traceback (most recent call last):
  File "C:\APR2\APR_code_gen\Part2_Create_test\reconstructed_cases\issue_415\test.py", line 17, in test_real_angles_prepare_requested_state_up_to_global_phase
    np.testing.assert_allclose(np.outer(exact, exact.conj()), np.outer(target,target.conj()), atol=1e-12)
  File "C:\qiskit_envs\q0251\lib\site-packages\numpy\testing\_private\utils.py", line 1528, in assert_allclose
    assert_array_compare(compare, actual, desired, err_msg=str(err_msg),
  File "C:\qiskit_envs\q0251\lib\site-packages\numpy\testing\_private\utils.py", line 842, in assert_array_compare
    raise AssertionError(msg)
AssertionError: 
Not equal to tolerance rtol=1e-07, atol=1e-12

Mismatched elements: 2 / 4 (50%)
Max absolute difference: 0.3607974
Max relative difference: 0.76536686
 x: array([[0.666667+0.j      , 0.      +0.471405j],
       [0.      -0.471405j, 0.333333+0.j      ]])
 y: array([[ 0.666667+0.j      , -0.333333+0.333333j],
       [-0.333333-0.333333j,  0.333333+0.j      ]])

----------------------------------------------------------------------
Ran 1 test in 3.595s

FAILED (failures=1)
