
test_qasm2_round_trip (__main__.TestIntent.test_qasm2_round_trip) ... ERROR

======================================================================
ERROR: test_qasm2_round_trip (__main__.TestIntent.test_qasm2_round_trip)
----------------------------------------------------------------------
Traceback (most recent call last):
  File "C:\APR2\APR_code_gen\Part2_Create_test\reconstructed_cases\issue_036\test.py", line 23, in test_qasm2_round_trip
    ns = load_target()
         ^^^^^^^^^^^^^
  File "C:\APR2\APR_code_gen\Part2_Create_test\reconstructed_cases\issue_036\test.py", line 14, in load_target
    return runpy.run_path(MUT)
           ^^^^^^^^^^^^^^^^^^^
  File "<frozen runpy>", line 287, in run_path
  File "<frozen runpy>", line 98, in _run_module_code
  File "<frozen runpy>", line 88, in _run_code
  File "C:\APR2\APR_code_gen\Part2_Create_test\reconstructed_cases\issue_036\buggy.py", line 6, in <module>
    qasm_str = c.qasm()
               ^^^^^^
AttributeError: 'QuantumCircuit' object has no attribute 'qasm'

----------------------------------------------------------------------
Ran 1 test in 0.002s

FAILED (errors=1)
