
test_job_runs_and_control_zero_keeps_target_zero (__main__.T.test_job_runs_and_control_zero_keeps_target_zero) ... C:\qiskit_envs\q0450\Lib\site-packages\qiskit\utils\algorithm_globals.py:170: DeprecationWarning: The class ``qiskit.utils.algorithm_globals.QiskitAlgorithmGlobals`` is deprecated as of qiskit 0.45.0. It will be removed no earlier than 3 months after the release date. This algorithm utility has been migrated to an independent package: https://github.com/qiskit-community/qiskit-algorithms. You can run ``pip install qiskit_algorithms`` and import ``from qiskit_algorithms.utils`` instead. 
  algorithm_globals = QiskitAlgorithmGlobals()
C:\qiskit_envs\q0450\Lib\site-packages\qiskit\utils\algorithm_globals.py:49: DeprecationWarning: The property ``qiskit.utils.algorithm_globals.QiskitAlgorithmGlobals.num_processes`` is deprecated as of qiskit 0.45.0. It will be removed no earlier than 3 months after the release date. This algorithm utility belongs to a legacy workflow and has no replacement.
  self.num_processes = settings.get("num_processes", QiskitAlgorithmGlobals.CPU_COUNT)
C:\qiskit_envs\q0450\Lib\site-packages\qiskit\utils\algorithm_globals.py:120: DeprecationWarning: The property ``qiskit.utils.algorithm_globals.QiskitAlgorithmGlobals.num_processes`` is deprecated as of qiskit 0.45.0. It will be removed no earlier than 3 months after the release date. This algorithm utility belongs to a legacy workflow and has no replacement.
  parallel.CPU_COUNT = self.num_processes
C:\qiskit_envs\q0450\Lib\site-packages\qiskit_aer\backends\qasm_simulator.py:435: PendingDeprecationWarning: The `QasmSimulator` backend will be deprecated in the future. It has been superseded by the `AerSimulator` backend.
  warn(
ERROR

======================================================================
ERROR: test_job_runs_and_control_zero_keeps_target_zero (__main__.T.test_job_runs_and_control_zero_keeps_target_zero)
----------------------------------------------------------------------
Traceback (most recent call last):
  File "C:\APR2\llm_repair\updated_tests\issue_886_test.py", line 7, in test_job_runs_and_control_zero_keeps_target_zero
    ns = runpy.run_path(os.environ["MUT"])
         ^^^^^^^^^^^^^^^^^^^^^^^^^^^^^^^^^
  File "<frozen runpy>", line 291, in run_path
  File "<frozen runpy>", line 98, in _run_module_code
  File "<frozen runpy>", line 88, in _run_code
  File "C:\APR2\APR_code_gen\Part2_Create_test\reconstructed_cases\issue_886\buggy.py", line 10, in <module>
    job.result().get_counts()
    ^^^^^^^^^^^^
  File "C:\qiskit_envs\q0450\Lib\site-packages\qiskit_aer\jobs\utils.py", line 42, in _wrapper
    return func(self, *args, **kwargs)
           ^^^^^^^^^^^^^^^^^^^^^^^^^^^
  File "C:\qiskit_envs\q0450\Lib\site-packages\qiskit_aer\jobs\aerjob.py", line 114, in result
    return self._future.result(timeout=timeout)
           ^^^^^^^^^^^^^^^^^^^^^^^^^^^^^^^^^^^^
  File "C:\Users\User\AppData\Local\Programs\Python\Python311\Lib\concurrent\futures\_base.py", line 449, in result
    return self.__get_result()
           ^^^^^^^^^^^^^^^^^^^
  File "C:\Users\User\AppData\Local\Programs\Python\Python311\Lib\concurrent\futures\_base.py", line 401, in __get_result
    raise self._exception
  File "C:\Users\User\AppData\Local\Programs\Python\Python311\Lib\concurrent\futures\thread.py", line 58, in run
    result = self.fn(*self.args, **self.kwargs)
             ^^^^^^^^^^^^^^^^^^^^^^^^^^^^^^^^^^
  File "C:\qiskit_envs\q0450\Lib\site-packages\qiskit_aer\backends\aerbackend.py", line 456, in _execute_circuits_job
    aer_circuits, idx_maps = assemble_circuits(circuits)
                             ^^^^^^^^^^^^^^^^^^^^^^^^^^^
  File "C:\qiskit_envs\q0450\Lib\site-packages\qiskit_aer\backends\aer_compiler.py", line 962, in assemble_circuits
    aer_circuits, idx_maps = zip(*[assemble_circuit(circuit) for circuit in circuits])
                                  ^^^^^^^^^^^^^^^^^^^^^^^^^^^^^^^^^^^^^^^^^^^^^^^^^^^
  File "C:\qiskit_envs\q0450\Lib\site-packages\qiskit_aer\backends\aer_compiler.py", line 962, in <listcomp>
    aer_circuits, idx_maps = zip(*[assemble_circuit(circuit) for circuit in circuits])
                                   ^^^^^^^^^^^^^^^^^^^^^^^^^
  File "C:\qiskit_envs\q0450\Lib\site-packages\qiskit_aer\backends\aer_compiler.py", line 681, in assemble_circuit
    num_of_aer_ops += _assemble_op(
                      ^^^^^^^^^^^^^
  File "C:\qiskit_envs\q0450\Lib\site-packages\qiskit_aer\backends\aer_compiler.py", line 926, in _assemble_op
    raise AerError(f"unknown instruction: {name}")
qiskit_aer.aererror.AerError: 'unknown instruction: crx'

----------------------------------------------------------------------
Ran 1 test in 2.650s

FAILED (errors=1)
