
test_registered_bits_and_full_permutation (__main__.TestIntent.test_registered_bits_and_full_permutation) ... C:\qiskit_envs\q0460\Lib\site-packages\qiskit\utils\algorithm_globals.py:20: DeprecationWarning: Accessing 'parallel' from 'qiskit.tools' is deprecated since Qiskit 0.46.0 and will be removed in Qiskit 1.0.0. Import from 'qiskit.utils.parallel' instead 
  from qiskit.tools import parallel
C:\qiskit_envs\q0460\Lib\site-packages\qiskit\utils\parallel.py:60: DeprecationWarning: qiskit.tools.events is deprecated and will be removed in Qiskit 1.0.0
  from qiskit.tools.events.pubsub import Publisher
C:\qiskit_envs\q0460\Lib\site-packages\qiskit\utils\algorithm_globals.py:20: DeprecationWarning: 'qiskit.tools.parallel' is deprecated and is now located at 'qiskit.utils.parallel'. This path will no longer work in Qiskit 1.0.0
  from qiskit.tools import parallel
C:\qiskit_envs\q0460\Lib\site-packages\qiskit\utils\algorithm_globals.py:178: DeprecationWarning: The class ``qiskit.utils.algorithm_globals.QiskitAlgorithmGlobals`` is deprecated as of qiskit 0.45.0. It will be removed in the Qiskit 1.0 release. This algorithm utility has been migrated to an independent package: https://github.com/qiskit-community/qiskit-algorithms. You can run ``pip install qiskit_algorithms`` and import ``from qiskit_algorithms.utils`` instead. 
  algorithm_globals = QiskitAlgorithmGlobals()
C:\qiskit_envs\q0460\Lib\site-packages\qiskit\utils\algorithm_globals.py:50: DeprecationWarning: The property ``qiskit.utils.algorithm_globals.QiskitAlgorithmGlobals.num_processes`` is deprecated as of qiskit 0.45.0. It will be removed in the Qiskit 1.0 release. This algorithm utility belongs to a legacy workflow and has no replacement.
  self.num_processes = settings.get("num_processes", QiskitAlgorithmGlobals.CPU_COUNT)
C:\qiskit_envs\q0460\Lib\site-packages\qiskit\utils\algorithm_globals.py:125: DeprecationWarning: The property ``qiskit.utils.algorithm_globals.QiskitAlgorithmGlobals.num_processes`` is deprecated as of qiskit 0.45.0. It will be removed in the Qiskit 1.0 release. This algorithm utility belongs to a legacy workflow and has no replacement.
  parallel.CPU_COUNT = self.num_processes
C:\qiskit_envs\q0460\Lib\site-packages\qiskit\converters\ast_to_dag.py:23: DeprecationWarning: The `qiskit.qasm` has been deprecated and superseded by the `qiskit.qasm2` module. `qiskit.qasm` will be removed in the Qiskit 1.0.0 release.
  from qiskit.qasm.node.real import Real
FAIL

======================================================================
FAIL: test_registered_bits_and_full_permutation (__main__.TestIntent.test_registered_bits_and_full_permutation)
----------------------------------------------------------------------
Traceback (most recent call last):
  File "C:\APR2\APR_code_gen\Part2_Create_test\reconstructed_cases\issue_671\test.py", line 36, in test_registered_bits_and_full_permutation
    np.testing.assert_allclose(matrix,expected,atol=1e-10)
  File "C:\qiskit_envs\q0460\Lib\site-packages\numpy\testing\_private\utils.py", line 1504, in assert_allclose
    assert_array_compare(compare, actual, desired, err_msg=str(err_msg),
  File "C:\Users\User\AppData\Local\Programs\Python\Python311\Lib\contextlib.py", line 81, in inner
    return func(*args, **kwds)
           ^^^^^^^^^^^^^^^^^^^
  File "C:\qiskit_envs\q0460\Lib\site-packages\numpy\testing\_private\utils.py", line 797, in assert_array_compare
    raise AssertionError(msg)
AssertionError: 
Not equal to tolerance rtol=1e-07, atol=1e-10

Mismatched elements: 1024 / 262144 (0.391%)
Max absolute difference: 1.
Max relative difference: 1.
 x: array([[1.+0.j, 0.+0.j, 0.+0.j, ..., 0.+0.j, 0.+0.j, 0.+0.j],
       [0.+0.j, 1.+0.j, 0.+0.j, ..., 0.+0.j, 0.+0.j, 0.+0.j],
       [0.+0.j, 0.+0.j, 1.+0.j, ..., 0.+0.j, 0.+0.j, 0.+0.j],...
 y: array([[0.+0.j, 0.+0.j, 1.+0.j, ..., 0.+0.j, 0.+0.j, 0.+0.j],
       [0.+0.j, 0.+0.j, 0.+0.j, ..., 0.+0.j, 0.+0.j, 0.+0.j],
       [1.+0.j, 0.+0.j, 0.+0.j, ..., 0.+0.j, 0.+0.j, 0.+0.j],...

----------------------------------------------------------------------
Ran 1 test in 1.808s

FAILED (failures=1)
