
test_diffuser_simulated_state_and_operator (__main__.TestIntent) ... C:\qiskit_envs\q0250\lib\site-packages\qiskit\providers\aer\backends\statevector_simulator.py:152: PendingDeprecationWarning: The `StatevectorSimulator` backend will be deprecated in the future. It has been superseded by the `AerSimulator` backend. To obtain legacy functionality initalize with `AerSimulator(method="statevector")` and append run circuits with the `save_state` instruction.
  warn('The `StatevectorSimulator` backend will be deprecated in the'
Simulation failed and returned the following error message:
ERROR:  [Experiment 0] Circuit contains invalid instructions {"gates": {U$_s$}} for "statevector" method
ERROR

======================================================================
ERROR: test_diffuser_simulated_state_and_operator (__main__.TestIntent)
----------------------------------------------------------------------
Traceback (most recent call last):
  File "C:\APR2\APR_code_gen\Part2_Create_test\reconstructed_cases\issue_058_se\test_new.py", line 23, in test_diffuser_simulated_state_and_operator
    ns = load_simulated_target(MUT, expected)
  File "C:\APR2\APR_code_gen\Part2_Create_test\reconstructed_cases\simulation_oracle.py", line 65, in load_simulated_target
    namespace = runpy.run_path(path)
  File "C:\Users\User\AppData\Local\Programs\Python\Python39\lib\runpy.py", line 288, in run_path
    return _run_module_code(code, init_globals, run_name,
  File "C:\Users\User\AppData\Local\Programs\Python\Python39\lib\runpy.py", line 97, in _run_module_code
    _run_code(code, mod_globals, init_globals,
  File "C:\Users\User\AppData\Local\Programs\Python\Python39\lib\runpy.py", line 87, in _run_code
    exec(code, run_globals)
  File "C:\APR2\APR_code_gen\Part2_Create_test\reconstructed_cases\issue_058_se\buggy.py", line 36, in <module>
    v = job.result().get_statevector(circuit)
  File "C:\qiskit_envs\q0250\lib\site-packages\qiskit\result\result.py", line 305, in get_statevector
    return postprocess.format_statevector(self.data(experiment)['statevector'],
  File "C:\qiskit_envs\q0250\lib\site-packages\qiskit\result\result.py", line 181, in data
    return self._get_experiment(experiment).data.to_dict()
  File "C:\qiskit_envs\q0250\lib\site-packages\qiskit\result\result.py", line 370, in _get_experiment
    raise QiskitError('Data for experiment "%s" could not be found.' %
qiskit.exceptions.QiskitError: 'Data for experiment "circuit-3" could not be found.'

----------------------------------------------------------------------
Ran 1 test in 0.011s

FAILED (errors=1)
