
test_register_conditions_and_both_branches (__main__.TestIntent) ... ERROR

======================================================================
ERROR: test_register_conditions_and_both_branches (__main__.TestIntent)
----------------------------------------------------------------------
Traceback (most recent call last):
  File "C:\APR2\APR_code_gen\Part2_Create_test\reconstructed_cases\issue_174\test.py", line 21, in test_register_conditions_and_both_branches
    ns = load_target()
  File "C:\APR2\APR_code_gen\Part2_Create_test\reconstructed_cases\issue_174\test.py", line 14, in load_target
    return runpy.run_path(MUT)
  File "C:\Users\User\AppData\Local\Programs\Python\Python39\lib\runpy.py", line 288, in run_path
    return _run_module_code(code, init_globals, run_name,
  File "C:\Users\User\AppData\Local\Programs\Python\Python39\lib\runpy.py", line 97, in _run_module_code
    _run_code(code, mod_globals, init_globals,
  File "C:\Users\User\AppData\Local\Programs\Python\Python39\lib\runpy.py", line 87, in _run_code
    exec(code, run_globals)
  File "C:\APR2\APR_code_gen\Part2_Create_test\reconstructed_cases\issue_174\buggy.py", line 27, in <module>
    circuit = QuantumCircuit.from_qasm_str(cloner1)
  File "C:\qiskit_envs\q0250\lib\site-packages\qiskit\circuit\quantumcircuit.py", line 1912, in from_qasm_str
    return _circuit_from_qasm(qasm)
  File "C:\qiskit_envs\q0250\lib\site-packages\qiskit\circuit\quantumcircuit.py", line 2733, in _circuit_from_qasm
    ast = qasm.parse()
  File "C:\qiskit_envs\q0250\lib\site-packages\qiskit\qasm\qasm.py", line 54, in parse
    return qasm_p.parse(self._data)
  File "C:\qiskit_envs\q0250\lib\site-packages\qiskit\qasm\qasmparser.py", line 1070, in parse
    self.parser.parse(data, lexer=self.lexer, debug=self.parse_deb)
  File "C:\qiskit_envs\q0250\lib\site-packages\ply\yacc.py", line 333, in parse
    return self.parseopt_notrack(input, lexer, debug, tracking, tokenfunc)
  File "C:\qiskit_envs\q0250\lib\site-packages\ply\yacc.py", line 1120, in parseopt_notrack
    p.callable(pslice)
  File "C:\qiskit_envs\q0250\lib\site-packages\qiskit\qasm\qasmparser.py", line 883, in p_if
    raise QasmError("Ill-formed IF statement.  Expected '==', "
qiskit.qasm.exceptions.QasmError: "Ill-formed IF statement.  Expected '==', received '["

----------------------------------------------------------------------
Ran 1 test in 0.120s

FAILED (errors=1)
