
test_exact_negative_h_tensor_h_not_just_global_equivalence (__main__.Regression.test_exact_negative_h_tensor_h_not_just_global_equivalence) ... C:\qiskit_envs\q0453\Lib\site-packages\qiskit\utils\algorithm_globals.py:170: DeprecationWarning: The class ``qiskit.utils.algorithm_globals.QiskitAlgorithmGlobals`` is deprecated as of qiskit 0.45.0. It will be removed no earlier than 3 months after the release date. This algorithm utility has been migrated to an independent package: https://github.com/qiskit-community/qiskit-algorithms. You can run ``pip install qiskit_algorithms`` and import ``from qiskit_algorithms.utils`` instead. 
  algorithm_globals = QiskitAlgorithmGlobals()
C:\qiskit_envs\q0453\Lib\site-packages\qiskit\utils\algorithm_globals.py:49: DeprecationWarning: The property ``qiskit.utils.algorithm_globals.QiskitAlgorithmGlobals.num_processes`` is deprecated as of qiskit 0.45.0. It will be removed no earlier than 3 months after the release date. This algorithm utility belongs to a legacy workflow and has no replacement.
  self.num_processes = settings.get("num_processes", QiskitAlgorithmGlobals.CPU_COUNT)
C:\qiskit_envs\q0453\Lib\site-packages\qiskit\utils\algorithm_globals.py:120: DeprecationWarning: The property ``qiskit.utils.algorithm_globals.QiskitAlgorithmGlobals.num_processes`` is deprecated as of qiskit 0.45.0. It will be removed no earlier than 3 months after the release date. This algorithm utility belongs to a legacy workflow and has no replacement.
  parallel.CPU_COUNT = self.num_processes

  test_exact_negative_h_tensor_h_not_just_global_equivalence (__main__.Regression.test_exact_negative_h_tensor_h_not_just_global_equivalence) (circuit='qc') ... FAIL
  test_exact_negative_h_tensor_h_not_just_global_equivalence (__main__.Regression.test_exact_negative_h_tensor_h_not_just_global_equivalence) (circuit='qc2') ... ERROR

======================================================================
ERROR: test_exact_negative_h_tensor_h_not_just_global_equivalence (__main__.Regression.test_exact_negative_h_tensor_h_not_just_global_equivalence) (circuit='qc2')
----------------------------------------------------------------------
Traceback (most recent call last):
  File "C:\APR2\APR_code_gen\Part2_Create_test\reconstructed_cases\issue_958\test.py", line 27, in test_exact_negative_h_tensor_h_not_just_global_equivalence
    np.testing.assert_allclose(Operator(m[name]).data, expected, atol=1e-12)
                                        ~^^^^^^
KeyError: 'qc2'

======================================================================
FAIL: test_exact_negative_h_tensor_h_not_just_global_equivalence (__main__.Regression.test_exact_negative_h_tensor_h_not_just_global_equivalence) (circuit='qc')
----------------------------------------------------------------------
Traceback (most recent call last):
  File "C:\APR2\APR_code_gen\Part2_Create_test\reconstructed_cases\issue_958\test.py", line 27, in test_exact_negative_h_tensor_h_not_just_global_equivalence
    np.testing.assert_allclose(Operator(m[name]).data, expected, atol=1e-12)
  File "C:\qiskit_envs\q0453\Lib\site-packages\numpy\testing\_private\utils.py", line 1504, in assert_allclose
    assert_array_compare(compare, actual, desired, err_msg=str(err_msg),
  File "C:\Users\User\AppData\Local\Programs\Python\Python311\Lib\contextlib.py", line 81, in inner
    return func(*args, **kwds)
           ^^^^^^^^^^^^^^^^^^^
  File "C:\qiskit_envs\q0453\Lib\site-packages\numpy\testing\_private\utils.py", line 797, in assert_array_compare
    raise AssertionError(msg)
AssertionError: 
Not equal to tolerance rtol=1e-07, atol=1e-12

Mismatched elements: 16 / 16 (100%)
Max absolute difference: 1.5
Max relative difference: 3.
 x: array([[1.+0.j, 0.+0.j, 0.+0.j, 0.+0.j],
       [0.+0.j, 1.+0.j, 0.+0.j, 0.+0.j],
       [0.+0.j, 0.+0.j, 1.+0.j, 0.+0.j],
       [0.+0.j, 0.+0.j, 0.+0.j, 1.+0.j]])
 y: array([[-0.5, -0.5, -0.5, -0.5],
       [-0.5,  0.5, -0.5,  0.5],
       [-0.5, -0.5,  0.5,  0.5],
       [-0.5,  0.5,  0.5, -0.5]])

----------------------------------------------------------------------
Ran 1 test in 2.002s

FAILED (failures=1, errors=1)
