
test_unique_layout_and_calibration_outcomes (__main__.TestIntent) ... C:\qiskit_envs\q0250\lib\site-packages\qiskit\providers\aer\backends\qasm_simulator.py:329: PendingDeprecationWarning: The `QasmSimulator` backend will be deprecated in the future. It has been superseded by the `AerSimulator` backend.
  warn('The `QasmSimulator` backend will be deprecated in the'
C:\qiskit_envs\q0250\lib\site-packages\mpmath\ctx_mp.py:35: DeprecationWarning: mpnumeric is deprecated
  warnings.warn(f"{name} is deprecated", DeprecationWarning)
C:\qiskit_envs\q0250\lib\site-packages\mpmath\rational.py:4: DeprecationWarning: the rational private module is deprecated
  warnings.warn("the rational private module is deprecated",
ERROR

======================================================================
ERROR: test_unique_layout_and_calibration_outcomes (__main__.TestIntent)
----------------------------------------------------------------------
Traceback (most recent call last):
  File "C:\qiskit_envs\q0250\lib\site-packages\qiskit\dagcircuit\dagcircuit.py", line 774, in depth
    depth = rx.dag_longest_path_length(self._multi_graph) - 1
retworkx.DAGHasCycle: Sort encountered a cycle

The above exception was the direct cause of the following exception:

Traceback (most recent call last):
  File "C:\APR2\APR_code_gen\Part2_Create_test\reconstructed_cases\issue_072\test.py", line 31, in test_unique_layout_and_calibration_outcomes
    ns = load_target()
  File "C:\APR2\APR_code_gen\Part2_Create_test\reconstructed_cases\issue_072\test.py", line 14, in load_target
    return runpy.run_path(MUT)
  File "C:\Users\User\AppData\Local\Programs\Python\Python39\lib\runpy.py", line 288, in run_path
    return _run_module_code(code, init_globals, run_name,
  File "C:\Users\User\AppData\Local\Programs\Python\Python39\lib\runpy.py", line 97, in _run_module_code
    _run_code(code, mod_globals, init_globals,
  File "C:\Users\User\AppData\Local\Programs\Python\Python39\lib\runpy.py", line 87, in _run_code
    exec(code, run_globals)
  File "C:\APR2\APR_code_gen\Part2_Create_test\reconstructed_cases\issue_072\buggy.py", line 15, in <module>
    qk.compiler.transpile(meas_calibs, backend=_backend, initial_layout=layout)
  File "C:\Users\User\AppData\Local\Programs\Python\Python39\lib\unittest\mock.py", line 1092, in __call__
    return self._mock_call(*args, **kwargs)
  File "C:\Users\User\AppData\Local\Programs\Python\Python39\lib\unittest\mock.py", line 1096, in _mock_call
    return self._execute_mock_call(*args, **kwargs)
  File "C:\Users\User\AppData\Local\Programs\Python\Python39\lib\unittest\mock.py", line 1157, in _execute_mock_call
    result = effect(*args, **kwargs)
  File "C:\APR2\APR_code_gen\Part2_Create_test\reconstructed_cases\issue_072\test.py", line 27, in capture
    result = original(*args, **kwargs)
  File "C:\qiskit_envs\q0250\lib\site-packages\qiskit\compiler\transpiler.py", line 245, in transpile
    circuits = parallel_map(_transpile_circuit, list(zip(circuits, transpile_args)))
  File "C:\qiskit_envs\q0250\lib\site-packages\qiskit\tools\parallel.py", line 167, in parallel_map
    result = task(value, *task_args, **task_kwargs)
  File "C:\qiskit_envs\q0250\lib\site-packages\qiskit\compiler\transpiler.py", line 328, in _transpile_circuit
    result = pass_manager.run(circuit, callback=transpile_config['callback'],
  File "C:\qiskit_envs\q0250\lib\site-packages\qiskit\transpiler\passmanager.py", line 216, in run
    return self._run_single_circuit(circuits, output_name, callback)
  File "C:\qiskit_envs\q0250\lib\site-packages\qiskit\transpiler\passmanager.py", line 277, in _run_single_circuit
    result = running_passmanager.run(circuit, output_name=output_name, callback=callback)
  File "C:\qiskit_envs\q0250\lib\site-packages\qiskit\transpiler\runningpassmanager.py", line 122, in run
    dag = self._do_pass(pass_, dag, passset.options)
  File "C:\qiskit_envs\q0250\lib\site-packages\qiskit\transpiler\runningpassmanager.py", line 153, in _do_pass
    dag = self._run_this_pass(pass_, dag)
  File "C:\qiskit_envs\q0250\lib\site-packages\qiskit\transpiler\runningpassmanager.py", line 186, in _run_this_pass
    pass_.run(FencedDAGCircuit(dag))
  File "C:\qiskit_envs\q0250\lib\site-packages\qiskit\transpiler\passes\analysis\depth.py", line 23, in run
    self.property_set['depth'] = dag.depth()
  File "C:\qiskit_envs\q0250\lib\site-packages\qiskit\dagcircuit\dagcircuit.py", line 776, in depth
    raise DAGCircuitError("not a DAG") from ex
qiskit.dagcircuit.exceptions.DAGCircuitError: 'not a DAG'

----------------------------------------------------------------------
Ran 1 test in 1.969s

FAILED (errors=1)
