
test_ghz_measurements_and_state (__main__.TestIntent.test_ghz_measurements_and_state) ... C:\qiskit_envs\q0452\Lib\site-packages\qiskit\utils\algorithm_globals.py:170: DeprecationWarning: The class ``qiskit.utils.algorithm_globals.QiskitAlgorithmGlobals`` is deprecated as of qiskit 0.45.0. It will be removed no earlier than 3 months after the release date. This algorithm utility has been migrated to an independent package: https://github.com/qiskit-community/qiskit-algorithms. You can run ``pip install qiskit_algorithms`` and import ``from qiskit_algorithms.utils`` instead. 
  algorithm_globals = QiskitAlgorithmGlobals()
C:\qiskit_envs\q0452\Lib\site-packages\qiskit\utils\algorithm_globals.py:49: DeprecationWarning: The property ``qiskit.utils.algorithm_globals.QiskitAlgorithmGlobals.num_processes`` is deprecated as of qiskit 0.45.0. It will be removed no earlier than 3 months after the release date. This algorithm utility belongs to a legacy workflow and has no replacement.
  self.num_processes = settings.get("num_processes", QiskitAlgorithmGlobals.CPU_COUNT)
C:\qiskit_envs\q0452\Lib\site-packages\qiskit\utils\algorithm_globals.py:120: DeprecationWarning: The property ``qiskit.utils.algorithm_globals.QiskitAlgorithmGlobals.num_processes`` is deprecated as of qiskit 0.45.0. It will be removed no earlier than 3 months after the release date. This algorithm utility belongs to a legacy workflow and has no replacement.
  parallel.CPU_COUNT = self.num_processes
C:\APR2\llm_repair\llm_fixes\issue_747\llm_fix.py:12: PendingDeprecationWarning: The qiskit.Aer entry point will be deprecated in a future release and subsequently removed. Instead you should use this directly from the root of the qiskit-aer package.
  backend = Aer.get_backend("qasm_simulator")
C:\qiskit_envs\q0452\Lib\site-packages\qiskit_aer\backends\qasm_simulator.py:435: PendingDeprecationWarning: The `QasmSimulator` backend will be deprecated in the future. It has been superseded by the `AerSimulator` backend.
  warn(
C:\qiskit_envs\q0452\Lib\site-packages\qiskit\utils\deprecation.py:183: PendingDeprecationWarning: Building a flow controller with keyword arguments is going to be deprecated. Custom controllers must be explicitly instantiated and appended to the task list.
  return func(*args, **kwargs)
FAIL

======================================================================
FAIL: test_ghz_measurements_and_state (__main__.TestIntent.test_ghz_measurements_and_state)
----------------------------------------------------------------------
Traceback (most recent call last):
  File "C:\APR2\APR_code_gen\Part2_Create_test\reconstructed_cases\issue_747\test.py", line 26, in test_ghz_measurements_and_state
    self.assertEqual(set(counts),{"000","111"})
AssertionError: Items in the first set but not the second:
'111 000'
'000 000'
Items in the second set but not the first:
'000'
'111'

----------------------------------------------------------------------
Ran 1 test in 1.893s

FAILED (failures=1)
