
test_each_shot_is_recorded_and_matches_counts (__main__.Regression.test_each_shot_is_recorded_and_matches_counts) ... C:\qiskit_envs\q0462\Lib\site-packages\qiskit\utils\algorithm_globals.py:20: DeprecationWarning: Accessing 'parallel' from 'qiskit.tools' is deprecated since Qiskit 0.46.0 and will be removed in Qiskit 1.0.0. Import from 'qiskit.utils.parallel' instead 
  from qiskit.tools import parallel
C:\qiskit_envs\q0462\Lib\site-packages\qiskit\utils\parallel.py:58: DeprecationWarning: qiskit.tools.events is deprecated and will be removed in Qiskit 1.0.0
  from qiskit.tools.events.pubsub import Publisher
C:\qiskit_envs\q0462\Lib\site-packages\qiskit\utils\algorithm_globals.py:20: DeprecationWarning: 'qiskit.tools.parallel' is deprecated and is now located at 'qiskit.utils.parallel'. This path will no longer work in Qiskit 1.0.0
  from qiskit.tools import parallel
C:\qiskit_envs\q0462\Lib\site-packages\qiskit\utils\algorithm_globals.py:178: DeprecationWarning: The class ``qiskit.utils.algorithm_globals.QiskitAlgorithmGlobals`` is deprecated as of qiskit 0.45.0. It will be removed in the Qiskit 1.0 release. This algorithm utility has been migrated to an independent package: https://github.com/qiskit-community/qiskit-algorithms. You can run ``pip install qiskit_algorithms`` and import ``from qiskit_algorithms.utils`` instead. 
  algorithm_globals = QiskitAlgorithmGlobals()
C:\qiskit_envs\q0462\Lib\site-packages\qiskit\utils\algorithm_globals.py:50: DeprecationWarning: The property ``qiskit.utils.algorithm_globals.QiskitAlgorithmGlobals.num_processes`` is deprecated as of qiskit 0.45.0. It will be removed in the Qiskit 1.0 release. This algorithm utility belongs to a legacy workflow and has no replacement.
  self.num_processes = settings.get("num_processes", QiskitAlgorithmGlobals.CPU_COUNT)
C:\qiskit_envs\q0462\Lib\site-packages\qiskit\utils\algorithm_globals.py:125: DeprecationWarning: The property ``qiskit.utils.algorithm_globals.QiskitAlgorithmGlobals.num_processes`` is deprecated as of qiskit 0.45.0. It will be removed in the Qiskit 1.0 release. This algorithm utility belongs to a legacy workflow and has no replacement.
  parallel.CPU_COUNT = self.num_processes
C:\qiskit_envs\q0462\Lib\site-packages\qiskit\converters\ast_to_dag.py:23: DeprecationWarning: The `qiskit.qasm` has been deprecated and superseded by the `qiskit.qasm2` module. `qiskit.qasm` will be removed in the Qiskit 1.0.0 release.
  from qiskit.qasm.node.real import Real
ERROR

======================================================================
ERROR: test_each_shot_is_recorded_and_matches_counts (__main__.Regression.test_each_shot_is_recorded_and_matches_counts)
----------------------------------------------------------------------
Traceback (most recent call last):
  File "C:\qiskit_envs\q0462\Lib\site-packages\qiskit\result\result.py", line 226, in get_memory
    memory = self.data(experiment)["memory"]
             ~~~~~~~~~~~~~~~~~~~~~^^^^^^^^^^
KeyError: 'memory'

The above exception was the direct cause of the following exception:

Traceback (most recent call last):
  File "C:\APR2\APR_code_gen\Part2_Create_test\reconstructed_cases\issue_816\test.py", line 22, in test_each_shot_is_recorded_and_matches_counts
    m = target()
        ^^^^^^^^
  File "C:\APR2\APR_code_gen\Part2_Create_test\reconstructed_cases\issue_816\test.py", line 15, in target
    namespace = runpy.run_path(os.environ.get("MUT", str(Path(__file__).with_name("fixed.py"))))
                ^^^^^^^^^^^^^^^^^^^^^^^^^^^^^^^^^^^^^^^^^^^^^^^^^^^^^^^^^^^^^^^^^^^^^^^^^^^^^^^^
  File "<frozen runpy>", line 291, in run_path
  File "<frozen runpy>", line 98, in _run_module_code
  File "<frozen runpy>", line 88, in _run_code
  File "C:\APR2\APR_code_gen\Part2_Create_test\reconstructed_cases\issue_816\buggy.py", line 13, in <module>
    memory = result.get_memory(circ)  # raises: no memory data collected
             ^^^^^^^^^^^^^^^^^^^^^^^
  File "C:\qiskit_envs\q0462\Lib\site-packages\qiskit\result\result.py", line 238, in get_memory
    raise QiskitError(
qiskit.exceptions.QiskitError: 'No memory for experiment "<qiskit.circuit.quantumcircuit.QuantumCircuit object at 0x0000019929A5E710>". Please verify that you either ran a measurement level 2 job with the memory flag set, eg., "memory=True", or a measurement level 0/1 job.'

----------------------------------------------------------------------
Ran 1 test in 3.022s

FAILED (errors=1)
