Expectation Value 1 =  (0.9126681038287158+0j)
Expectation Value 2 =  (-0.5304462056017966+0j)

test_two_expectations_in_one_backend_submission (__main__.TestBatchedExpectations) ... C:\qiskit_envs\q0253\lib\site-packages\mpmath\ctx_mp.py:35: DeprecationWarning: mpnumeric is deprecated
  warnings.warn(f"{name} is deprecated", DeprecationWarning)
C:\qiskit_envs\q0253\lib\site-packages\mpmath\rational.py:4: DeprecationWarning: the rational private module is deprecated
  warnings.warn("the rational private module is deprecated",
C:\qiskit_envs\q0253\lib\site-packages\qiskit\aqua\operators\operator_base.py:46: DeprecationWarning: The package qiskit.aqua.operators is deprecated. It was moved/refactored to qiskit.opflow (pip install qiskit-terra). For more information see <https://github.com/Qiskit/qiskit-aqua/blob/master/README.md#migration-guide>
  warn_package('aqua.operators', 'qiskit.opflow', 'qiskit-terra')
C:\qiskit_envs\q0253\lib\site-packages\qiskit\providers\aer\backends\qasm_simulator.py:329: PendingDeprecationWarning: The `QasmSimulator` backend will be deprecated in the future. It has been superseded by the `AerSimulator` backend.
  warn('The `QasmSimulator` backend will be deprecated in the'
C:\qiskit_envs\q0253\lib\site-packages\qiskit\aqua\quantum_instance.py:135: DeprecationWarning: The class qiskit.aqua.QuantumInstance is deprecated. It was moved/refactored to qiskit.utils.QuantumInstance (pip install qiskit-terra). For more information see <https://github.com/Qiskit/qiskit-aqua/blob/master/README.md#migration-guide>
  warn_class('aqua.QuantumInstance',
C:\qiskit_envs\q0253\lib\site-packages\qiskit\providers\ibmq\api\clients\websocket.py:27: DeprecationWarning: websockets.client.WebSocketClientProtocol is deprecated
  from websockets.client import WebSocketClientProtocol
C:\qiskit_envs\q0253\lib\site-packages\websockets\legacy\__init__.py:6: DeprecationWarning: websockets.legacy is deprecated; see https://websockets.readthedocs.io/en/stable/howto/upgrade.html for upgrade instructions
  warnings.warn(  # deprecated in 14.0 - 2024-11-09
Measured Observable is not composed of only Paulis, converting to Pauli representation, which can be expensive.
Measured Observable is not composed of only Paulis, converting to Pauli representation, which can be expensive.
C:\qiskit_envs\q0253\lib\site-packages\qiskit\utils\deprecation.py:56: PendingDeprecationWarning: Using a qobj for run() is deprecated and will be removed in a future release.
  return func(*args, **kwargs)
ok

----------------------------------------------------------------------
Ran 1 test in 6.055s

OK
