
test_fidelity_matches_independent_uniform_state (__main__.Regression.test_fidelity_matches_independent_uniform_state) ... ERROR
test_real_noisy_density_matrix_is_physical (__main__.Regression.test_real_noisy_density_matrix_is_physical) ... ERROR

======================================================================
ERROR: test_fidelity_matches_independent_uniform_state (__main__.Regression.test_fidelity_matches_independent_uniform_state)
----------------------------------------------------------------------
Traceback (most recent call last):
  File "C:\APR2\APR_code_gen\Part2_Create_test\reconstructed_cases\issue_876\test.py", line 31, in test_fidelity_matches_independent_uniform_state
    m = target()
        ^^^^^^^^
  File "C:\APR2\APR_code_gen\Part2_Create_test\reconstructed_cases\issue_876\test.py", line 15, in target
    namespace = runpy.run_path(os.environ.get("MUT", str(Path(__file__).with_name("fixed.py"))))
                ^^^^^^^^^^^^^^^^^^^^^^^^^^^^^^^^^^^^^^^^^^^^^^^^^^^^^^^^^^^^^^^^^^^^^^^^^^^^^^^^
  File "<frozen runpy>", line 287, in run_path
  File "<frozen runpy>", line 98, in _run_module_code
  File "<frozen runpy>", line 88, in _run_code
  File "C:\APR2\llm_repair\llm_fixes\issue_876\llm_fix.py", line 5, in <module>
    from qiskit.ibm_runtime.fake_provider import FakeBrisbane
ModuleNotFoundError: No module named 'qiskit.ibm_runtime'

======================================================================
ERROR: test_real_noisy_density_matrix_is_physical (__main__.Regression.test_real_noisy_density_matrix_is_physical)
----------------------------------------------------------------------
Traceback (most recent call last):
  File "C:\APR2\APR_code_gen\Part2_Create_test\reconstructed_cases\issue_876\test.py", line 21, in test_real_noisy_density_matrix_is_physical
    m = target()
        ^^^^^^^^
  File "C:\APR2\APR_code_gen\Part2_Create_test\reconstructed_cases\issue_876\test.py", line 15, in target
    namespace = runpy.run_path(os.environ.get("MUT", str(Path(__file__).with_name("fixed.py"))))
                ^^^^^^^^^^^^^^^^^^^^^^^^^^^^^^^^^^^^^^^^^^^^^^^^^^^^^^^^^^^^^^^^^^^^^^^^^^^^^^^^
  File "<frozen runpy>", line 287, in run_path
  File "<frozen runpy>", line 98, in _run_module_code
  File "<frozen runpy>", line 88, in _run_code
  File "C:\APR2\llm_repair\llm_fixes\issue_876\llm_fix.py", line 5, in <module>
    from qiskit.ibm_runtime.fake_provider import FakeBrisbane
ModuleNotFoundError: No module named 'qiskit.ibm_runtime'

----------------------------------------------------------------------
Ran 2 tests in 0.758s

FAILED (errors=2)
