
test_noise_channels_in_real_density_simulator (__main__.TestIntent) ... ERROR

======================================================================
ERROR: test_noise_channels_in_real_density_simulator (__main__.TestIntent)
----------------------------------------------------------------------
Traceback (most recent call last):
  File "C:\APR2\APR_code_gen\Part2_Create_test\reconstructed_cases\issue_280\test.py", line 24, in test_noise_channels_in_real_density_simulator
    ns = load_target()
  File "C:\APR2\APR_code_gen\Part2_Create_test\reconstructed_cases\issue_280\test.py", line 14, in load_target
    return runpy.run_path(MUT)
  File "C:\Users\User\AppData\Local\Programs\Python\Python39\lib\runpy.py", line 288, in run_path
    return _run_module_code(code, init_globals, run_name,
  File "C:\Users\User\AppData\Local\Programs\Python\Python39\lib\runpy.py", line 97, in _run_module_code
    _run_code(code, mod_globals, init_globals,
  File "C:\Users\User\AppData\Local\Programs\Python\Python39\lib\runpy.py", line 87, in _run_code
    exec(code, run_globals)
  File "C:\APR2\APR_code_gen\Part2_Create_test\reconstructed_cases\issue_280\buggy.py", line 12, in <module>
    noise_model.add_all_qubit_quantum_error(error, ['cx'])
  File "C:\qiskit_envs\q0252\lib\site-packages\qiskit\providers\aer\noise\noise_model.py", line 458, in add_all_qubit_quantum_error
    self._check_number_of_qubits(error, name)
  File "C:\qiskit_envs\q0252\lib\site-packages\qiskit\providers\aer\noise\noise_model.py", line 904, in _check_number_of_qubits
    raise NoiseError(error_message(2))
qiskit.providers.aer.noise.noiseerror.NoiseError: '1 qubit QuantumError cannot be applied to 2 qubit instruction "cx".'

----------------------------------------------------------------------
Ran 1 test in 0.026s

FAILED (errors=1)
