
test_no_go_determinant_and_explicit_missing_phase (__main__.Regression.test_no_go_determinant_and_explicit_missing_phase) ... FAIL
test_requested_rotation_basis_and_equivalence_up_to_phase (__main__.Regression.test_requested_rotation_basis_and_equivalence_up_to_phase) ... ok

======================================================================
FAIL: test_no_go_determinant_and_explicit_missing_phase (__main__.Regression.test_no_go_determinant_and_explicit_missing_phase)
----------------------------------------------------------------------
Traceback (most recent call last):
  File "C:\APR2\APR_code_gen\Part2_Create_test\reconstructed_cases\issue_985\test.py", line 37, in test_no_go_determinant_and_explicit_missing_phase
    np.testing.assert_allclose(np.linalg.det(actual), 1, atol=1e-12)
  File "C:\qiskit_envs\q121\Lib\site-packages\numpy\testing\_private\utils.py", line 1768, in assert_allclose
    assert_array_compare(compare, actual, desired, err_msg=str(err_msg),
  File "C:\qiskit_envs\q121\Lib\site-packages\numpy\testing\_private\utils.py", line 983, in assert_array_compare
    raise AssertionError(msg)
AssertionError: 
Not equal to tolerance rtol=1e-07, atol=1e-12

Mismatched elements: 1 / 1 (100%)
Max absolute difference among violations: 0.49480792
Max relative difference among violations: 0.49480792
 ACTUAL: array(0.877583+0.479426j)
 DESIRED: array(1)

----------------------------------------------------------------------
Ran 2 tests in 0.463s

FAILED (failures=1)
