
test_saved_unitary_from_aer (__main__.TestIntent.test_saved_unitary_from_aer) ... ERROR

======================================================================
ERROR: test_saved_unitary_from_aer (__main__.TestIntent.test_saved_unitary_from_aer)
----------------------------------------------------------------------
Traceback (most recent call last):
  File "C:\qiskit_envs\q121\Lib\site-packages\qiskit\result\result.py", line 331, in get_unitary
    return postprocess.format_unitary(self.data(experiment)["unitary"], decimals=decimals)
                                      ~~~~~~~~~~~~~~~~~~~~~^^^^^^^^^^^
KeyError: 'unitary'

The above exception was the direct cause of the following exception:

Traceback (most recent call last):
  File "C:\APR2\APR_code_gen\Part2_Create_test\reconstructed_cases\issue_595\test.py", line 21, in test_saved_unitary_from_aer
    ns = load_target()
         ^^^^^^^^^^^^^
  File "C:\APR2\APR_code_gen\Part2_Create_test\reconstructed_cases\issue_595\test.py", line 15, in load_target
    return runpy.run_path(MUT)
           ^^^^^^^^^^^^^^^^^^^
  File "<frozen runpy>", line 291, in run_path
  File "<frozen runpy>", line 98, in _run_module_code
  File "<frozen runpy>", line 88, in _run_code
  File "C:\APR2\APR_code_gen\Part2_Create_test\reconstructed_cases\issue_595\buggy.py", line 15, in <module>
    unitary = result.get_unitary(circ)
              ^^^^^^^^^^^^^^^^^^^^^^^^
  File "C:\qiskit_envs\q121\Lib\site-packages\qiskit\result\result.py", line 333, in get_unitary
    raise QiskitError(f'No unitary for experiment "{repr(experiment)}"') from ex
qiskit.exceptions.QiskitError: 'No unitary for experiment "<qiskit.circuit.quantumcircuit.QuantumCircuit object at 0x00000149C32AFF10>"'

----------------------------------------------------------------------
Ran 1 test in 2.519s

FAILED (errors=1)
