
test_projector_any_operator_type (__main__.T.test_projector_any_operator_type) ... C:\qiskit_envs\q0450\Lib\site-packages\qiskit\utils\algorithm_globals.py:170: DeprecationWarning: The class ``qiskit.utils.algorithm_globals.QiskitAlgorithmGlobals`` is deprecated as of qiskit 0.45.0. It will be removed no earlier than 3 months after the release date. This algorithm utility has been migrated to an independent package: https://github.com/qiskit-community/qiskit-algorithms. You can run ``pip install qiskit_algorithms`` and import ``from qiskit_algorithms.utils`` instead. 
  algorithm_globals = QiskitAlgorithmGlobals()
C:\qiskit_envs\q0450\Lib\site-packages\qiskit\utils\algorithm_globals.py:49: DeprecationWarning: The property ``qiskit.utils.algorithm_globals.QiskitAlgorithmGlobals.num_processes`` is deprecated as of qiskit 0.45.0. It will be removed no earlier than 3 months after the release date. This algorithm utility belongs to a legacy workflow and has no replacement.
  self.num_processes = settings.get("num_processes", QiskitAlgorithmGlobals.CPU_COUNT)
C:\qiskit_envs\q0450\Lib\site-packages\qiskit\utils\algorithm_globals.py:120: DeprecationWarning: The property ``qiskit.utils.algorithm_globals.QiskitAlgorithmGlobals.num_processes`` is deprecated as of qiskit 0.45.0. It will be removed no earlier than 3 months after the release date. This algorithm utility belongs to a legacy workflow and has no replacement.
  parallel.CPU_COUNT = self.num_processes
C:\APR2\APR_code_gen\Part2_Create_test\reconstructed_cases\issue_944\buggy.py:3: DeprecationWarning: The ``qiskit.opflow`` module is deprecated as of qiskit-terra 0.24.0. It will be removed no earlier than 3 months after the release date. For code migration guidelines, visit https://qisk.it/opflow_migration.
  from qiskit.opflow import Plus
C:\APR2\APR_code_gen\Part2_Create_test\reconstructed_cases\issue_944\buggy.py:4: DeprecationWarning: ``qiskit.algorithms`` has been migrated to an independent package: https://github.com/qiskit-community/qiskit-algorithms. The ``qiskit.algorithms`` import path is deprecated as of qiskit-terra 0.25.0 and will be removed no earlier than 3 months after the release date. Please run ``pip install qiskit_algorithms`` and use ``import qiskit_algorithms`` instead.
  from qiskit.algorithms import NumPyEigensolver
C:\qiskit_envs\q0450\Lib\site-packages\qiskit\opflow\state_fns\circuit_state_fn.py:170: DeprecationWarning: The class ``qiskit.opflow.state_fns.circuit_state_fn.CircuitStateFn`` is deprecated as of qiskit-terra 0.24.0. It will be removed no earlier than 3 months after the release date. For code migration guidelines, visit https://qisk.it/opflow_migration.
  return CircuitStateFn(
C:\qiskit_envs\q0450\Lib\site-packages\qiskit\opflow\state_fns\circuit_state_fn.py:84: DeprecationWarning: The class ``qiskit.opflow.state_fns.state_fn.StateFn`` is deprecated as of qiskit-terra 0.24.0. It will be removed no earlier than 3 months after the release date. For code migration guidelines, visit https://qisk.it/opflow_migration.
  super().__init__(primitive, coeff=coeff, is_measurement=is_measurement)
C:\qiskit_envs\q0450\Lib\site-packages\qiskit\opflow\state_fns\state_fn.py:143: DeprecationWarning: The class ``qiskit.opflow.operator_base.OperatorBase`` is deprecated as of qiskit-terra 0.24.0. It will be removed no earlier than 3 months after the release date. For code migration guidelines, visit https://qisk.it/opflow_migration.
  super().__init__()
C:\qiskit_envs\q0450\Lib\site-packages\qiskit\opflow\operator_base.py:55: DeprecationWarning: The class ``qiskit.opflow.mixins.star_algebra.StarAlgebraMixin`` is deprecated as of qiskit-terra 0.24.0. It will be removed no earlier than 3 months after the release date. For code migration guidelines, visit https://qisk.it/opflow_migration.
  super().__init__()
ERROR

======================================================================
ERROR: test_projector_any_operator_type (__main__.T.test_projector_any_operator_type)
----------------------------------------------------------------------
Traceback (most recent call last):
  File "C:\APR2\llm_repair\updated_tests\issue_944_test.py", line 15, in test_projector_any_operator_type
    ns = runpy.run_path(os.environ["MUT"])
         ^^^^^^^^^^^^^^^^^^^^^^^^^^^^^^^^^
  File "<frozen runpy>", line 291, in run_path
  File "<frozen runpy>", line 98, in _run_module_code
  File "<frozen runpy>", line 88, in _run_code
  File "C:\APR2\APR_code_gen\Part2_Create_test\reconstructed_cases\issue_944\buggy.py", line 7, in <module>
    proj = Plus @ ~Plus  # ValueError: Composition with a Statefunctions in the first operand is not defined.
           ~~~~~^~~~~~~
  File "C:\qiskit_envs\q0450\Lib\site-packages\qiskit\opflow\mixins\star_algebra.py", line 116, in __matmul__
    return self.compose(other)
           ^^^^^^^^^^^^^^^^^^^
  File "C:\qiskit_envs\q0450\Lib\site-packages\qiskit\opflow\state_fns\circuit_state_fn.py", line 178, in compose
    raise ValueError(
ValueError: Composition with a Statefunctions in the first operand is not defined.

----------------------------------------------------------------------
Ran 1 test in 10.043s

FAILED (errors=1)
