
test_operator_dimension_and_diagonality (__main__.Regression.test_operator_dimension_and_diagonality) ... C:\qiskit_envs\q0451\Lib\site-packages\qiskit\utils\algorithm_globals.py:170: DeprecationWarning: The class ``qiskit.utils.algorithm_globals.QiskitAlgorithmGlobals`` is deprecated as of qiskit 0.45.0. It will be removed no earlier than 3 months after the release date. This algorithm utility has been migrated to an independent package: https://github.com/qiskit-community/qiskit-algorithms. You can run ``pip install qiskit_algorithms`` and import ``from qiskit_algorithms.utils`` instead. 
  algorithm_globals = QiskitAlgorithmGlobals()
C:\qiskit_envs\q0451\Lib\site-packages\qiskit\utils\algorithm_globals.py:49: DeprecationWarning: The property ``qiskit.utils.algorithm_globals.QiskitAlgorithmGlobals.num_processes`` is deprecated as of qiskit 0.45.0. It will be removed no earlier than 3 months after the release date. This algorithm utility belongs to a legacy workflow and has no replacement.
  self.num_processes = settings.get("num_processes", QiskitAlgorithmGlobals.CPU_COUNT)
C:\qiskit_envs\q0451\Lib\site-packages\qiskit\utils\algorithm_globals.py:120: DeprecationWarning: The property ``qiskit.utils.algorithm_globals.QiskitAlgorithmGlobals.num_processes`` is deprecated as of qiskit 0.45.0. It will be removed no earlier than 3 months after the release date. This algorithm utility belongs to a legacy workflow and has no replacement.
  parallel.CPU_COUNT = self.num_processes
FAIL
test_z_acts_on_requested_qiskit_qubits_i_plus_one_to_j_minus_one (__main__.Regression.test_z_acts_on_requested_qiskit_qubits_i_plus_one_to_j_minus_one) ... FAIL

======================================================================
FAIL: test_operator_dimension_and_diagonality (__main__.Regression.test_operator_dimension_and_diagonality)
----------------------------------------------------------------------
Traceback (most recent call last):
  File "C:\APR2\APR_code_gen\Part2_Create_test\reconstructed_cases\issue_950\test.py", line 25, in test_operator_dimension_and_diagonality
    np.testing.assert_allclose(abs(np.diag(data)), np.ones(1024), atol=1e-12)
  File "C:\qiskit_envs\q0451\Lib\site-packages\numpy\testing\_private\utils.py", line 1504, in assert_allclose
    assert_array_compare(compare, actual, desired, err_msg=str(err_msg),
  File "C:\Users\User\AppData\Local\Programs\Python\Python311\Lib\contextlib.py", line 81, in inner
    return func(*args, **kwds)
           ^^^^^^^^^^^^^^^^^^^
  File "C:\qiskit_envs\q0451\Lib\site-packages\numpy\testing\_private\utils.py", line 797, in assert_array_compare
    raise AssertionError(msg)
AssertionError: 
Not equal to tolerance rtol=1e-07, atol=1e-12

Mismatched elements: 1024 / 1024 (100%)
Max absolute difference: 1.
Max relative difference: 1.
 x: array([2., 2., 2., ..., 0., 0., 0.])
 y: array([1., 1., 1., ..., 1., 1., 1.])

======================================================================
FAIL: test_z_acts_on_requested_qiskit_qubits_i_plus_one_to_j_minus_one (__main__.Regression.test_z_acts_on_requested_qiskit_qubits_i_plus_one_to_j_minus_one)
----------------------------------------------------------------------
Traceback (most recent call last):
  File "C:\APR2\APR_code_gen\Part2_Create_test\reconstructed_cases\issue_950\test.py", line 33, in test_z_acts_on_requested_qiskit_qubits_i_plus_one_to_j_minus_one
    np.testing.assert_allclose(diagonal, expected, atol=1e-12,
  File "C:\qiskit_envs\q0451\Lib\site-packages\numpy\testing\_private\utils.py", line 1504, in assert_allclose
    assert_array_compare(compare, actual, desired, err_msg=str(err_msg),
  File "C:\Users\User\AppData\Local\Programs\Python\Python311\Lib\contextlib.py", line 81, in inner
    return func(*args, **kwds)
           ^^^^^^^^^^^^^^^^^^^
  File "C:\qiskit_envs\q0451\Lib\site-packages\numpy\testing\_private\utils.py", line 797, in assert_array_compare
    raise AssertionError(msg)
AssertionError: 
Not equal to tolerance rtol=1e-07, atol=1e-12
Requested Z on qubits 3..7, not on qubits 2..6
Mismatched elements: 1024 / 1024 (100%)
Max absolute difference: 1.
Max relative difference: 1.
 x: array([2.+0.j, 2.+0.j, 2.+0.j, ..., 0.+0.j, 0.+0.j, 0.+0.j])
 y: array([ 1,  1,  1, ..., -1, -1, -1])

----------------------------------------------------------------------
Ran 2 tests in 3.538s

FAILED (failures=2)
