
test_actual_shor_factors_and_simulator_capacity (__main__.Regression) ... C:\qiskit_envs\q0251\lib\site-packages\mpmath\ctx_mp.py:35: DeprecationWarning: mpnumeric is deprecated
  warnings.warn(f"{name} is deprecated", DeprecationWarning)
C:\qiskit_envs\q0251\lib\site-packages\mpmath\rational.py:4: DeprecationWarning: the rational private module is deprecated
  warnings.warn("the rational private module is deprecated",
C:\qiskit_envs\q0251\lib\site-packages\qiskit\aqua\quantum_instance.py:135: DeprecationWarning: The class qiskit.aqua.QuantumInstance is deprecated. It was moved/refactored to qiskit.utils.QuantumInstance (pip install qiskit-terra). For more information see <https://github.com/Qiskit/qiskit-aqua/blob/master/README.md#migration-guide>
  warn_class('aqua.QuantumInstance',
C:\qiskit_envs\q0251\lib\site-packages\qiskit\providers\ibmq\api\clients\websocket.py:27: DeprecationWarning: websockets.client.WebSocketClientProtocol is deprecated
  from websockets.client import WebSocketClientProtocol
C:\qiskit_envs\q0251\lib\site-packages\websockets\legacy\__init__.py:6: DeprecationWarning: websockets.legacy is deprecated; see https://websockets.readthedocs.io/en/stable/howto/upgrade.html for upgrade instructions
  warnings.warn(  # deprecated in 14.0 - 2024-11-09
C:\qiskit_envs\q0251\lib\site-packages\qiskit\aqua\algorithms\factorizers\shor.py:69: DeprecationWarning: The package qiskit.aqua.algorithms.factorizers is deprecated. It was moved/refactored to qiskit.algorithms.factorizers (pip install qiskit-terra). For more information see <https://github.com/Qiskit/qiskit-aqua/blob/master/README.md#migration-guide>
  warn_package('aqua.algorithms.factorizers',
ERROR

======================================================================
ERROR: test_actual_shor_factors_and_simulator_capacity (__main__.Regression)
----------------------------------------------------------------------
Traceback (most recent call last):
  File "C:\APR2\APR_code_gen\Part2_Create_test\reconstructed_cases\issue_925\test.py", line 21, in test_actual_shor_factors_and_simulator_capacity
    m = target()
  File "C:\APR2\APR_code_gen\Part2_Create_test\reconstructed_cases\issue_925\test.py", line 15, in target
    namespace = runpy.run_path(os.environ.get("MUT", str(Path(__file__).with_name("fixed.py"))))
  File "C:\Users\User\AppData\Local\Programs\Python\Python39\lib\runpy.py", line 288, in run_path
    return _run_module_code(code, init_globals, run_name,
  File "C:\Users\User\AppData\Local\Programs\Python\Python39\lib\runpy.py", line 97, in _run_module_code
    _run_code(code, mod_globals, init_globals,
  File "C:\Users\User\AppData\Local\Programs\Python\Python39\lib\runpy.py", line 87, in _run_code
    exec(code, run_globals)
  File "C:\APR2\APR_code_gen\Part2_Create_test\reconstructed_cases\issue_925\buggy.py", line 13, in <module>
    res = shor.run(quantum_instance)
  File "C:\qiskit_envs\q0251\lib\site-packages\qiskit\aqua\algorithms\quantum_algorithm.py", line 71, in run
    return self._run()
  File "C:\qiskit_envs\q0251\lib\site-packages\qiskit\aqua\algorithms\factorizers\shor.py", line 403, in _run
    counts = self._quantum_instance.execute(circuit).get_counts(circuit)
  File "C:\qiskit_envs\q0251\lib\site-packages\qiskit\aqua\quantum_instance.py", line 305, in execute
    circuits = self.transpile(circuits)
  File "C:\qiskit_envs\q0251\lib\site-packages\qiskit\aqua\quantum_instance.py", line 261, in transpile
    transpiled_circuits = compiler.transpile(circuits,
  File "C:\qiskit_envs\q0251\lib\site-packages\qiskit\compiler\transpiler.py", line 242, in transpile
    _check_circuits_coupling_map(circuits, transpile_args, backend)
  File "C:\qiskit_envs\q0251\lib\site-packages\qiskit\compiler\transpiler.py", line 279, in _check_circuits_coupling_map
    raise TranspilerError('Number of qubits ({}) '.format(num_qubits) +
qiskit.transpiler.exceptions.TranspilerError: 'Number of qubits (18) in Shor(N=15, a=2) is greater than maximum (14) in the coupling_map'

----------------------------------------------------------------------
Ran 1 test in 9.318s

FAILED (errors=1)
