
test_flattened_order_and_complete_circuit_operator (__main__.TestRegisterQargs.test_flattened_order_and_complete_circuit_operator) ... ERROR

======================================================================
ERROR: test_flattened_order_and_complete_circuit_operator (__main__.TestRegisterQargs.test_flattened_order_and_complete_circuit_operator)
----------------------------------------------------------------------
Traceback (most recent call last):
  File "C:\APR2\APR_code_gen\Part2_Create_test\reconstructed_cases\issue_443\test.py", line 14, in test_flattened_order_and_complete_circuit_operator
    m=load_target()
      ^^^^^^^^^^^^^
  File "C:\APR2\APR_code_gen\Part2_Create_test\reconstructed_cases\issue_443\test.py", line 9, in load_target
    return runpy.run_path(os.environ.get("MUT", str(Path(__file__).with_name("fixed.py"))), run_name="__main__")
           ^^^^^^^^^^^^^^^^^^^^^^^^^^^^^^^^^^^^^^^^^^^^^^^^^^^^^^^^^^^^^^^^^^^^^^^^^^^^^^^^^^^^^^^^^^^^^^^^^^^^^
  File "<frozen runpy>", line 291, in run_path
  File "<frozen runpy>", line 98, in _run_module_code
  File "<frozen runpy>", line 88, in _run_code
  File "C:\APR2\APR_code_gen\Part2_Create_test\reconstructed_cases\issue_443\buggy.py", line 22, in <module>
    circ.append(oracle, [train_register, control])
  File "C:\qiskit_envs\q101\Lib\site-packages\qiskit\circuit\quantumcircuit.py", line 1280, in append
    for qarg, carg in broadcast_iter:
  File "C:\qiskit_envs\q101\Lib\site-packages\qiskit\circuit\instruction.py", line 551, in broadcast_arguments
    raise CircuitError(
qiskit.circuit.exceptions.CircuitError: 'The amount of qubit arguments 2 does not match the instruction expectation (4).'

----------------------------------------------------------------------
Ran 1 test in 0.937s

FAILED (errors=1)
