result.values [{'00': 64}, {'11': 64}, {'00': 64}]
counts [[64]
 [64]
 [64]]

test_batch_order_and_two_qubit_outcomes (__main__.Regression.test_batch_order_and_two_qubit_outcomes) ... C:\qiskit_envs\q0460\Lib\site-packages\qiskit\utils\algorithm_globals.py:20: DeprecationWarning: Accessing 'parallel' from 'qiskit.tools' is deprecated since Qiskit 0.46.0 and will be removed in Qiskit 1.0.0. Import from 'qiskit.utils.parallel' instead 
  from qiskit.tools import parallel
C:\qiskit_envs\q0460\Lib\site-packages\qiskit\utils\parallel.py:60: DeprecationWarning: qiskit.tools.events is deprecated and will be removed in Qiskit 1.0.0
  from qiskit.tools.events.pubsub import Publisher
C:\qiskit_envs\q0460\Lib\site-packages\qiskit\utils\algorithm_globals.py:20: DeprecationWarning: 'qiskit.tools.parallel' is deprecated and is now located at 'qiskit.utils.parallel'. This path will no longer work in Qiskit 1.0.0
  from qiskit.tools import parallel
C:\qiskit_envs\q0460\Lib\site-packages\qiskit\utils\algorithm_globals.py:178: DeprecationWarning: The class ``qiskit.utils.algorithm_globals.QiskitAlgorithmGlobals`` is deprecated as of qiskit 0.45.0. It will be removed in the Qiskit 1.0 release. This algorithm utility has been migrated to an independent package: https://github.com/qiskit-community/qiskit-algorithms. You can run ``pip install qiskit_algorithms`` and import ``from qiskit_algorithms.utils`` instead. 
  algorithm_globals = QiskitAlgorithmGlobals()
C:\qiskit_envs\q0460\Lib\site-packages\qiskit\utils\algorithm_globals.py:50: DeprecationWarning: The property ``qiskit.utils.algorithm_globals.QiskitAlgorithmGlobals.num_processes`` is deprecated as of qiskit 0.45.0. It will be removed in the Qiskit 1.0 release. This algorithm utility belongs to a legacy workflow and has no replacement.
  self.num_processes = settings.get("num_processes", QiskitAlgorithmGlobals.CPU_COUNT)
C:\qiskit_envs\q0460\Lib\site-packages\qiskit\utils\algorithm_globals.py:125: DeprecationWarning: The property ``qiskit.utils.algorithm_globals.QiskitAlgorithmGlobals.num_processes`` is deprecated as of qiskit 0.45.0. It will be removed in the Qiskit 1.0 release. This algorithm utility belongs to a legacy workflow and has no replacement.
  parallel.CPU_COUNT = self.num_processes
C:\qiskit_envs\q0460\Lib\site-packages\qiskit\converters\ast_to_dag.py:23: DeprecationWarning: The `qiskit.qasm` has been deprecated and superseded by the `qiskit.qasm2` module. `qiskit.qasm` will be removed in the Qiskit 1.0.0 release.
  from qiskit.qasm.node.real import Real
C:\APR2\llm_repair\llm_fixes\issue_803\llm_fix.py:28: DeprecationWarning: The 'qiskit.Aer' entry point is deprecated and will be removed in Qiskit 1.0. You should use 'qiskit_aer.Aer' directly instead.
  backend = Aer.get_backend('qasm_simulator')
C:\qiskit_envs\q0460\Lib\site-packages\qiskit_aer\backends\qasm_simulator.py:435: PendingDeprecationWarning: The `QasmSimulator` backend will be deprecated in the future. It has been superseded by the `AerSimulator` backend.
  warn(
C:\APR2\llm_repair\llm_fixes\issue_803\llm_fix.py:18: DeprecationWarning: The method ``qiskit.circuit.quantumcircuit.QuantumCircuit.bind_parameters()`` is deprecated as of qiskit 0.45.0. It will be removed in the Qiskit 1.0.0 release. Use assign_parameters() instead
  circuits = [self._circuit.bind_parameters({self.theta: theta}) for theta in thetas]
C:\APR2\llm_repair\llm_fixes\issue_803\llm_fix.py:19: DeprecationWarning: The function ``qiskit.execute_function.execute()`` is deprecated as of qiskit 0.46.0. It will be removed in the Qiskit 1.0 release. This function combines ``transpile`` and ``backend.run``, which is covered by ``Sampler`` :mod:`~qiskit.primitives`. Alternatively, you can also run :func:`.transpile` followed by ``backend.run()``.
  job = execute(circuits, self.backend, shots=self.shots)
C:\APR2\llm_repair\llm_fixes\issue_803\llm_fix.py:18: DeprecationWarning: The method ``qiskit.circuit.quantumcircuit.QuantumCircuit.bind_parameters()`` is deprecated as of qiskit 0.45.0. It will be removed in the Qiskit 1.0.0 release. Use assign_parameters() instead
  circuits = [self._circuit.bind_parameters({self.theta: theta}) for theta in thetas]
C:\APR2\llm_repair\llm_fixes\issue_803\llm_fix.py:19: DeprecationWarning: The function ``qiskit.execute_function.execute()`` is deprecated as of qiskit 0.46.0. It will be removed in the Qiskit 1.0 release. This function combines ``transpile`` and ``backend.run``, which is covered by ``Sampler`` :mod:`~qiskit.primitives`. Alternatively, you can also run :func:`.transpile` followed by ``backend.run()``.
  job = execute(circuits, self.backend, shots=self.shots)
ERROR
test_multiple_circuits_return_separate_histograms (__main__.Regression.test_multiple_circuits_return_separate_histograms) ... C:\APR2\llm_repair\llm_fixes\issue_803\llm_fix.py:18: DeprecationWarning: The method ``qiskit.circuit.quantumcircuit.QuantumCircuit.bind_parameters()`` is deprecated as of qiskit 0.45.0. It will be removed in the Qiskit 1.0.0 release. Use assign_parameters() instead
  circuits = [self._circuit.bind_parameters({self.theta: theta}) for theta in thetas]
C:\APR2\llm_repair\llm_fixes\issue_803\llm_fix.py:19: DeprecationWarning: The function ``qiskit.execute_function.execute()`` is deprecated as of qiskit 0.46.0. It will be removed in the Qiskit 1.0 release. This function combines ``transpile`` and ``backend.run``, which is covered by ``Sampler`` :mod:`~qiskit.primitives`. Alternatively, you can also run :func:`.transpile` followed by ``backend.run()``.
  job = execute(circuits, self.backend, shots=self.shots)
ERROR

======================================================================
ERROR: test_batch_order_and_two_qubit_outcomes (__main__.Regression.test_batch_order_and_two_qubit_outcomes)
----------------------------------------------------------------------
Traceback (most recent call last):
  File "C:\APR2\APR_code_gen\Part2_Create_test\reconstructed_cases\issue_803\test.py", line 36, in test_batch_order_and_two_qubit_outcomes
    self.assertEqual(counts, [{"00":64}, {"11":64}, {"00":64}])
  File "C:\Users\User\AppData\Local\Programs\Python\Python311\Lib\unittest\case.py", line 873, in assertEqual
    assertion_func(first, second, msg=msg)
  File "C:\Users\User\AppData\Local\Programs\Python\Python311\Lib\unittest\case.py", line 863, in _baseAssertEqual
    if not first == second:
           ^^^^^^^^^^^^^^^
ValueError: The truth value of an array with more than one element is ambiguous. Use a.any() or a.all()

======================================================================
ERROR: test_multiple_circuits_return_separate_histograms (__main__.Regression.test_multiple_circuits_return_separate_histograms)
----------------------------------------------------------------------
Traceback (most recent call last):
  File "C:\APR2\APR_code_gen\Part2_Create_test\reconstructed_cases\issue_803\test.py", line 22, in test_multiple_circuits_return_separate_histograms
    counts = m["qc"].run([0, np.pi/2, -np.pi/2])
             ^^^^^^^^^^^^^^^^^^^^^^^^^^^^^^^^^^^
  File "C:\APR2\llm_repair\llm_fixes\issue_803\llm_fix.py", line 22, in run
    counts = np.array([list(count_dict.values()) for count_dict in result])
             ^^^^^^^^^^^^^^^^^^^^^^^^^^^^^^^^^^^^^^^^^^^^^^^^^^^^^^^^^^^^^^
ValueError: setting an array element with a sequence. The requested array has an inhomogeneous shape after 1 dimensions. The detected shape was (3,) + inhomogeneous part.

----------------------------------------------------------------------
Ran 2 tests in 9.230s

FAILED (errors=2)
