
test_ghz_outcomes_any_register_layout (__main__.T.test_ghz_outcomes_any_register_layout) ... C:\qiskit_envs\q0460\Lib\site-packages\qiskit\utils\algorithm_globals.py:20: DeprecationWarning: Accessing 'parallel' from 'qiskit.tools' is deprecated since Qiskit 0.46.0 and will be removed in Qiskit 1.0.0. Import from 'qiskit.utils.parallel' instead 
  from qiskit.tools import parallel
C:\qiskit_envs\q0460\Lib\site-packages\qiskit\utils\parallel.py:60: DeprecationWarning: qiskit.tools.events is deprecated and will be removed in Qiskit 1.0.0
  from qiskit.tools.events.pubsub import Publisher
C:\qiskit_envs\q0460\Lib\site-packages\qiskit\utils\algorithm_globals.py:20: DeprecationWarning: 'qiskit.tools.parallel' is deprecated and is now located at 'qiskit.utils.parallel'. This path will no longer work in Qiskit 1.0.0
  from qiskit.tools import parallel
C:\qiskit_envs\q0460\Lib\site-packages\qiskit\utils\algorithm_globals.py:178: DeprecationWarning: The class ``qiskit.utils.algorithm_globals.QiskitAlgorithmGlobals`` is deprecated as of qiskit 0.45.0. It will be removed in the Qiskit 1.0 release. This algorithm utility has been migrated to an independent package: https://github.com/qiskit-community/qiskit-algorithms. You can run ``pip install qiskit_algorithms`` and import ``from qiskit_algorithms.utils`` instead. 
  algorithm_globals = QiskitAlgorithmGlobals()
C:\qiskit_envs\q0460\Lib\site-packages\qiskit\utils\algorithm_globals.py:50: DeprecationWarning: The property ``qiskit.utils.algorithm_globals.QiskitAlgorithmGlobals.num_processes`` is deprecated as of qiskit 0.45.0. It will be removed in the Qiskit 1.0 release. This algorithm utility belongs to a legacy workflow and has no replacement.
  self.num_processes = settings.get("num_processes", QiskitAlgorithmGlobals.CPU_COUNT)
C:\qiskit_envs\q0460\Lib\site-packages\qiskit\utils\algorithm_globals.py:125: DeprecationWarning: The property ``qiskit.utils.algorithm_globals.QiskitAlgorithmGlobals.num_processes`` is deprecated as of qiskit 0.45.0. It will be removed in the Qiskit 1.0 release. This algorithm utility belongs to a legacy workflow and has no replacement.
  parallel.CPU_COUNT = self.num_processes
C:\qiskit_envs\q0460\Lib\site-packages\qiskit\converters\ast_to_dag.py:23: DeprecationWarning: The `qiskit.qasm` has been deprecated and superseded by the `qiskit.qasm2` module. `qiskit.qasm` will be removed in the Qiskit 1.0.0 release.
  from qiskit.qasm.node.real import Real
C:\APR2\APR_code_gen\Part2_Create_test\reconstructed_cases\issue_747\buggy.py:11: DeprecationWarning: The 'qiskit.Aer' entry point is deprecated and will be removed in Qiskit 1.0. You should use 'qiskit_aer.Aer' directly instead.
  backend = Aer.get_backend("qasm_simulator")
C:\qiskit_envs\q0460\Lib\site-packages\qiskit_aer\backends\qasm_simulator.py:435: PendingDeprecationWarning: The `QasmSimulator` backend will be deprecated in the future. It has been superseded by the `AerSimulator` backend.
  warn(
C:\APR2\APR_code_gen\Part2_Create_test\reconstructed_cases\issue_747\buggy.py:12: DeprecationWarning: The function ``qiskit.execute_function.execute()`` is deprecated as of qiskit 0.46.0. It will be removed in the Qiskit 1.0 release. This function combines ``transpile`` and ``backend.run``, which is covered by ``Sampler`` :mod:`~qiskit.primitives`. Alternatively, you can also run :func:`.transpile` followed by ``backend.run()``.
  job = execute(circ, backend, shots=100000)
ERROR

======================================================================
ERROR: test_ghz_outcomes_any_register_layout (__main__.T.test_ghz_outcomes_any_register_layout)
----------------------------------------------------------------------
Traceback (most recent call last):
  File "C:\APR2\llm_repair\updated_tests\issue_747_test.py", line 8, in test_ghz_outcomes_any_register_layout
    ns = runpy.run_path(os.environ["MUT"])
         ^^^^^^^^^^^^^^^^^^^^^^^^^^^^^^^^^
  File "<frozen runpy>", line 291, in run_path
  File "<frozen runpy>", line 98, in _run_module_code
  File "<frozen runpy>", line 88, in _run_code
  File "C:\APR2\APR_code_gen\Part2_Create_test\reconstructed_cases\issue_747\buggy.py", line 14, in <module>
    counts = result.get_counts(circ)
             ^^^^^^^^^^^^^^^^^^^^^^^
  File "C:\qiskit_envs\q0460\Lib\site-packages\qiskit\result\result.py", line 289, in get_counts
    raise QiskitError(f'No counts for experiment "{repr(key)}"')
qiskit.exceptions.QiskitError: 'No counts for experiment "<qiskit.circuit.quantumcircuit.QuantumCircuit object at 0x000002A9CA6720D0>"'

----------------------------------------------------------------------
Ran 1 test in 3.922s

FAILED (errors=1)
