
test_no_go_determinant_and_explicit_missing_phase (__main__.Regression.test_no_go_determinant_and_explicit_missing_phase) ... C:\qiskit_envs\q0452\Lib\site-packages\qiskit\utils\algorithm_globals.py:170: DeprecationWarning: The class ``qiskit.utils.algorithm_globals.QiskitAlgorithmGlobals`` is deprecated as of qiskit 0.45.0. It will be removed no earlier than 3 months after the release date. This algorithm utility has been migrated to an independent package: https://github.com/qiskit-community/qiskit-algorithms. You can run ``pip install qiskit_algorithms`` and import ``from qiskit_algorithms.utils`` instead. 
  algorithm_globals = QiskitAlgorithmGlobals()
C:\qiskit_envs\q0452\Lib\site-packages\qiskit\utils\algorithm_globals.py:49: DeprecationWarning: The property ``qiskit.utils.algorithm_globals.QiskitAlgorithmGlobals.num_processes`` is deprecated as of qiskit 0.45.0. It will be removed no earlier than 3 months after the release date. This algorithm utility belongs to a legacy workflow and has no replacement.
  self.num_processes = settings.get("num_processes", QiskitAlgorithmGlobals.CPU_COUNT)
C:\qiskit_envs\q0452\Lib\site-packages\qiskit\utils\algorithm_globals.py:120: DeprecationWarning: The property ``qiskit.utils.algorithm_globals.QiskitAlgorithmGlobals.num_processes`` is deprecated as of qiskit 0.45.0. It will be removed no earlier than 3 months after the release date. This algorithm utility belongs to a legacy workflow and has no replacement.
  parallel.CPU_COUNT = self.num_processes
C:\qiskit_envs\q0452\Lib\site-packages\qiskit\utils\deprecation.py:183: PendingDeprecationWarning: Building a flow controller with keyword arguments is going to be deprecated. Custom controllers must be explicitly instantiated and appended to the task list.
  return func(*args, **kwargs)
C:\qiskit_envs\q0452\Lib\site-packages\qiskit\visualization\circuit\matplotlib.py:50: PendingDeprecationWarning: The qiskit.extensions module is pending deprecation since Qiskit 0.45.0. It will be deprecated in a following release, no sooner than 3 months after the 0.45.0 release.
  from qiskit.extensions import Initialize
FAIL
test_requested_rotation_basis_and_equivalence_up_to_phase (__main__.Regression.test_requested_rotation_basis_and_equivalence_up_to_phase) ... ok

======================================================================
FAIL: test_no_go_determinant_and_explicit_missing_phase (__main__.Regression.test_no_go_determinant_and_explicit_missing_phase)
----------------------------------------------------------------------
Traceback (most recent call last):
  File "C:\APR2\APR_code_gen\Part2_Create_test\reconstructed_cases\issue_985\test.py", line 37, in test_no_go_determinant_and_explicit_missing_phase
    np.testing.assert_allclose(np.linalg.det(actual), 1, atol=1e-12)
  File "C:\qiskit_envs\q0452\Lib\site-packages\numpy\testing\_private\utils.py", line 1504, in assert_allclose
    assert_array_compare(compare, actual, desired, err_msg=str(err_msg),
  File "C:\Users\User\AppData\Local\Programs\Python\Python311\Lib\contextlib.py", line 81, in inner
    return func(*args, **kwds)
           ^^^^^^^^^^^^^^^^^^^
  File "C:\qiskit_envs\q0452\Lib\site-packages\numpy\testing\_private\utils.py", line 797, in assert_array_compare
    raise AssertionError(msg)
AssertionError: 
Not equal to tolerance rtol=1e-07, atol=1e-12

Mismatched elements: 1 / 1 (100%)
Max absolute difference: 0.49480792
Max relative difference: 0.49480792
 x: array(0.877583+0.479426j)
 y: array(1)

----------------------------------------------------------------------
Ran 2 tests in 1.858s

FAILED (failures=1)
