
test_options_and_bell_sampling (__main__.TestIntent.test_options_and_bell_sampling) ... ERROR

======================================================================
ERROR: test_options_and_bell_sampling (__main__.TestIntent.test_options_and_bell_sampling)
----------------------------------------------------------------------
Traceback (most recent call last):
  File "C:\qiskit_envs\q102\Lib\site-packages\qiskit\providers\options.py", line 134, in __getattr__
    return self._fields[name]
           ~~~~~~~~~~~~^^^^^^
KeyError: 'max_parallel_threads'

The above exception was the direct cause of the following exception:

Traceback (most recent call last):
  File "C:\APR2\APR_code_gen\Part2_Create_test\reconstructed_cases\issue_315\test.py", line 32, in test_options_and_bell_sampling
    self.assertEqual(getattr(ns["backend"].options,name),value)
                     ^^^^^^^^^^^^^^^^^^^^^^^^^^^^^^^^^^^
  File "C:\qiskit_envs\q102\Lib\site-packages\qiskit\providers\options.py", line 136, in __getattr__
    raise AttributeError(f"Option {name} is not defined") from ex
AttributeError: Option max_parallel_threads is not defined

----------------------------------------------------------------------
Ran 1 test in 0.041s

FAILED (errors=1)
