
test_no_go_determinant_and_explicit_missing_phase (__main__.Regression.test_no_go_determinant_and_explicit_missing_phase) ... FAIL
test_requested_rotation_basis_and_equivalence_up_to_phase (__main__.Regression.test_requested_rotation_basis_and_equivalence_up_to_phase) ... ok

======================================================================
FAIL: test_no_go_determinant_and_explicit_missing_phase (__main__.Regression.test_no_go_determinant_and_explicit_missing_phase)
----------------------------------------------------------------------
Traceback (most recent call last):
  File "C:\APR2\APR_code_gen\Part2_Create_test\reconstructed_cases\issue_985\test.py", line 37, in test_no_go_determinant_and_explicit_missing_phase
    np.testing.assert_allclose(np.linalg.det(actual), 1, atol=1e-12)
  File "C:\qiskit_envs\q100\Lib\site-packages\numpy\testing\_private\utils.py", line 1504, in assert_allclose
    assert_array_compare(compare, actual, desired, err_msg=str(err_msg),
  File "C:\Users\User\AppData\Local\Programs\Python\Python311\Lib\contextlib.py", line 81, in inner
    return func(*args, **kwds)
           ^^^^^^^^^^^^^^^^^^^
  File "C:\qiskit_envs\q100\Lib\site-packages\numpy\testing\_private\utils.py", line 797, in assert_array_compare
    raise AssertionError(msg)
AssertionError: 
Not equal to tolerance rtol=1e-07, atol=1e-12

Mismatched elements: 1 / 1 (100%)
Max absolute difference: 0.49480792
Max relative difference: 0.49480792
 x: array(0.877583+0.479426j)
 y: array(1)

----------------------------------------------------------------------
Ran 2 tests in 0.606s

FAILED (failures=1)
