
test_backend_capacity_and_bell_counts (__main__.TestIntent) ... ERROR

======================================================================
ERROR: test_backend_capacity_and_bell_counts (__main__.TestIntent)
----------------------------------------------------------------------
Traceback (most recent call last):
  File "C:\APR2\llm_repair\updated_tests\issue_622_test.py", line 22, in test_backend_capacity_and_bell_counts
    ns = load_target()
  File "C:\APR2\llm_repair\updated_tests\issue_622_test.py", line 15, in load_target
    return runpy.run_path(MUT)
  File "C:\Users\User\AppData\Local\Programs\Python\Python39\lib\runpy.py", line 288, in run_path
    return _run_module_code(code, init_globals, run_name,
  File "C:\Users\User\AppData\Local\Programs\Python\Python39\lib\runpy.py", line 97, in _run_module_code
    _run_code(code, mod_globals, init_globals,
  File "C:\Users\User\AppData\Local\Programs\Python\Python39\lib\runpy.py", line 87, in _run_code
    exec(code, run_globals)
  File "C:\APR2\llm_repair\llm_fixes\issue_622\llm_luna6_fix.py", line 7, in <module>
    q = qiskit.QuantumRegister(2)
NameError: name 'qiskit' is not defined

----------------------------------------------------------------------
Ran 1 test in 9.219s

FAILED (errors=1)
