
test_operator_conversion_and_qaoa_execution (__main__.TestIntent) ... C:\qiskit_envs\q0251\lib\site-packages\mpmath\ctx_mp.py:35: DeprecationWarning: mpnumeric is deprecated
  warnings.warn(f"{name} is deprecated", DeprecationWarning)
C:\qiskit_envs\q0251\lib\site-packages\mpmath\rational.py:4: DeprecationWarning: the rational private module is deprecated
  warnings.warn("the rational private module is deprecated",
C:\qiskit_envs\q0251\lib\site-packages\qiskit\providers\ibmq\api\clients\websocket.py:27: DeprecationWarning: websockets.client.WebSocketClientProtocol is deprecated
  from websockets.client import WebSocketClientProtocol
C:\qiskit_envs\q0251\lib\site-packages\websockets\legacy\__init__.py:6: DeprecationWarning: websockets.legacy is deprecated; see https://websockets.readthedocs.io/en/stable/howto/upgrade.html for upgrade instructions
  warnings.warn(  # deprecated in 14.0 - 2024-11-09
ERROR

======================================================================
ERROR: test_operator_conversion_and_qaoa_execution (__main__.TestIntent)
----------------------------------------------------------------------
Traceback (most recent call last):
  File "C:\APR2\APR_code_gen\Part2_Create_test\reconstructed_cases\issue_624\test.py", line 34, in test_operator_conversion_and_qaoa_execution
    ns = load_target()
  File "C:\APR2\APR_code_gen\Part2_Create_test\reconstructed_cases\issue_624\test.py", line 17, in load_target
    return runpy.run_path(MUT)
  File "C:\Users\User\AppData\Local\Programs\Python\Python39\lib\runpy.py", line 288, in run_path
    return _run_module_code(code, init_globals, run_name,
  File "C:\Users\User\AppData\Local\Programs\Python\Python39\lib\runpy.py", line 97, in _run_module_code
    _run_code(code, mod_globals, init_globals,
  File "C:\Users\User\AppData\Local\Programs\Python\Python39\lib\runpy.py", line 87, in _run_code
    exec(code, run_globals)
  File "C:\APR2\APR_code_gen\Part2_Create_test\reconstructed_cases\issue_624\buggy.py", line 16, in <module>
    print(qaoa.compute_minimum_eigenvalue(H))
  File "C:\APR2\APR_code_gen\Part2_Create_test\reconstructed_cases\issue_624\test.py", line 30, in observe
    result = original(instance, operator, *args, **kwargs)
  File "C:\qiskit_envs\q0251\lib\site-packages\qiskit\algorithms\minimum_eigen_solvers\vqe.py", line 382, in compute_minimum_eigenvalue
    operator = self._check_operator(operator)
  File "C:\qiskit_envs\q0251\lib\site-packages\qiskit\algorithms\minimum_eigen_solvers\qaoa.py", line 129, in _check_operator
    self.ansatz = QAOAAnsatz(operator,
  File "C:\qiskit_envs\q0251\lib\site-packages\qiskit\algorithms\variational_algorithm.py", line 107, in ansatz
    self._ansatz_params = sorted(ansatz.parameters, key=lambda p: p.name)
  File "C:\qiskit_envs\q0251\lib\site-packages\qiskit\circuit\library\n_local\qaoa_ansatz.py", line 137, in parameters
    self._build()
  File "C:\qiskit_envs\q0251\lib\site-packages\qiskit\circuit\library\n_local\qaoa_ansatz.py", line 115, in _build
    circuit = self._construct_circuit(param_vector)
  File "C:\qiskit_envs\q0251\lib\site-packages\qiskit\circuit\library\n_local\qaoa_ansatz.py", line 183, in _construct_circuit
    circuit_op = (self._cost_operator * parameters[idx]).exp_i().compose(circuit_op)
TypeError: unsupported operand type(s) for *: 'QuantumCircuit' and 'ParameterVectorElement'

----------------------------------------------------------------------
Ran 1 test in 2.900s

FAILED (errors=1)
