
test_printed_indices_match_actual_circuit_operands (__main__.Regression.test_printed_indices_match_actual_circuit_operands) ... C:\qiskit_envs\q0460\Lib\site-packages\qiskit\utils\algorithm_globals.py:20: DeprecationWarning: Accessing 'parallel' from 'qiskit.tools' is deprecated since Qiskit 0.46.0 and will be removed in Qiskit 1.0.0. Import from 'qiskit.utils.parallel' instead 
  from qiskit.tools import parallel
C:\qiskit_envs\q0460\Lib\site-packages\qiskit\utils\parallel.py:60: DeprecationWarning: qiskit.tools.events is deprecated and will be removed in Qiskit 1.0.0
  from qiskit.tools.events.pubsub import Publisher
C:\qiskit_envs\q0460\Lib\site-packages\qiskit\utils\algorithm_globals.py:20: DeprecationWarning: 'qiskit.tools.parallel' is deprecated and is now located at 'qiskit.utils.parallel'. This path will no longer work in Qiskit 1.0.0
  from qiskit.tools import parallel
C:\qiskit_envs\q0460\Lib\site-packages\qiskit\utils\algorithm_globals.py:178: DeprecationWarning: The class ``qiskit.utils.algorithm_globals.QiskitAlgorithmGlobals`` is deprecated as of qiskit 0.45.0. It will be removed in the Qiskit 1.0 release. This algorithm utility has been migrated to an independent package: https://github.com/qiskit-community/qiskit-algorithms. You can run ``pip install qiskit_algorithms`` and import ``from qiskit_algorithms.utils`` instead. 
  algorithm_globals = QiskitAlgorithmGlobals()
C:\qiskit_envs\q0460\Lib\site-packages\qiskit\utils\algorithm_globals.py:50: DeprecationWarning: The property ``qiskit.utils.algorithm_globals.QiskitAlgorithmGlobals.num_processes`` is deprecated as of qiskit 0.45.0. It will be removed in the Qiskit 1.0 release. This algorithm utility belongs to a legacy workflow and has no replacement.
  self.num_processes = settings.get("num_processes", QiskitAlgorithmGlobals.CPU_COUNT)
C:\qiskit_envs\q0460\Lib\site-packages\qiskit\utils\algorithm_globals.py:125: DeprecationWarning: The property ``qiskit.utils.algorithm_globals.QiskitAlgorithmGlobals.num_processes`` is deprecated as of qiskit 0.45.0. It will be removed in the Qiskit 1.0 release. This algorithm utility belongs to a legacy workflow and has no replacement.
  parallel.CPU_COUNT = self.num_processes
C:\qiskit_envs\q0460\Lib\site-packages\qiskit\converters\ast_to_dag.py:23: DeprecationWarning: The `qiskit.qasm` has been deprecated and superseded by the `qiskit.qasm2` module. `qiskit.qasm` will be removed in the Qiskit 1.0.0 release.
  from qiskit.qasm.node.real import Real
ERROR

======================================================================
ERROR: test_printed_indices_match_actual_circuit_operands (__main__.Regression.test_printed_indices_match_actual_circuit_operands)
----------------------------------------------------------------------
Traceback (most recent call last):
  File "C:\APR2\APR_code_gen\Part2_Create_test\reconstructed_cases\issue_911\test.py", line 23, in test_printed_indices_match_actual_circuit_operands
    actual = [ast.literal_eval(line.split(":",1)[1].strip())
             ^^^^^^^^^^^^^^^^^^^^^^^^^^^^^^^^^^^^^^^^^^^^^^^
  File "C:\APR2\APR_code_gen\Part2_Create_test\reconstructed_cases\issue_911\test.py", line 23, in <listcomp>
    actual = [ast.literal_eval(line.split(":",1)[1].strip())
              ^^^^^^^^^^^^^^^^^^^^^^^^^^^^^^^^^^^^^^^^^^^^^^
  File "C:\Users\User\AppData\Local\Programs\Python\Python311\Lib\ast.py", line 110, in literal_eval
    return _convert(node_or_string)
           ^^^^^^^^^^^^^^^^^^^^^^^^
  File "C:\Users\User\AppData\Local\Programs\Python\Python311\Lib\ast.py", line 90, in _convert
    return list(map(_convert, node.elts))
           ^^^^^^^^^^^^^^^^^^^^^^^^^^^^^^
  File "C:\Users\User\AppData\Local\Programs\Python\Python311\Lib\ast.py", line 109, in _convert
    return _convert_signed_num(node)
           ^^^^^^^^^^^^^^^^^^^^^^^^^
  File "C:\Users\User\AppData\Local\Programs\Python\Python311\Lib\ast.py", line 83, in _convert_signed_num
    return _convert_num(node)
           ^^^^^^^^^^^^^^^^^^
  File "C:\Users\User\AppData\Local\Programs\Python\Python311\Lib\ast.py", line 74, in _convert_num
    _raise_malformed_node(node)
  File "C:\Users\User\AppData\Local\Programs\Python\Python311\Lib\ast.py", line 71, in _raise_malformed_node
    raise ValueError(msg + f': {node!r}')
ValueError: malformed node or string on line 1: <ast.Call object at 0x000002520C2D23B0>

----------------------------------------------------------------------
Ran 1 test in 2.527s

FAILED (errors=1)
