
test_operator_dimension_and_diagonality (__main__.Regression.test_operator_dimension_and_diagonality) ... C:\qiskit_envs\q0451\Lib\site-packages\qiskit\utils\algorithm_globals.py:170: DeprecationWarning: The class ``qiskit.utils.algorithm_globals.QiskitAlgorithmGlobals`` is deprecated as of qiskit 0.45.0. It will be removed no earlier than 3 months after the release date. This algorithm utility has been migrated to an independent package: https://github.com/qiskit-community/qiskit-algorithms. You can run ``pip install qiskit_algorithms`` and import ``from qiskit_algorithms.utils`` instead. 
  algorithm_globals = QiskitAlgorithmGlobals()
C:\qiskit_envs\q0451\Lib\site-packages\qiskit\utils\algorithm_globals.py:49: DeprecationWarning: The property ``qiskit.utils.algorithm_globals.QiskitAlgorithmGlobals.num_processes`` is deprecated as of qiskit 0.45.0. It will be removed no earlier than 3 months after the release date. This algorithm utility belongs to a legacy workflow and has no replacement.
  self.num_processes = settings.get("num_processes", QiskitAlgorithmGlobals.CPU_COUNT)
C:\qiskit_envs\q0451\Lib\site-packages\qiskit\utils\algorithm_globals.py:120: DeprecationWarning: The property ``qiskit.utils.algorithm_globals.QiskitAlgorithmGlobals.num_processes`` is deprecated as of qiskit 0.45.0. It will be removed no earlier than 3 months after the release date. This algorithm utility belongs to a legacy workflow and has no replacement.
  parallel.CPU_COUNT = self.num_processes
ERROR
test_z_acts_on_requested_qiskit_qubits_i_plus_one_to_j_minus_one (__main__.Regression.test_z_acts_on_requested_qiskit_qubits_i_plus_one_to_j_minus_one) ... ERROR

======================================================================
ERROR: test_operator_dimension_and_diagonality (__main__.Regression.test_operator_dimension_and_diagonality)
----------------------------------------------------------------------
Traceback (most recent call last):
  File "C:\APR2\APR_code_gen\Part2_Create_test\reconstructed_cases\issue_950\test.py", line 21, in test_operator_dimension_and_diagonality
    m=target()
      ^^^^^^^^
  File "C:\APR2\APR_code_gen\Part2_Create_test\reconstructed_cases\issue_950\test.py", line 15, in target
    namespace = runpy.run_path(os.environ.get("MUT", str(Path(__file__).with_name("fixed.py"))))
                ^^^^^^^^^^^^^^^^^^^^^^^^^^^^^^^^^^^^^^^^^^^^^^^^^^^^^^^^^^^^^^^^^^^^^^^^^^^^^^^^
  File "<frozen runpy>", line 291, in run_path
  File "<frozen runpy>", line 98, in _run_module_code
  File "<frozen runpy>", line 88, in _run_code
  File "C:\APR2\APR_code_gen\Part2_Create_test\reconstructed_cases\issue_950\buggy.py", line 6, in <module>
    op = op._add(opZ, qargs=list(range(i + 1, j)))
         ^^^^^^^^^^^^^^^^^^^^^^^^^^^^^^^^^^^^^^^^^
  File "C:\qiskit_envs\q0451\Lib\site-packages\qiskit\quantum_info\operators\operator.py", line 575, in _add
    other = ScalarOp._pad_with_identity(self, other, qargs)
            ^^^^^^^^^^^^^^^^^^^^^^^^^^^^^^^^^^^^^^^^^^^^^^^
  File "C:\qiskit_envs\q0451\Lib\site-packages\qiskit\quantum_info\operators\scalar_op.py", line 249, in _pad_with_identity
    return ScalarOp(current.input_dims()).compose(other, qargs=qargs)
           ^^^^^^^^^^^^^^^^^^^^^^^^^^^^^^^^^^^^^^^^^^^^^^^^^^^^^^^^^^
  File "C:\qiskit_envs\q0451\Lib\site-packages\qiskit\quantum_info\operators\scalar_op.py", line 131, in compose
    return other.__class__(self).compose(other, qargs=qargs, front=front)
           ^^^^^^^^^^^^^^^^^^^^^^^^^^^^^^^^^^^^^^^^^^^^^^^^^^^^^^^^^^^^^^
  File "C:\qiskit_envs\q0451\Lib\site-packages\qiskit\quantum_info\operators\operator.py", line 505, in compose
    Operator._einsum_matmul(tensor, mat, indices, shift, right_mul), final_shape
    ^^^^^^^^^^^^^^^^^^^^^^^^^^^^^^^^^^^^^^^^^^^^^^^^^^^^^^^^^^^^^^^
  File "C:\qiskit_envs\q0451\Lib\site-packages\qiskit\quantum_info\operators\operator.py", line 682, in _einsum_matmul
    return np.einsum(tensor, indices_tensor, mat, indices_mat)
           ^^^^^^^^^^^^^^^^^^^^^^^^^^^^^^^^^^^^^^^^^^^^^^^^^^^
  File "C:\qiskit_envs\q0451\Lib\site-packages\numpy\core\einsumfunc.py", line 1371, in einsum
    return c_einsum(*operands, **kwargs)
           ^^^^^^^^^^^^^^^^^^^^^^^^^^^^^
ValueError: subscript is not within the valid range [0, 52)

======================================================================
ERROR: test_z_acts_on_requested_qiskit_qubits_i_plus_one_to_j_minus_one (__main__.Regression.test_z_acts_on_requested_qiskit_qubits_i_plus_one_to_j_minus_one)
----------------------------------------------------------------------
Traceback (most recent call last):
  File "C:\APR2\APR_code_gen\Part2_Create_test\reconstructed_cases\issue_950\test.py", line 28, in test_z_acts_on_requested_qiskit_qubits_i_plus_one_to_j_minus_one
    m=target()
      ^^^^^^^^
  File "C:\APR2\APR_code_gen\Part2_Create_test\reconstructed_cases\issue_950\test.py", line 15, in target
    namespace = runpy.run_path(os.environ.get("MUT", str(Path(__file__).with_name("fixed.py"))))
                ^^^^^^^^^^^^^^^^^^^^^^^^^^^^^^^^^^^^^^^^^^^^^^^^^^^^^^^^^^^^^^^^^^^^^^^^^^^^^^^^
  File "<frozen runpy>", line 291, in run_path
  File "<frozen runpy>", line 98, in _run_module_code
  File "<frozen runpy>", line 88, in _run_code
  File "C:\APR2\APR_code_gen\Part2_Create_test\reconstructed_cases\issue_950\buggy.py", line 6, in <module>
    op = op._add(opZ, qargs=list(range(i + 1, j)))
         ^^^^^^^^^^^^^^^^^^^^^^^^^^^^^^^^^^^^^^^^^
  File "C:\qiskit_envs\q0451\Lib\site-packages\qiskit\quantum_info\operators\operator.py", line 575, in _add
    other = ScalarOp._pad_with_identity(self, other, qargs)
            ^^^^^^^^^^^^^^^^^^^^^^^^^^^^^^^^^^^^^^^^^^^^^^^
  File "C:\qiskit_envs\q0451\Lib\site-packages\qiskit\quantum_info\operators\scalar_op.py", line 249, in _pad_with_identity
    return ScalarOp(current.input_dims()).compose(other, qargs=qargs)
           ^^^^^^^^^^^^^^^^^^^^^^^^^^^^^^^^^^^^^^^^^^^^^^^^^^^^^^^^^^
  File "C:\qiskit_envs\q0451\Lib\site-packages\qiskit\quantum_info\operators\scalar_op.py", line 131, in compose
    return other.__class__(self).compose(other, qargs=qargs, front=front)
           ^^^^^^^^^^^^^^^^^^^^^^^^^^^^^^^^^^^^^^^^^^^^^^^^^^^^^^^^^^^^^^
  File "C:\qiskit_envs\q0451\Lib\site-packages\qiskit\quantum_info\operators\operator.py", line 505, in compose
    Operator._einsum_matmul(tensor, mat, indices, shift, right_mul), final_shape
    ^^^^^^^^^^^^^^^^^^^^^^^^^^^^^^^^^^^^^^^^^^^^^^^^^^^^^^^^^^^^^^^
  File "C:\qiskit_envs\q0451\Lib\site-packages\qiskit\quantum_info\operators\operator.py", line 682, in _einsum_matmul
    return np.einsum(tensor, indices_tensor, mat, indices_mat)
           ^^^^^^^^^^^^^^^^^^^^^^^^^^^^^^^^^^^^^^^^^^^^^^^^^^^
  File "C:\qiskit_envs\q0451\Lib\site-packages\numpy\core\einsumfunc.py", line 1371, in einsum
    return c_einsum(*operands, **kwargs)
           ^^^^^^^^^^^^^^^^^^^^^^^^^^^^^
ValueError: subscript is not within the valid range [0, 52)

----------------------------------------------------------------------
Ran 2 tests in 4.222s

FAILED (errors=2)
