
test_unitary_gate_and_controlled_matrix (__main__.TestIntent) ... ERROR

======================================================================
ERROR: test_unitary_gate_and_controlled_matrix (__main__.TestIntent)
----------------------------------------------------------------------
Traceback (most recent call last):
  File "C:\APR2\APR_code_gen\Part2_Create_test\reconstructed_cases\issue_795\test.py", line 23, in test_unitary_gate_and_controlled_matrix
    ns = load_target()
  File "C:\APR2\APR_code_gen\Part2_Create_test\reconstructed_cases\issue_795\test.py", line 16, in load_target
    return runpy.run_path(MUT)
  File "C:\Users\User\AppData\Local\Programs\Python\Python39\lib\runpy.py", line 288, in run_path
    return _run_module_code(code, init_globals, run_name,
  File "C:\Users\User\AppData\Local\Programs\Python\Python39\lib\runpy.py", line 97, in _run_module_code
    _run_code(code, mod_globals, init_globals,
  File "C:\Users\User\AppData\Local\Programs\Python\Python39\lib\runpy.py", line 87, in _run_code
    exec(code, run_globals)
  File "C:\APR2\APR_code_gen\Part2_Create_test\reconstructed_cases\issue_795\buggy.py", line 9, in <module>
    circuit.to_gate()
  File "C:\qiskit_envs\q0252\lib\site-packages\qiskit\circuit\quantumcircuit.py", line 1198, in to_gate
    return circuit_to_gate(self, parameter_map, label=label)
  File "C:\qiskit_envs\q0252\lib\site-packages\qiskit\converters\circuit_to_gate.py", line 54, in circuit_to_gate
    raise QiskitError(('One or more instructions cannot be converted to'
qiskit.exceptions.QiskitError: 'One or more instructions cannot be converted to a gate. "circuit-8" is not a gate instruction'

----------------------------------------------------------------------
Ran 1 test in 1.825s

FAILED (errors=1)
