
test_projector_any_operator_type (__main__.T) ... ERROR

======================================================================
ERROR: test_projector_any_operator_type (__main__.T)
----------------------------------------------------------------------
Traceback (most recent call last):
  File "C:\APR2\llm_repair\updated_tests\issue_944_test.py", line 15, in test_projector_any_operator_type
    ns = runpy.run_path(os.environ["MUT"])
  File "C:\Users\User\AppData\Local\Programs\Python\Python39\lib\runpy.py", line 288, in run_path
    return _run_module_code(code, init_globals, run_name,
  File "C:\Users\User\AppData\Local\Programs\Python\Python39\lib\runpy.py", line 97, in _run_module_code
    _run_code(code, mod_globals, init_globals,
  File "C:\Users\User\AppData\Local\Programs\Python\Python39\lib\runpy.py", line 87, in _run_code
    exec(code, run_globals)
  File "C:\APR2\APR_code_gen\Part2_Create_test\reconstructed_cases\issue_944\buggy.py", line 7, in <module>
    proj = Plus @ ~Plus  # ValueError: Composition with a Statefunctions in the first operand is not defined.
  File "C:\qiskit_envs\q0252\lib\site-packages\qiskit\opflow\operator_base.py", line 576, in __matmul__
    return self.compose(other)
  File "C:\qiskit_envs\q0252\lib\site-packages\qiskit\opflow\state_fns\circuit_state_fn.py", line 154, in compose
    raise ValueError(
ValueError: Composition with a Statefunctions in the first operand is not defined.

----------------------------------------------------------------------
Ran 1 test in 4.180s

FAILED (errors=1)
