result.values [{'00': 64}, {'11': 64}, {'00': 64}]
counts [[64]
 [64]
 [64]]

test_batch_order_and_two_qubit_outcomes (__main__.Regression.test_batch_order_and_two_qubit_outcomes) ... C:\qiskit_envs\q0453\Lib\site-packages\qiskit\utils\algorithm_globals.py:170: DeprecationWarning: The class ``qiskit.utils.algorithm_globals.QiskitAlgorithmGlobals`` is deprecated as of qiskit 0.45.0. It will be removed no earlier than 3 months after the release date. This algorithm utility has been migrated to an independent package: https://github.com/qiskit-community/qiskit-algorithms. You can run ``pip install qiskit_algorithms`` and import ``from qiskit_algorithms.utils`` instead. 
  algorithm_globals = QiskitAlgorithmGlobals()
C:\qiskit_envs\q0453\Lib\site-packages\qiskit\utils\algorithm_globals.py:49: DeprecationWarning: The property ``qiskit.utils.algorithm_globals.QiskitAlgorithmGlobals.num_processes`` is deprecated as of qiskit 0.45.0. It will be removed no earlier than 3 months after the release date. This algorithm utility belongs to a legacy workflow and has no replacement.
  self.num_processes = settings.get("num_processes", QiskitAlgorithmGlobals.CPU_COUNT)
C:\qiskit_envs\q0453\Lib\site-packages\qiskit\utils\algorithm_globals.py:120: DeprecationWarning: The property ``qiskit.utils.algorithm_globals.QiskitAlgorithmGlobals.num_processes`` is deprecated as of qiskit 0.45.0. It will be removed no earlier than 3 months after the release date. This algorithm utility belongs to a legacy workflow and has no replacement.
  parallel.CPU_COUNT = self.num_processes
C:\APR2\llm_repair\llm_fixes\issue_803\llm_fix.py:28: PendingDeprecationWarning: The qiskit.Aer entry point will be deprecated in a future release and subsequently removed. Instead you should use this directly from the root of the qiskit-aer package.
  backend = Aer.get_backend('qasm_simulator')
C:\qiskit_envs\q0453\Lib\site-packages\qiskit_aer\backends\qasm_simulator.py:435: PendingDeprecationWarning: The `QasmSimulator` backend will be deprecated in the future. It has been superseded by the `AerSimulator` backend.
  warn(
C:\APR2\llm_repair\llm_fixes\issue_803\llm_fix.py:18: DeprecationWarning: The method ``qiskit.circuit.quantumcircuit.QuantumCircuit.bind_parameters()`` is deprecated as of qiskit 0.45.0. It will be removed no earlier than 3 months after the release date. Use assign_parameters() instead
  circuits = [self._circuit.bind_parameters({self.theta: theta}) for theta in thetas]
C:\qiskit_envs\q0453\Lib\site-packages\qiskit\utils\deprecation.py:183: PendingDeprecationWarning: Building a flow controller with keyword arguments is going to be deprecated. Custom controllers must be explicitly instantiated and appended to the task list.
  return func(*args, **kwargs)
C:\APR2\llm_repair\llm_fixes\issue_803\llm_fix.py:18: DeprecationWarning: The method ``qiskit.circuit.quantumcircuit.QuantumCircuit.bind_parameters()`` is deprecated as of qiskit 0.45.0. It will be removed no earlier than 3 months after the release date. Use assign_parameters() instead
  circuits = [self._circuit.bind_parameters({self.theta: theta}) for theta in thetas]
C:\qiskit_envs\q0453\Lib\site-packages\qiskit\utils\deprecation.py:183: PendingDeprecationWarning: Building a flow controller with keyword arguments is going to be deprecated. Custom controllers must be explicitly instantiated and appended to the task list.
  return func(*args, **kwargs)
ERROR
test_multiple_circuits_return_separate_histograms (__main__.Regression.test_multiple_circuits_return_separate_histograms) ... C:\APR2\llm_repair\llm_fixes\issue_803\llm_fix.py:18: DeprecationWarning: The method ``qiskit.circuit.quantumcircuit.QuantumCircuit.bind_parameters()`` is deprecated as of qiskit 0.45.0. It will be removed no earlier than 3 months after the release date. Use assign_parameters() instead
  circuits = [self._circuit.bind_parameters({self.theta: theta}) for theta in thetas]
C:\qiskit_envs\q0453\Lib\site-packages\qiskit\utils\deprecation.py:183: PendingDeprecationWarning: Building a flow controller with keyword arguments is going to be deprecated. Custom controllers must be explicitly instantiated and appended to the task list.
  return func(*args, **kwargs)
ERROR

======================================================================
ERROR: test_batch_order_and_two_qubit_outcomes (__main__.Regression.test_batch_order_and_two_qubit_outcomes)
----------------------------------------------------------------------
Traceback (most recent call last):
  File "C:\APR2\APR_code_gen\Part2_Create_test\reconstructed_cases\issue_803\test.py", line 36, in test_batch_order_and_two_qubit_outcomes
    self.assertEqual(counts, [{"00":64}, {"11":64}, {"00":64}])
  File "C:\Users\User\AppData\Local\Programs\Python\Python311\Lib\unittest\case.py", line 873, in assertEqual
    assertion_func(first, second, msg=msg)
  File "C:\Users\User\AppData\Local\Programs\Python\Python311\Lib\unittest\case.py", line 863, in _baseAssertEqual
    if not first == second:
           ^^^^^^^^^^^^^^^
ValueError: The truth value of an array with more than one element is ambiguous. Use a.any() or a.all()

======================================================================
ERROR: test_multiple_circuits_return_separate_histograms (__main__.Regression.test_multiple_circuits_return_separate_histograms)
----------------------------------------------------------------------
Traceback (most recent call last):
  File "C:\APR2\APR_code_gen\Part2_Create_test\reconstructed_cases\issue_803\test.py", line 22, in test_multiple_circuits_return_separate_histograms
    counts = m["qc"].run([0, np.pi/2, -np.pi/2])
             ^^^^^^^^^^^^^^^^^^^^^^^^^^^^^^^^^^^
  File "C:\APR2\llm_repair\llm_fixes\issue_803\llm_fix.py", line 22, in run
    counts = np.array([list(count_dict.values()) for count_dict in result])
             ^^^^^^^^^^^^^^^^^^^^^^^^^^^^^^^^^^^^^^^^^^^^^^^^^^^^^^^^^^^^^^
ValueError: setting an array element with a sequence. The requested array has an inhomogeneous shape after 1 dimensions. The detected shape was (3,) + inhomogeneous part.

----------------------------------------------------------------------
Ran 2 tests in 2.525s

FAILED (errors=2)
