
test_bound_circuit_semantics_and_qobj (__main__.TestIntent) ... C:\qiskit_envs\q0252\lib\site-packages\mpmath\ctx_mp.py:35: DeprecationWarning: mpnumeric is deprecated
  warnings.warn(f"{name} is deprecated", DeprecationWarning)
C:\qiskit_envs\q0252\lib\site-packages\mpmath\rational.py:4: DeprecationWarning: the rational private module is deprecated
  warnings.warn("the rational private module is deprecated",
ERROR

======================================================================
ERROR: test_bound_circuit_semantics_and_qobj (__main__.TestIntent)
----------------------------------------------------------------------
Traceback (most recent call last):
  File "C:\APR2\APR_code_gen\Part2_Create_test\reconstructed_cases\issue_596\test.py", line 22, in test_bound_circuit_semantics_and_qobj
    ns = load_target()
  File "C:\APR2\APR_code_gen\Part2_Create_test\reconstructed_cases\issue_596\test.py", line 15, in load_target
    return runpy.run_path(MUT)
  File "C:\Users\User\AppData\Local\Programs\Python\Python39\lib\runpy.py", line 288, in run_path
    return _run_module_code(code, init_globals, run_name,
  File "C:\Users\User\AppData\Local\Programs\Python\Python39\lib\runpy.py", line 97, in _run_module_code
    _run_code(code, mod_globals, init_globals,
  File "C:\Users\User\AppData\Local\Programs\Python\Python39\lib\runpy.py", line 87, in _run_code
    exec(code, run_globals)
  File "C:\APR2\APR_code_gen\Part2_Create_test\reconstructed_cases\issue_596\buggy.py", line 34, in <module>
    qobj = assemble(qc, shots=10)
  File "C:\qiskit_envs\q0252\lib\site-packages\qiskit\compiler\assembler.py", line 150, in assemble
    bound_experiments, run_config = _expand_parameters(circuits=experiments,
  File "C:\qiskit_envs\q0252\lib\site-packages\qiskit\compiler\assembler.py", line 441, in _expand_parameters
    raise QiskitError(
qiskit.exceptions.QiskitError: 'Mismatch between run_config.parameter_binds and all circuit parameters. Parameter binds: [] Circuit parameters: [ParameterView([ParameterVectorElement(p[0]), ParameterVectorElement(p[1]), ParameterVectorElement(th[0]), ParameterVectorElement(th[1])])]'

----------------------------------------------------------------------
Ran 1 test in 2.692s

FAILED (errors=1)
