
test_exact_negative_h_tensor_h_not_just_global_equivalence (__main__.Regression.test_exact_negative_h_tensor_h_not_just_global_equivalence) ... C:\qiskit_envs\q0463\Lib\site-packages\qiskit\utils\algorithm_globals.py:20: DeprecationWarning: Accessing 'parallel' from 'qiskit.tools' is deprecated since Qiskit 0.46.0 and will be removed in Qiskit 1.0.0. Import from 'qiskit.utils.parallel' instead 
  from qiskit.tools import parallel
C:\qiskit_envs\q0463\Lib\site-packages\qiskit\utils\parallel.py:58: DeprecationWarning: qiskit.tools.events is deprecated and will be removed in Qiskit 1.0.0
  from qiskit.tools.events.pubsub import Publisher
C:\qiskit_envs\q0463\Lib\site-packages\qiskit\utils\algorithm_globals.py:20: DeprecationWarning: 'qiskit.tools.parallel' is deprecated and is now located at 'qiskit.utils.parallel'. This path will no longer work in Qiskit 1.0.0
  from qiskit.tools import parallel
C:\qiskit_envs\q0463\Lib\site-packages\qiskit\utils\algorithm_globals.py:178: DeprecationWarning: The class ``qiskit.utils.algorithm_globals.QiskitAlgorithmGlobals`` is deprecated as of qiskit 0.45.0. It will be removed in the Qiskit 1.0 release. This algorithm utility has been migrated to an independent package: https://github.com/qiskit-community/qiskit-algorithms. You can run ``pip install qiskit_algorithms`` and import ``from qiskit_algorithms.utils`` instead. 
  algorithm_globals = QiskitAlgorithmGlobals()
C:\qiskit_envs\q0463\Lib\site-packages\qiskit\utils\algorithm_globals.py:50: DeprecationWarning: The property ``qiskit.utils.algorithm_globals.QiskitAlgorithmGlobals.num_processes`` is deprecated as of qiskit 0.45.0. It will be removed in the Qiskit 1.0 release. This algorithm utility belongs to a legacy workflow and has no replacement.
  self.num_processes = settings.get("num_processes", QiskitAlgorithmGlobals.CPU_COUNT)
C:\qiskit_envs\q0463\Lib\site-packages\qiskit\utils\algorithm_globals.py:125: DeprecationWarning: The property ``qiskit.utils.algorithm_globals.QiskitAlgorithmGlobals.num_processes`` is deprecated as of qiskit 0.45.0. It will be removed in the Qiskit 1.0 release. This algorithm utility belongs to a legacy workflow and has no replacement.
  parallel.CPU_COUNT = self.num_processes
C:\qiskit_envs\q0463\Lib\site-packages\qiskit\converters\ast_to_dag.py:23: DeprecationWarning: The `qiskit.qasm` has been deprecated and superseded by the `qiskit.qasm2` module. `qiskit.qasm` will be removed in the Qiskit 1.0.0 release.
  from qiskit.qasm.node.real import Real

  test_exact_negative_h_tensor_h_not_just_global_equivalence (__main__.Regression.test_exact_negative_h_tensor_h_not_just_global_equivalence) (circuit='qc') ... FAIL
  test_exact_negative_h_tensor_h_not_just_global_equivalence (__main__.Regression.test_exact_negative_h_tensor_h_not_just_global_equivalence) (circuit='qc2') ... ERROR

======================================================================
ERROR: test_exact_negative_h_tensor_h_not_just_global_equivalence (__main__.Regression.test_exact_negative_h_tensor_h_not_just_global_equivalence) (circuit='qc2')
----------------------------------------------------------------------
Traceback (most recent call last):
  File "C:\APR2\APR_code_gen\Part2_Create_test\reconstructed_cases\issue_958\test.py", line 27, in test_exact_negative_h_tensor_h_not_just_global_equivalence
    np.testing.assert_allclose(Operator(m[name]).data, expected, atol=1e-12)
                                        ~^^^^^^
KeyError: 'qc2'

======================================================================
FAIL: test_exact_negative_h_tensor_h_not_just_global_equivalence (__main__.Regression.test_exact_negative_h_tensor_h_not_just_global_equivalence) (circuit='qc')
----------------------------------------------------------------------
Traceback (most recent call last):
  File "C:\APR2\APR_code_gen\Part2_Create_test\reconstructed_cases\issue_958\test.py", line 27, in test_exact_negative_h_tensor_h_not_just_global_equivalence
    np.testing.assert_allclose(Operator(m[name]).data, expected, atol=1e-12)
  File "C:\qiskit_envs\q0463\Lib\site-packages\numpy\testing\_private\utils.py", line 1768, in assert_allclose
    assert_array_compare(compare, actual, desired, err_msg=str(err_msg),
  File "C:\qiskit_envs\q0463\Lib\site-packages\numpy\testing\_private\utils.py", line 983, in assert_array_compare
    raise AssertionError(msg)
AssertionError: 
Not equal to tolerance rtol=1e-07, atol=1e-12

Mismatched elements: 16 / 16 (100%)
First 5 mismatches are at indices:
 [0, 0]: (0.9999999999999997+0j) (ACTUAL), -0.4999999999999999 (DESIRED)
 [0, 1]: 0j (ACTUAL), -0.4999999999999999 (DESIRED)
 [0, 2]: 0j (ACTUAL), -0.4999999999999999 (DESIRED)
 [0, 3]: 0j (ACTUAL), -0.4999999999999999 (DESIRED)
 [1, 0]: 0j (ACTUAL), -0.4999999999999999 (DESIRED)
Max absolute difference among violations: 1.5
Max relative difference among violations: 3.
 ACTUAL: array([[1.+0.j, 0.+0.j, 0.+0.j, 0.+0.j],
       [0.+0.j, 1.+0.j, 0.+0.j, 0.+0.j],
       [0.+0.j, 0.+0.j, 1.+0.j, 0.+0.j],
       [0.+0.j, 0.+0.j, 0.+0.j, 1.+0.j]])
 DESIRED: array([[-0.5, -0.5, -0.5, -0.5],
       [-0.5,  0.5, -0.5,  0.5],
       [-0.5, -0.5,  0.5,  0.5],
       [-0.5,  0.5,  0.5, -0.5]])

----------------------------------------------------------------------
Ran 1 test in 2.297s

FAILED (failures=1, errors=1)
