
test_ghz_outcomes_any_register_layout (__main__.T.test_ghz_outcomes_any_register_layout) ... C:\qiskit_envs\q0451\Lib\site-packages\qiskit\utils\algorithm_globals.py:170: DeprecationWarning: The class ``qiskit.utils.algorithm_globals.QiskitAlgorithmGlobals`` is deprecated as of qiskit 0.45.0. It will be removed no earlier than 3 months after the release date. This algorithm utility has been migrated to an independent package: https://github.com/qiskit-community/qiskit-algorithms. You can run ``pip install qiskit_algorithms`` and import ``from qiskit_algorithms.utils`` instead. 
  algorithm_globals = QiskitAlgorithmGlobals()
C:\qiskit_envs\q0451\Lib\site-packages\qiskit\utils\algorithm_globals.py:49: DeprecationWarning: The property ``qiskit.utils.algorithm_globals.QiskitAlgorithmGlobals.num_processes`` is deprecated as of qiskit 0.45.0. It will be removed no earlier than 3 months after the release date. This algorithm utility belongs to a legacy workflow and has no replacement.
  self.num_processes = settings.get("num_processes", QiskitAlgorithmGlobals.CPU_COUNT)
C:\qiskit_envs\q0451\Lib\site-packages\qiskit\utils\algorithm_globals.py:120: DeprecationWarning: The property ``qiskit.utils.algorithm_globals.QiskitAlgorithmGlobals.num_processes`` is deprecated as of qiskit 0.45.0. It will be removed no earlier than 3 months after the release date. This algorithm utility belongs to a legacy workflow and has no replacement.
  parallel.CPU_COUNT = self.num_processes
C:\APR2\APR_code_gen\Part2_Create_test\reconstructed_cases\issue_747\buggy.py:11: PendingDeprecationWarning: The qiskit.Aer entry point will be deprecated in a future release and subsequently removed. Instead you should use this directly from the root of the qiskit-aer package.
  backend = Aer.get_backend("qasm_simulator")
C:\qiskit_envs\q0451\Lib\site-packages\qiskit_aer\backends\qasm_simulator.py:435: PendingDeprecationWarning: The `QasmSimulator` backend will be deprecated in the future. It has been superseded by the `AerSimulator` backend.
  warn(
C:\qiskit_envs\q0451\Lib\site-packages\qiskit\utils\deprecation.py:183: PendingDeprecationWarning: Building a flow controller with keyword arguments is going to be deprecated. Custom controllers must be explicitly instantiated and appended to the task list.
  return func(*args, **kwargs)
ERROR

======================================================================
ERROR: test_ghz_outcomes_any_register_layout (__main__.T.test_ghz_outcomes_any_register_layout)
----------------------------------------------------------------------
Traceback (most recent call last):
  File "C:\APR2\llm_repair\updated_tests\issue_747_test.py", line 8, in test_ghz_outcomes_any_register_layout
    ns = runpy.run_path(os.environ["MUT"])
         ^^^^^^^^^^^^^^^^^^^^^^^^^^^^^^^^^
  File "<frozen runpy>", line 291, in run_path
  File "<frozen runpy>", line 98, in _run_module_code
  File "<frozen runpy>", line 88, in _run_code
  File "C:\APR2\APR_code_gen\Part2_Create_test\reconstructed_cases\issue_747\buggy.py", line 14, in <module>
    counts = result.get_counts(circ)
             ^^^^^^^^^^^^^^^^^^^^^^^
  File "C:\qiskit_envs\q0451\Lib\site-packages\qiskit\result\result.py", line 289, in get_counts
    raise QiskitError(f'No counts for experiment "{repr(key)}"')
qiskit.exceptions.QiskitError: 'No counts for experiment "<qiskit.circuit.quantumcircuit.QuantumCircuit object at 0x00000265C81220D0>"'

----------------------------------------------------------------------
Ran 1 test in 3.989s

FAILED (errors=1)
