
test_clean_home (__main__.TestIntent) ... FAIL
test_existing_profile_missing_kernel_config (__main__.TestIntent) ... FAIL
test_preserves_existing_qiskit_settings (__main__.TestIntent) ... FAIL

======================================================================
FAIL: test_clean_home (__main__.TestIntent)
----------------------------------------------------------------------
Traceback (most recent call last):
  File "C:\APR2\APR_code_gen\Part2_Create_test\reconstructed_cases\issue_096\test.py", line 57, in test_clean_home
    self.check_configuration()
  File "C:\APR2\APR_code_gen\Part2_Create_test\reconstructed_cases\issue_096\test.py", line 51, in check_configuration
    self.assertEqual(settings.read_text(encoding="utf-8"), expected)
AssertionError: '' != '[default]\n'
+ [default]


======================================================================
FAIL: test_existing_profile_missing_kernel_config (__main__.TestIntent)
----------------------------------------------------------------------
Traceback (most recent call last):
  File "C:\APR2\APR_code_gen\Part2_Create_test\reconstructed_cases\issue_096\test.py", line 63, in test_existing_profile_missing_kernel_config
    self.check_configuration(existing_profile=True)
  File "C:\APR2\APR_code_gen\Part2_Create_test\reconstructed_cases\issue_096\test.py", line 51, in check_configuration
    self.assertEqual(settings.read_text(encoding="utf-8"), expected)
AssertionError: '' != '[default]\n'
+ [default]


======================================================================
FAIL: test_preserves_existing_qiskit_settings (__main__.TestIntent)
----------------------------------------------------------------------
Traceback (most recent call last):
  File "C:\APR2\APR_code_gen\Part2_Create_test\reconstructed_cases\issue_096\test.py", line 60, in test_preserves_existing_qiskit_settings
    self.check_configuration(existing_settings=True)
  File "C:\APR2\APR_code_gen\Part2_Create_test\reconstructed_cases\issue_096\test.py", line 53, in check_configuration
    self.assertTrue((profile/"ipython_kernel_config.py").is_file(),
AssertionError: False is not true : Missing ipython_kernel_config.py (even when the profile directory already exists)

----------------------------------------------------------------------
Ran 3 tests in 0.026s

FAILED (failures=3)
