
test_parameter_count_and_independent_binding (__main__.TestIntent.test_parameter_count_and_independent_binding) ... C:\APR2\APR_code_gen\Part2_Create_test\reconstructed_cases\issue_233\buggy.py:6: PendingDeprecationWarning: The class ``qiskit.circuit.library.n_local.two_local.TwoLocal`` is pending deprecation as of Qiskit 1.3. It will be marked deprecated in a future release, and then removed no earlier than 3 months after the release date. Use the function qiskit.circuit.library.n_local instead.
  rot = TwoLocal(
C:\qiskit_envs\q200\Lib\site-packages\qiskit\circuit\library\n_local\two_local.py:216: PendingDeprecationWarning: The class ``qiskit.circuit.library.n_local.n_local.NLocal`` is pending deprecation as of Qiskit 1.3. It will be marked deprecated in a future release, and then removed no earlier than 3 months after the release date. Use the function qiskit.circuit.library.n_local instead.
  super().__init__(
C:\APR2\APR_code_gen\Part2_Create_test\reconstructed_cases\issue_233\buggy.py:14: PendingDeprecationWarning: The class ``qiskit.circuit.library.n_local.two_local.TwoLocal`` is pending deprecation as of Qiskit 1.3. It will be marked deprecated in a future release, and then removed no earlier than 3 months after the release date. Use the function qiskit.circuit.library.n_local instead.
  var = TwoLocal(
ERROR

======================================================================
ERROR: test_parameter_count_and_independent_binding (__main__.TestIntent.test_parameter_count_and_independent_binding)
----------------------------------------------------------------------
Traceback (most recent call last):
  File "C:\APR2\APR_code_gen\Part2_Create_test\reconstructed_cases\issue_233\test.py", line 24, in test_parameter_count_and_independent_binding
    ns = runpy.run_path(MUT)
         ^^^^^^^^^^^^^^^^^^^
  File "<frozen runpy>", line 287, in run_path
  File "<frozen runpy>", line 98, in _run_module_code
  File "<frozen runpy>", line 88, in _run_code
  File "C:\APR2\APR_code_gen\Part2_Create_test\reconstructed_cases\issue_233\buggy.py", line 23, in <module>
    print(rot.num_parameters_settable())  # >> 2
          ^^^^^^^^^^^^^^^^^^^^^^^^^^^^^
TypeError: 'int' object is not callable

----------------------------------------------------------------------
Ran 1 test in 0.024s

FAILED (errors=1)
