
test_options_and_bell_sampling (__main__.TestIntent.test_options_and_bell_sampling) ... ERROR

======================================================================
ERROR: test_options_and_bell_sampling (__main__.TestIntent.test_options_and_bell_sampling)
----------------------------------------------------------------------
Traceback (most recent call last):
  File "C:\APR2\APR_code_gen\Part2_Create_test\reconstructed_cases\issue_315\test.py", line 29, in test_options_and_bell_sampling
    ns=load_target()
       ^^^^^^^^^^^^^
  File "C:\APR2\APR_code_gen\Part2_Create_test\reconstructed_cases\issue_315\test.py", line 14, in load_target
    return runpy.run_path(MUT)
           ^^^^^^^^^^^^^^^^^^^
  File "<frozen runpy>", line 291, in run_path
  File "<frozen runpy>", line 98, in _run_module_code
  File "<frozen runpy>", line 88, in _run_code
  File "C:\APR2\llm_repair\llm_fixes\issue_315\llm_astra6_fix.py", line 2, in <module>
    from qiskit.providers.basic_provider import BasicProvider
ModuleNotFoundError: No module named 'qiskit.providers.basic_provider'

----------------------------------------------------------------------
Ran 1 test in 0.004s

FAILED (errors=1)
