
test_operator_dimension_and_diagonality (__main__.Regression.test_operator_dimension_and_diagonality) ... C:\qiskit_envs\q0463\Lib\site-packages\qiskit\utils\algorithm_globals.py:20: DeprecationWarning: Accessing 'parallel' from 'qiskit.tools' is deprecated since Qiskit 0.46.0 and will be removed in Qiskit 1.0.0. Import from 'qiskit.utils.parallel' instead 
  from qiskit.tools import parallel
C:\qiskit_envs\q0463\Lib\site-packages\qiskit\utils\parallel.py:58: DeprecationWarning: qiskit.tools.events is deprecated and will be removed in Qiskit 1.0.0
  from qiskit.tools.events.pubsub import Publisher
C:\qiskit_envs\q0463\Lib\site-packages\qiskit\utils\algorithm_globals.py:20: DeprecationWarning: 'qiskit.tools.parallel' is deprecated and is now located at 'qiskit.utils.parallel'. This path will no longer work in Qiskit 1.0.0
  from qiskit.tools import parallel
C:\qiskit_envs\q0463\Lib\site-packages\qiskit\utils\algorithm_globals.py:178: DeprecationWarning: The class ``qiskit.utils.algorithm_globals.QiskitAlgorithmGlobals`` is deprecated as of qiskit 0.45.0. It will be removed in the Qiskit 1.0 release. This algorithm utility has been migrated to an independent package: https://github.com/qiskit-community/qiskit-algorithms. You can run ``pip install qiskit_algorithms`` and import ``from qiskit_algorithms.utils`` instead. 
  algorithm_globals = QiskitAlgorithmGlobals()
C:\qiskit_envs\q0463\Lib\site-packages\qiskit\utils\algorithm_globals.py:50: DeprecationWarning: The property ``qiskit.utils.algorithm_globals.QiskitAlgorithmGlobals.num_processes`` is deprecated as of qiskit 0.45.0. It will be removed in the Qiskit 1.0 release. This algorithm utility belongs to a legacy workflow and has no replacement.
  self.num_processes = settings.get("num_processes", QiskitAlgorithmGlobals.CPU_COUNT)
C:\qiskit_envs\q0463\Lib\site-packages\qiskit\utils\algorithm_globals.py:125: DeprecationWarning: The property ``qiskit.utils.algorithm_globals.QiskitAlgorithmGlobals.num_processes`` is deprecated as of qiskit 0.45.0. It will be removed in the Qiskit 1.0 release. This algorithm utility belongs to a legacy workflow and has no replacement.
  parallel.CPU_COUNT = self.num_processes
C:\qiskit_envs\q0463\Lib\site-packages\qiskit\converters\ast_to_dag.py:23: DeprecationWarning: The `qiskit.qasm` has been deprecated and superseded by the `qiskit.qasm2` module. `qiskit.qasm` will be removed in the Qiskit 1.0.0 release.
  from qiskit.qasm.node.real import Real
FAIL
test_z_acts_on_requested_qiskit_qubits_i_plus_one_to_j_minus_one (__main__.Regression.test_z_acts_on_requested_qiskit_qubits_i_plus_one_to_j_minus_one) ... FAIL

======================================================================
FAIL: test_operator_dimension_and_diagonality (__main__.Regression.test_operator_dimension_and_diagonality)
----------------------------------------------------------------------
Traceback (most recent call last):
  File "C:\APR2\APR_code_gen\Part2_Create_test\reconstructed_cases\issue_950\test.py", line 25, in test_operator_dimension_and_diagonality
    np.testing.assert_allclose(abs(np.diag(data)), np.ones(1024), atol=1e-12)
  File "C:\qiskit_envs\q0463\Lib\site-packages\numpy\testing\_private\utils.py", line 1768, in assert_allclose
    assert_array_compare(compare, actual, desired, err_msg=str(err_msg),
  File "C:\qiskit_envs\q0463\Lib\site-packages\numpy\testing\_private\utils.py", line 983, in assert_array_compare
    raise AssertionError(msg)
AssertionError: 
Not equal to tolerance rtol=1e-07, atol=1e-12

Mismatched elements: 1024 / 1024 (100%)
First 5 mismatches are at indices:
 [0]: 2.0 (ACTUAL), 1.0 (DESIRED)
 [1]: 2.0 (ACTUAL), 1.0 (DESIRED)
 [2]: 2.0 (ACTUAL), 1.0 (DESIRED)
 [3]: 2.0 (ACTUAL), 1.0 (DESIRED)
 [4]: 2.0 (ACTUAL), 1.0 (DESIRED)
Max absolute difference among violations: 1.
Max relative difference among violations: 1.
 ACTUAL: array([2., 2., 2., ..., 0., 0., 0.], shape=(1024,))
 DESIRED: array([1., 1., 1., ..., 1., 1., 1.], shape=(1024,))

======================================================================
FAIL: test_z_acts_on_requested_qiskit_qubits_i_plus_one_to_j_minus_one (__main__.Regression.test_z_acts_on_requested_qiskit_qubits_i_plus_one_to_j_minus_one)
----------------------------------------------------------------------
Traceback (most recent call last):
  File "C:\APR2\APR_code_gen\Part2_Create_test\reconstructed_cases\issue_950\test.py", line 33, in test_z_acts_on_requested_qiskit_qubits_i_plus_one_to_j_minus_one
    np.testing.assert_allclose(diagonal, expected, atol=1e-12,
  File "C:\qiskit_envs\q0463\Lib\site-packages\numpy\testing\_private\utils.py", line 1768, in assert_allclose
    assert_array_compare(compare, actual, desired, err_msg=str(err_msg),
  File "C:\qiskit_envs\q0463\Lib\site-packages\numpy\testing\_private\utils.py", line 983, in assert_array_compare
    raise AssertionError(msg)
AssertionError: 
Not equal to tolerance rtol=1e-07, atol=1e-12
Requested Z on qubits 3..7, not on qubits 2..6
Mismatched elements: 1024 / 1024 (100%)
First 5 mismatches are at indices:
 [0]: (2+0j) (ACTUAL), 1 (DESIRED)
 [1]: (2+0j) (ACTUAL), 1 (DESIRED)
 [2]: (2+0j) (ACTUAL), 1 (DESIRED)
 [3]: (2+0j) (ACTUAL), 1 (DESIRED)
 [4]: (2+0j) (ACTUAL), 1 (DESIRED)
Max absolute difference among violations: 1.
Max relative difference among violations: 1.
 ACTUAL: array([2.+0.j, 2.+0.j, 2.+0.j, ..., 0.+0.j, 0.+0.j, 0.+0.j], shape=(1024,))
 DESIRED: array([ 1,  1,  1, ..., -1, -1, -1], shape=(1024,))

----------------------------------------------------------------------
Ran 2 tests in 4.980s

FAILED (failures=2)
