
test_options_and_bell_sampling (__main__.TestIntent.test_options_and_bell_sampling) ... C:\qiskit_envs\q124\Lib\site-packages\qiskit\providers\basic_provider\basic_provider.py:42: DeprecationWarning: The class ``qiskit.providers.provider.Provider`` is deprecated as of qiskit 1.1. It will be removed no earlier than 3 months after the release date. The abstract Provider and ProviderV1 classes are deprecated and will be removed in 2.0. You can just remove it as the parent class and a `get_backend` method that returns the backends from `self.backend`.
  super().__init__()
C:\qiskit_envs\q124\Lib\site-packages\qiskit\providers\basic_provider\basic_provider.py:48: DeprecationWarning: The method ``qiskit.providers.provider.ProviderV1.get_backend()`` is deprecated as of qiskit 1.1. It will be removed no earlier than 3 months after the release date. The abstract Provider and ProviderV1 classes are deprecated and will  be removed in 2.0. You can just remove it as the parent class and a `get_backend` method that returns the backends from `self.backend`.
  return super().get_backend(name=name, **kwargs)
ERROR

======================================================================
ERROR: test_options_and_bell_sampling (__main__.TestIntent.test_options_and_bell_sampling)
----------------------------------------------------------------------
Traceback (most recent call last):
  File "C:\APR2\APR_code_gen\Part2_Create_test\reconstructed_cases\issue_315\test.py", line 29, in test_options_and_bell_sampling
    ns=load_target()
       ^^^^^^^^^^^^^
  File "C:\APR2\APR_code_gen\Part2_Create_test\reconstructed_cases\issue_315\test.py", line 14, in load_target
    return runpy.run_path(MUT)
           ^^^^^^^^^^^^^^^^^^^
  File "<frozen runpy>", line 287, in run_path
  File "<frozen runpy>", line 98, in _run_module_code
  File "<frozen runpy>", line 88, in _run_code
  File "C:\APR2\APR_code_gen\Part2_Create_test\reconstructed_cases\issue_315\buggy.py", line 14, in <module>
    backend.set_options(
  File "C:\qiskit_envs\q124\Lib\site-packages\qiskit\providers\backend.py", line 610, in set_options
    raise AttributeError(f"Options field {field} is not valid for this backend")
AttributeError: Options field max_parallel_threads is not valid for this backend

----------------------------------------------------------------------
Ran 1 test in 0.026s

FAILED (errors=1)
