<class 'qiskit.quantum_info.states.statevector.Statevector'>
<class 'numpy.ndarray'>
[ 0.621-0.j -0.339+0.j  0.339-0.j  0.621-0.j]

test_normalized_state_and_zero_pure_entropy (__main__.TestEntropy) ... C:\qiskit_envs\q0253\lib\site-packages\mpmath\ctx_mp.py:35: DeprecationWarning: mpnumeric is deprecated
  warnings.warn(f"{name} is deprecated", DeprecationWarning)
C:\qiskit_envs\q0253\lib\site-packages\mpmath\rational.py:4: DeprecationWarning: the rational private module is deprecated
  warnings.warn("the rational private module is deprecated",
ERROR

======================================================================
ERROR: test_normalized_state_and_zero_pure_entropy (__main__.TestEntropy)
----------------------------------------------------------------------
Traceback (most recent call last):
  File "C:\APR2\APR_code_gen\Part2_Create_test\reconstructed_cases\issue_344\test.py", line 14, in test_normalized_state_and_zero_pure_entropy
    m = load_target()
  File "C:\APR2\APR_code_gen\Part2_Create_test\reconstructed_cases\issue_344\test.py", line 9, in load_target
    return runpy.run_path(os.environ.get("MUT", str(Path(__file__).with_name("fixed.py"))), run_name="__main__")
  File "C:\Users\User\AppData\Local\Programs\Python\Python39\lib\runpy.py", line 288, in run_path
    return _run_module_code(code, init_globals, run_name,
  File "C:\Users\User\AppData\Local\Programs\Python\Python39\lib\runpy.py", line 97, in _run_module_code
    _run_code(code, mod_globals, init_globals,
  File "C:\Users\User\AppData\Local\Programs\Python\Python39\lib\runpy.py", line 87, in _run_code
    exec(code, run_globals)
  File "C:\APR2\APR_code_gen\Part2_Create_test\reconstructed_cases\issue_344\buggy.py", line 19, in <module>
    print(quantum_info.entropy(outputstate6))
  File "C:\qiskit_envs\q0253\lib\site-packages\qiskit\quantum_info\states\measures.py", line 118, in entropy
    state = _format_state(state, validate=True)
  File "C:\qiskit_envs\q0253\lib\site-packages\qiskit\quantum_info\states\utils.py", line 134, in _format_state
    raise QiskitError("Input quantum state is not a valid")
qiskit.exceptions.QiskitError: 'Input quantum state is not a valid'

----------------------------------------------------------------------
Ran 1 test in 10.018s

FAILED (errors=1)
