
test_controlled_preparation_semantics (__main__.TestIntent) ... ERROR
test_preserves_requested_two_controls (__main__.TestIntent) ... ERROR

======================================================================
ERROR: test_controlled_preparation_semantics (__main__.TestIntent)
----------------------------------------------------------------------
Traceback (most recent call last):
  File "C:\APR2\APR_code_gen\Part2_Create_test\reconstructed_cases\issue_157\test.py", line 32, in test_controlled_preparation_semantics
    gate = produced_gate(load_target())
  File "C:\APR2\APR_code_gen\Part2_Create_test\reconstructed_cases\issue_157\test.py", line 18, in load_target
    return runpy.run_path(MUT)
  File "C:\Users\User\AppData\Local\Programs\Python\Python39\lib\runpy.py", line 288, in run_path
    return _run_module_code(code, init_globals, run_name,
  File "C:\Users\User\AppData\Local\Programs\Python\Python39\lib\runpy.py", line 97, in _run_module_code
    _run_code(code, mod_globals, init_globals,
  File "C:\Users\User\AppData\Local\Programs\Python\Python39\lib\runpy.py", line 87, in _run_code
    exec(code, run_globals)
  File "C:\APR2\llm_repair\llm_fixes\issue_157\llm_fix.py", line 7, in <module>
    qc_gate.prepare_state(state, [0, 1])
AttributeError: 'QuantumCircuit' object has no attribute 'prepare_state'

======================================================================
ERROR: test_preserves_requested_two_controls (__main__.TestIntent)
----------------------------------------------------------------------
Traceback (most recent call last):
  File "C:\APR2\APR_code_gen\Part2_Create_test\reconstructed_cases\issue_157\test.py", line 52, in test_preserves_requested_two_controls
    gate = produced_gate(load_target())
  File "C:\APR2\APR_code_gen\Part2_Create_test\reconstructed_cases\issue_157\test.py", line 18, in load_target
    return runpy.run_path(MUT)
  File "C:\Users\User\AppData\Local\Programs\Python\Python39\lib\runpy.py", line 288, in run_path
    return _run_module_code(code, init_globals, run_name,
  File "C:\Users\User\AppData\Local\Programs\Python\Python39\lib\runpy.py", line 97, in _run_module_code
    _run_code(code, mod_globals, init_globals,
  File "C:\Users\User\AppData\Local\Programs\Python\Python39\lib\runpy.py", line 87, in _run_code
    exec(code, run_globals)
  File "C:\APR2\llm_repair\llm_fixes\issue_157\llm_fix.py", line 7, in <module>
    qc_gate.prepare_state(state, [0, 1])
AttributeError: 'QuantumCircuit' object has no attribute 'prepare_state'

----------------------------------------------------------------------
Ran 2 tests in 0.003s

FAILED (errors=2)
