
test_actual_aer_execution_and_zero_control (__main__.Regression.test_actual_aer_execution_and_zero_control) ... C:\qiskit_envs\q0451\Lib\site-packages\qiskit\utils\algorithm_globals.py:170: DeprecationWarning: The class ``qiskit.utils.algorithm_globals.QiskitAlgorithmGlobals`` is deprecated as of qiskit 0.45.0. It will be removed no earlier than 3 months after the release date. This algorithm utility has been migrated to an independent package: https://github.com/qiskit-community/qiskit-algorithms. You can run ``pip install qiskit_algorithms`` and import ``from qiskit_algorithms.utils`` instead. 
  algorithm_globals = QiskitAlgorithmGlobals()
C:\qiskit_envs\q0451\Lib\site-packages\qiskit\utils\algorithm_globals.py:49: DeprecationWarning: The property ``qiskit.utils.algorithm_globals.QiskitAlgorithmGlobals.num_processes`` is deprecated as of qiskit 0.45.0. It will be removed no earlier than 3 months after the release date. This algorithm utility belongs to a legacy workflow and has no replacement.
  self.num_processes = settings.get("num_processes", QiskitAlgorithmGlobals.CPU_COUNT)
C:\qiskit_envs\q0451\Lib\site-packages\qiskit\utils\algorithm_globals.py:120: DeprecationWarning: The property ``qiskit.utils.algorithm_globals.QiskitAlgorithmGlobals.num_processes`` is deprecated as of qiskit 0.45.0. It will be removed no earlier than 3 months after the release date. This algorithm utility belongs to a legacy workflow and has no replacement.
  parallel.CPU_COUNT = self.num_processes
C:\qiskit_envs\q0451\Lib\site-packages\qiskit_aer\backends\qasm_simulator.py:435: PendingDeprecationWarning: The `QasmSimulator` backend will be deprecated in the future. It has been superseded by the `AerSimulator` backend.
  warn(
C:\qiskit_envs\q0451\Lib\site-packages\qiskit\utils\deprecation.py:183: PendingDeprecationWarning: Building a flow controller with keyword arguments is going to be deprecated. Custom controllers must be explicitly instantiated and appended to the task list.
  return func(*args, **kwargs)
FAIL
test_transpilation_preserves_full_controlled_rotation (__main__.Regression.test_transpilation_preserves_full_controlled_rotation) ... ERROR

======================================================================
ERROR: test_transpilation_preserves_full_controlled_rotation (__main__.Regression.test_transpilation_preserves_full_controlled_rotation)
----------------------------------------------------------------------
Traceback (most recent call last):
  File "C:\APR2\APR_code_gen\Part2_Create_test\reconstructed_cases\issue_886\test.py", line 29, in test_transpilation_preserves_full_controlled_rotation
    qc = m["transpile_circ"].remove_final_measurements(inplace=False)
         ~^^^^^^^^^^^^^^^^^^
KeyError: 'transpile_circ'

======================================================================
FAIL: test_actual_aer_execution_and_zero_control (__main__.Regression.test_actual_aer_execution_and_zero_control)
----------------------------------------------------------------------
Traceback (most recent call last):
  File "C:\APR2\APR_code_gen\Part2_Create_test\reconstructed_cases\issue_886\test.py", line 24, in test_actual_aer_execution_and_zero_control
    self.assertEqual(result.get_counts(), {"00":1024})
AssertionError: {'00 00': 1024} != {'00': 1024}

----------------------------------------------------------------------
Ran 2 tests in 2.586s

FAILED (failures=1, errors=1)
