
test_reduced_density_matrix (__main__.TestIntent) ... C:\qiskit_envs\q0250\lib\site-packages\mpmath\ctx_mp.py:35: DeprecationWarning: mpnumeric is deprecated
  warnings.warn(f"{name} is deprecated", DeprecationWarning)
C:\qiskit_envs\q0250\lib\site-packages\mpmath\rational.py:4: DeprecationWarning: the rational private module is deprecated
  warnings.warn("the rational private module is deprecated",
ERROR

======================================================================
ERROR: test_reduced_density_matrix (__main__.TestIntent)
----------------------------------------------------------------------
Traceback (most recent call last):
  File "C:\APR2\APR_code_gen\Part2_Create_test\reconstructed_cases\issue_155\test.py", line 21, in test_reduced_density_matrix
    ns = load_target()
  File "C:\APR2\APR_code_gen\Part2_Create_test\reconstructed_cases\issue_155\test.py", line 14, in load_target
    return runpy.run_path(MUT)
  File "C:\Users\User\AppData\Local\Programs\Python\Python39\lib\runpy.py", line 288, in run_path
    return _run_module_code(code, init_globals, run_name,
  File "C:\Users\User\AppData\Local\Programs\Python\Python39\lib\runpy.py", line 97, in _run_module_code
    _run_code(code, mod_globals, init_globals,
  File "C:\Users\User\AppData\Local\Programs\Python\Python39\lib\runpy.py", line 87, in _run_code
    exec(code, run_globals)
  File "C:\APR2\APR_code_gen\Part2_Create_test\reconstructed_cases\issue_155\buggy.py", line 28, in <module>
    density_matrix = partial_trace(result.get_statevector(), traced_over_registers)
  File "C:\qiskit_envs\q0250\lib\site-packages\qiskit\quantum_info\states\utils.py", line 46, in partial_trace
    traced_shape = state._op_shape.remove(qargs=qargs)
  File "C:\qiskit_envs\q0250\lib\site-packages\qiskit\quantum_info\operators\op_shape.py", line 336, in remove
    if qargs_l and max(qargs_l) >= self._num_qargs_l:
TypeError: '>' not supported between instances of 'QuantumRegister' and 'QuantumRegister'

----------------------------------------------------------------------
Ran 1 test in 7.006s

FAILED (errors=1)
